Microchip MPLAB XC8 Compiler V1.45 ()

Linker command line:

-W-3 --edf=C:\Program Files (x86)\Microchip\xc8\v1.45\dat\en_msgs.txt -cs \
  -h+dist/default/debug\napping_light.X.debug.sym \
  --cmf=dist/default/debug\napping_light.X.debug.cmf -z -Q18F46K80 \
  -oC:\Users\codem\AppData\Local\Temp\scn8.2 \
  -Mdist/default/debug/napping_light.X.debug.map -E1 -ver=XC8 \
  -ASTACK=0A9h-0e40h -pstack=STACK -ACODE=00h-0FFFFh -ACONST=00h-0FFFFh \
  -ASMALLCONST=0F00h-0FFFhx241 -AMEDIUMCONST=0F00h-0FFFFh -ACOMRAM=01h-05Fh \
  -AABS1=00h-0E40h -ABIGRAM=01h-0E40h \
  -ARAM=060h-0FFh,0100h-01FFhx13,0E00h-0E40h -ABANK0=060h-0FFh \
  -ABANK1=0100h-01FFh -ABANK2=0200h-02FFh -ABANK3=0300h-03FFh \
  -ABANK4=0400h-04FFh -ABANK5=0500h-05FFh -ABANK6=0600h-06FFh \
  -ABANK7=0700h-07FFh -ABANK8=0800h-08FFh -ABANK9=0900h-09FFh \
  -ABANK10=0A00h-0AFFh -ABANK11=0B00h-0BFFh -ABANK12=0C00h-0CFFh \
  -ABANK13=0D00h-0DFFh -ABANK14=0E00h-0E40h \
  -ASFR=0E41h-0EFFh,0F00h-0F5Fh,0F60h-0FFCh \
  -preset_vec=00h,intcode=08h,intcodelo,powerup,init -pramtop=0F00h \
  -psmallconst=SMALLCONST -pmediumconst=MEDIUMCONST -pconst=CONST \
  -AFARRAM=00h-00h -ACONFIG=0300000h-030000Dh -pconfig=CONFIG \
  -AIDLOC=0200000h-0200007h -pidloc=IDLOC -AEEDATA=0F00000h-0F003FFh \
  -peeprom_data=EEDATA \
  -prdata=COMRAM,nvrram=COMRAM,nvbit=COMRAM,rbss=COMRAM,rbit=COMRAM \
  -pfarbss=FARRAM,fardata=FARRAM,nvFARRAM=FARRAM \
  -pintsave_regs=BIGRAM,bigbss=BIGRAM,bigdata=BIGRAM -pbss=RAM \
  -pidata=CODE,irdata=CODE,ibigdata=CODE,ifardata=CODE -prparam=COMRAM \
  C:\Users\codem\AppData\Local\Temp\scn8.obj \
  dist/default/debug\napping_light.X.debug.obj 

Object code version is 3.11

Machine type is 18F46K80

Call graph: (short form)




                Name                               Link     Load   Length Selector   Space Scale
C:\Users\codem\AppData\Local\Temp\scn8.obj
                init                                 B4       B4        4        4       0
                reset_vec                             0        0        6        0       0
                idloc                            200000   200000        8   200000       0
                config                           300000   300000        E   300000       0
dist/default/debug\napping_light.X.debug.obj
                intcode                               8        8       AC        4       0
                temp                                 5E       5E        1        1       1
                mediumconst                        FD84     FD84      27C     7EC2       0
                text87                             13EE     13EE       90        4       0
                text86                             10AE     10AE       AE        4       0
                text85                              26C      26C      1AC        4       0
                text84                             20A8     20A8       40        4       0
                text83                             2542     2542        4     128F       0
                text82                             23DE     23DE       26        4       0
                text81                             23B8     23B8       26        4       0
                text80                             2404     2404       24        4       0
                text79                             22DE     22DE       30        4       0
                text78                             1614     1614       84        4       0
                text77                             1792     1792       7A        4       0
                text76                             19D8     19D8       6A        4       0
                text75                             1AFC     1AFC       5A        4       0
                text74                             1E58     1E58       54        4       0
                text73                             1718     1718       7A        4       0
                text72                             24B6     24B6       14        4       0
                text71                             1E04     1E04       54        4       0
                text70                             1968     1968       70        4       0
                text69                             1DB0     1DB0       54        4       0
                text68                             1EFE     1EFE       52        4       0
                text67                             1C5E     1C5E       56        4       0
                text66                             22AC     22AC       32        4       0
                text65                             220C     220C       38        4       0
                text64                              E42      E42       E6        4       0
                text63                              C66      C66       F4        4       0
                text62                              B72      B72       F4        4       0
                text61                             1EAC     1EAC       52        4       0
                text60                             2066     2066       42        4       0
                text59                             12AA     12AA       A4        4       0
                text58                             2024     2024       42        4       0
                text57                              418      418      188        4       0
                text56                             246C     246C       22        4       0
                text55                             1506     1506       88        4       0
                text54                             134E     134E       A0        4       0
                text53                             254A     254A        2     12A5       0
                text52                             238E     238E       2A        4       0
                text50                             253E     253E        4     128F       0
                text49                             2364     2364       2A        4       0
                text48                             233A     233A       2A        4       0
                text47                             230E     230E       2C        4       0
                text46                             21D4     21D4       38        4       0
                text45                             158E     158E       86        4       0
                text44                             147E     147E       88        4       0
                text43                             180C     180C       78        4       0
                text42                             1A42     1A42       5E        4       0
                text41                             1C06     1C06       58        4       0
                text40                             1698     1698       80        4       0
                text39                             24A2     24A2       14        4       0
                text38                             1D5C     1D5C       54        4       0
                text37                             18F8     18F8       70        4       0
                text36                             1D08     1D08       54        4       0
                text35                             2244     2244       36        4       0
                text34                             1884     1884       74        4       0
                text33                             1206     1206       A4        4       0
                text32                               B8       B8      1B4        4       0
                text31                             1BAE     1BAE       58        4       0
                text30                             1B56     1B56       58        4       0
                text29                             227A     227A       32        4       0
                text28                              984      984       F8        4       0
                text27                             1CB4     1CB4       54        4       0
                text26                             1FE0     1FE0       44        4       0
                text25                             115C     115C       AA        4       0
                text24                             1F9C     1F9C       44        4       0
                text23                              F28      F28       D6        4       0
                text22                              864      864      120        4       0
                text21                              5A0      5A0      170        4       0
                text20                             2124     2124       3C        4       0
                text19                              FFE      FFE       B0        4       0
                text18                             219A     219A       3A        4       0
                text17                              D5A      D5A       E8        4       0
                text16                              A7C      A7C       F6        4       0
                text15                              710      710      154        4       0
                text14                             2528     2528        A     128F       0
                text13                             244A     244A       22        4       0
                text12                             253A     253A        4     128F       0
                text11                             2500     2500       12        4       0
                text10                             20E8     20E8       3C        4       0
                text9                              24EE     24EE       12        4       0
                text8                              24DC     24DC       12        4       0
                text7                              24CA     24CA       12        4       0
                text6                              251E     251E        A     128F       0
                text5                              2536     2536        4     128F       0
                text4                              2160     2160       3A        4       0
                text3                              2532     2532        4     128F       0
                text2                              248E     248E       14        4       0
                text1                              2428     2428       22        4       0
                text0                              1F50     1F50       4C        4       0
                cstackCOMRAM                          1        1       47        1       1
                cstackBANK0                          60       60       3F       60       1
                dataBANK0                            A6       A6        3       60       1
                bssBANK0                             A3       A3        3       60       1
                dataCOMRAM                           53       53        B        1       1
                bssCOMRAM                            48       48        B        1       1
                cinit                              1AA0     1AA0       5C        4       0
                nvBANK0                              9F       9F        4       60       1
                idataBANK0                         2546     2546        3     128F       0
                idataCOMRAM                        2512     2512        B        4       0

TOTAL           Name                               Link     Load   Length     Space
        CLASS   STACK          

        CLASS   CODE           
                intcode                               8        8       AC         0
                init                                 B4       B4        4         0
                reset_vec                             0        0        6         0
                text87                             13EE     13EE       90         0
                text86                             10AE     10AE       AE         0
                text85                              26C      26C      1AC         0
                text84                             20A8     20A8       40         0
                text83                             2542     2542        4         0
                text82                             23DE     23DE       26         0
                text81                             23B8     23B8       26         0
                text80                             2404     2404       24         0
                text79                             22DE     22DE       30         0
                text78                             1614     1614       84         0
                text77                             1792     1792       7A         0
                text76                             19D8     19D8       6A         0
                text75                             1AFC     1AFC       5A         0
                text74                             1E58     1E58       54         0
                text73                             1718     1718       7A         0
                text72                             24B6     24B6       14         0
                text71                             1E04     1E04       54         0
                text70                             1968     1968       70         0
                text69                             1DB0     1DB0       54         0
                text68                             1EFE     1EFE       52         0
                text67                             1C5E     1C5E       56         0
                text66                             22AC     22AC       32         0
                text65                             220C     220C       38         0
                text64                              E42      E42       E6         0
                text63                              C66      C66       F4         0
                text62                              B72      B72       F4         0
                text61                             1EAC     1EAC       52         0
                text60                             2066     2066       42         0
                text59                             12AA     12AA       A4         0
                text58                             2024     2024       42         0
                text57                              418      418      188         0
                text56                             246C     246C       22         0
                text55                             1506     1506       88         0
                text54                             134E     134E       A0         0
                text53                             254A     254A        2         0
                text52                             238E     238E       2A         0
                text50                             253E     253E        4         0
                text49                             2364     2364       2A         0
                text48                             233A     233A       2A         0
                text47                             230E     230E       2C         0
                text46                             21D4     21D4       38         0
                text45                             158E     158E       86         0
                text44                             147E     147E       88         0
                text43                             180C     180C       78         0
                text42                             1A42     1A42       5E         0
                text41                             1C06     1C06       58         0
                text40                             1698     1698       80         0
                text39                             24A2     24A2       14         0
                text38                             1D5C     1D5C       54         0
                text37                             18F8     18F8       70         0
                text36                             1D08     1D08       54         0
                text35                             2244     2244       36         0
                text34                             1884     1884       74         0
                text33                             1206     1206       A4         0
                text32                               B8       B8      1B4         0
                text31                             1BAE     1BAE       58         0
                text30                             1B56     1B56       58         0
                text29                             227A     227A       32         0
                text28                              984      984       F8         0
                text27                             1CB4     1CB4       54         0
                text26                             1FE0     1FE0       44         0
                text25                             115C     115C       AA         0
                text24                             1F9C     1F9C       44         0
                text23                              F28      F28       D6         0
                text22                              864      864      120         0
                text21                              5A0      5A0      170         0
                text20                             2124     2124       3C         0
                text19                              FFE      FFE       B0         0
                text18                             219A     219A       3A         0
                text17                              D5A      D5A       E8         0
                text16                              A7C      A7C       F6         0
                text15                              710      710      154         0
                text14                             2528     2528        A         0
                text13                             244A     244A       22         0
                text12                             253A     253A        4         0
                text11                             2500     2500       12         0
                text10                             20E8     20E8       3C         0
                text9                              24EE     24EE       12         0
                text8                              24DC     24DC       12         0
                text7                              24CA     24CA       12         0
                text6                              251E     251E        A         0
                text5                              2536     2536        4         0
                text4                              2160     2160       3A         0
                text3                              2532     2532        4         0
                text2                              248E     248E       14         0
                text1                              2428     2428       22         0
                text0                              1F50     1F50       4C         0
                cinit                              1AA0     1AA0       5C         0
                idataBANK0                         2546     2546        3         0
                idataCOMRAM                        2512     2512        B         0

        CLASS   CONST          

        CLASS   SMALLCONST     

        CLASS   MEDIUMCONST    
                mediumconst                        FD84     FD84      27C         0

        CLASS   COMRAM         
                temp                                 5E       5E        1         1
                cstackCOMRAM                          1        1       47         1
                dataCOMRAM                           53       53        B         1
                bssCOMRAM                            48       48        B         1

        CLASS   ABS1           

        CLASS   BIGRAM         

        CLASS   RAM            

        CLASS   BANK0          
                cstackBANK0                          60       60       3F         1
                dataBANK0                            A6       A6        3         1
                bssBANK0                             A3       A3        3         1
                nvBANK0                              9F       9F        4         1

        CLASS   BANK1          

        CLASS   BANK2          

        CLASS   BANK3          

        CLASS   BANK4          

        CLASS   BANK5          

        CLASS   BANK6          

        CLASS   BANK7          

        CLASS   BANK8          

        CLASS   BANK9          

        CLASS   BANK10         

        CLASS   BANK11         

        CLASS   BANK12         

        CLASS   BANK13         

        CLASS   BANK14         

        CLASS   SFR            

        CLASS   FARRAM         

        CLASS   CONFIG         
                config                           300000   300000        E         0

        CLASS   IDLOC          
                idloc                            200000   200000        8         0

        CLASS   EEDATA         



SEGMENTS        Name                           Load    Length   Top    Selector   Space  Class

                reset_vec                      000000  000006  000006         0       0  CODE    
                cstackCOMRAM                   000001  00005E  00005F         1       1  COMRAM  
                intcode                        000008  002515  00251D         4       0  CODE    
                cstackBANK0                    000060  000049  0000A9        60       1  BANK0   
                text6                          00251E  00002B  002549      128F       0  CODE    
                text53                         00254A  000002  00254C      12A5       0  CODE    
                mediumconst                    00FD84  00027C  010000      7EC2       0  MEDIUMCO
                idloc                          200000  000008  200008    200000       0  IDLOC   
                config                         300000  00000E  30000E    300000       0  CONFIG  


UNUSED ADDRESS RANGES

        Name                Unused          Largest block    Delta
        BANK0            0000A9-0000FF               57
        BANK1            000100-0001FF              100
        BANK10           000A00-000AFF              100
        BANK11           000B00-000BFF              100
        BANK12           000C00-000CFF              100
        BANK13           000D00-000DFF              100
        BANK14           000E00-000E40               41
        BANK2            000200-0002FF              100
        BANK3            000300-0003FF              100
        BANK4            000400-0004FF              100
        BANK5            000500-0005FF              100
        BANK6            000600-0006FF              100
        BANK7            000700-0007FF              100
        BANK8            000800-0008FF              100
        BANK9            000900-0009FF              100
        BIGRAM           00005F-00005F                1
                         0000A9-000E40              D98
        CODE             000006-000007                2
                         00251D-00251D                1
                         002549-002549                1
                         00254C-00FD83             D838
        COMRAM           00005F-00005F                1
        CONST            000006-000007                2
                         00251D-00251D                1
                         002549-002549                1
                         00254C-00FD83             D838
        EEDATA           F00000-F003FF              400
        MEDIUMCONST      00251D-00251D                1
                         002549-002549                1
                         00254C-00FD83             D838
        RAM              0000A9-000E40              100
        SFR              000E41-000FFC               BF
        SMALLCONST       00251D-00251D                1
                         002549-002549                1
                         00254C-00FD83              100
        STACK            0000A9-000E40              D98

                                  Symbol Table

?___awdiv                                 cstackBANK0  000060
?___awtoft                                cstackBANK0  000068
?___ftadd                                 cstackCOMRAM 000009
?___ftdiv                                 cstackBANK0  000068
?___ftmul                                 cstackBANK0  000077
?___ftpack                                cstackBANK0  000060
?___ftsub                                 cstackCOMRAM 000015
?___fttol                                 cstackBANK0  000060
?___lwdiv                                 cstackBANK0  000060
?___lwmod                                 cstackBANK0  000060
?i2___awdiv                               cstackCOMRAM 000001
?i2___awtoft                              cstackCOMRAM 000009
?i2___ftdiv                               cstackCOMRAM 000009
?i2___ftmul                               cstackCOMRAM 000018
?i2___ftpack                              cstackCOMRAM 000001
?i2___fttol                               cstackCOMRAM 000001
?i2___lwdiv                               cstackCOMRAM 000001
?i2___lwmod                               cstackCOMRAM 000001
Brightness_Menu_Function@display          cstackCOMRAM 000027
Brightness_Menu_Function@result           cstackCOMRAM 000031
Clear_Arrow_Column@i                      cstackBANK0  000076
Clear_Arrow_Column@j                      cstackBANK0  000075
Clear_Brightness_Arrows@i                 cstackBANK0  00006E
Clear_runTime_Arrows@i                    cstackBANK0  00006E
Draw_Brightness_Menu@display              cstackBANK0  000093
Draw_runTime_Menu@display                 cstackBANK0  000093
GLCD_ClearScreen@i                        cstackBANK0  00006E
GLCD_ClearScreen@j                        cstackBANK0  00006F
GLCD_DisableController@controller         cstackBANK0  000060
GLCD_EnableController@controller          cstackBANK0  000060
GLCD_GoTo@i                               cstackBANK0  00006D
GLCD_GoTo@x                               cstackBANK0  00006C
GLCD_GoTo@y                               cstackBANK0  00006B
GLCD_Initalize@i                          cstackBANK0  00006B
GLCD_Line@CurrentX                        cstackBANK0  00008B
GLCD_Line@CurrentY                        cstackBANK0  00008D
GLCD_Line@Dx                              cstackBANK0  00008F
GLCD_Line@Dy                              cstackBANK0  000091
GLCD_Line@TwoDx                           cstackBANK0  000087
GLCD_Line@TwoDxAccumulatedError           cstackBANK0  00007F
GLCD_Line@TwoDy                           cstackBANK0  000089
GLCD_Line@TwoDyAccumulatedError           cstackBANK0  000081
GLCD_Line@X1                              cstackBANK0  000075
GLCD_Line@X2                              cstackBANK0  000079
GLCD_Line@Xinc                            cstackBANK0  000083
GLCD_Line@Y1                              cstackBANK0  000077
GLCD_Line@Y2                              cstackBANK0  00007B
GLCD_Line@Yinc                            cstackBANK0  000085
GLCD_ReadData@data                        cstackBANK0  000069
GLCD_ReadStatus@controller                cstackBANK0  000062
GLCD_ReadStatus@status                    cstackBANK0  000061
GLCD_SetPixel@color                       cstackBANK0  00006F
GLCD_SetPixel@tmp                         cstackBANK0  000072
GLCD_SetPixel@x                           cstackBANK0  000073
GLCD_SetPixel@y                           cstackBANK0  00006E
GLCD_WriteChar@charToWrite                cstackBANK0  00006A
GLCD_WriteChar@i                          cstackBANK0  00006B
GLCD_WriteCommand@commandToWrite          cstackBANK0  00006A
GLCD_WriteCommand@controller              cstackBANK0  000068
GLCD_WriteData@dataToWrite                cstackBANK0  000069
GLCD_WriteString@stringToWrite            cstackBANK0  00006D
Initialize_Menus@display                  cstackBANK0  000093
Main_Menu_Function@result                 cstackCOMRAM 000018
PIN_MANAGER_IOC@CHA                       cstackCOMRAM 000034
PIN_MANAGER_IOC@CHB                       cstackCOMRAM 000033
PIN_MANAGER_IOC@currentState              cstackCOMRAM 000032
PIN_MANAGER_IOC@previousState             bssCOMRAM    00004C
PIN_MANAGER_IOC@result                    cstackCOMRAM 000035
PWM2_LoadDutyValue@dutyValue              cstackBANK0  00006F
Run_Time_Menu_Function@display            cstackCOMRAM 000019
Run_Time_Menu_Function@result             cstackCOMRAM 000023
TMR0_SetInterruptHandler@InterruptHandler cstackBANK0  000060
_ANCON0                                   (abs)        000F5D
_ANCON1                                   (abs)        000F5C
_ARROW_SIZE                               dataBANK0    0000A7
_Brightness_Menu_Function                 text57       000418
_CCP2CON                                  (abs)        000F50
_CCP3CON                                  (abs)        000F4D
_CCP4CON                                  (abs)        000F4A
_CCPR2H                                   (abs)        000F52
_CCPR2L                                   (abs)        000F51
_CCPR3H                                   (abs)        000F4F
_CCPR3L                                   (abs)        000F4E
_CCPR4H                                   (abs)        000F4C
_CCPR4L                                   (abs)        000F4B
_CCPTMRSbits                              (abs)        000F99
_Check_Buttons                            text15       000710
_Clear_Arrow_Column                       text42       001A42
_Clear_Brightness_Arrows                  text41       001C06
_Clear_runTime_Arrows                     text40       001698
_Draw_Arrow                               text36       001D08
_Draw_Brightness_Arrow                    text38       001D5C
_Draw_Brightness_Menu                     text23       000F28
_Draw_runTime_Arrow                       text37       0018F8
_Draw_runTime_Menu                        text22       000864
_EEADR                                    (abs)        000F74
_EEADRH                                   (abs)        000F75
_EECON1bits                               (abs)        000F7F
_EECON2                                   (abs)        000F7E
_EEDATA                                   (abs)        000F73
_GLCD_ClearScreen                         text35       002244
_GLCD_Delay                               text50       00253E
_GLCD_DisableController                   text49       002364
_GLCD_EnableController                    text48       00233A
_GLCD_GoTo                                text44       00147E
_GLCD_Initalize                           text13       00244A
_GLCD_InitializePorts                     text14       002528
_GLCD_Line                                text32       0000B8
_GLCD_ReadData                            text34       001884
_GLCD_ReadStatus                          text47       00230E
_GLCD_SetPixel                            text33       001206
_GLCD_SetPixel$1810                       cstackBANK0  000074
_GLCD_WriteChar                           text31       001BAE
_GLCD_WriteCommand                        text46       0021D4
_GLCD_WriteData                           text43       00180C
_GLCD_WriteString                         text30       001B56
_INTCONbits                               (abs)        000FF2
_INTERRUPT_Initialize                     text12       00253A
_INTERRUPT_InterruptManager               intcode      000008
_IOCB4_InterruptHandler                   bssCOMRAM    00004A
_IOCB5_InterruptHandler                   bssCOMRAM    000048
_IOCBbits                                 (abs)        000F5A
_Initialize_Menus                         text21       0005A0
_LATA                                     (abs)        000F89
_LATB                                     (abs)        000F8A
_LATC                                     (abs)        000F8B
_LATD                                     (abs)        000F8C
_LATE                                     (abs)        000F8D
_LATEbits                                 (abs)        000F8D
_Main_Menu_Function                       text56       00246C
_Make_Arrow                               text39       0024A2
_Make_Back_Arrow                          text29       00227A
_OSCCON                                   (abs)        000FD3
_OSCCON2                                  (abs)        000FD2
_OSCILLATOR_Initialize                    text11       002500
_OSCTUNE                                  (abs)        000F9B
_PIN_MANAGER_IOC                          text54       00134E
_PIN_MANAGER_Initialize                   text10       0020E8
_PIR4bits                                 (abs)        000FB7
_PORTA                                    (abs)        000F80
_PORTB                                    (abs)        000F81
_PORTBbits                                (abs)        000F81
_PORTD                                    (abs)        000F83
_PR4                                      (abs)        000FA9
_PWM2_Initialize                          text9        0024EE
_PWM2_LoadDutyValue                       text20       002124
_PWM3_Initialize                          text8        0024DC
_PWM4_Initialize                          text7        0024CA
_RCONbits                                 (abs)        000FD0
_REFOCON                                  (abs)        000F9A
_Run_Time_Menu_Function                   text55       001506
_SYSTEM_Initialize                        text1        002428
_T0CON                                    (abs)        000FD5
_T0CONbits                                (abs)        000FD5
_T4CON                                    (abs)        000F88
_T4CONbits                                (abs)        000F88
_TABLAT                                   (abs)        000FF5
_TBLPTRH                                  (abs)        000FF7
_TBLPTRL                                  (abs)        000FF6
_TBLPTRU                                  (abs)        000FF8
_TMR0H                                    (abs)        000FD7
_TMR0L                                    (abs)        000FD6
_TMR0_DefaultInterruptHandler             text53       00254A
_TMR0_ISR                                 text52       00238E
_TMR0_Initialize                          text4        002160
_TMR0_InterruptHandler                    nvBANK0      0000A1
_TMR0_SetInterruptHandler                 text6        00251E
_TMR0_StartTimer                          text5        002536
_TMR4                                     (abs)        000F87
_TMR4_Initialize                          text2        00248E
_TMR4_StartTimer                          text3        002532
_TRISA                                    (abs)        000F92
_TRISB                                    (abs)        000F93
_TRISC                                    (abs)        000F94
_TRISD                                    (abs)        000F95
_TRISE                                    (abs)        000F96
_WPUB                                     (abs)        000F5B
__CFG_BBSIZ$BB2K                          (abs)        000000
__CFG_BOREN$SBORDIS                       (abs)        000000
__CFG_BORPWR$ZPBORMV                      (abs)        000000
__CFG_BORV$3                              (abs)        000000
__CFG_CANMX$PORTB                         (abs)        000000
__CFG_CP0$OFF                             (abs)        000000
__CFG_CP1$OFF                             (abs)        000000
__CFG_CP2$OFF                             (abs)        000000
__CFG_CP3$OFF                             (abs)        000000
__CFG_CPB$OFF                             (abs)        000000
__CFG_CPD$OFF                             (abs)        000000
__CFG_EBTR0$OFF                           (abs)        000000
__CFG_EBTR1$OFF                           (abs)        000000
__CFG_EBTR2$OFF                           (abs)        000000
__CFG_EBTR3$OFF                           (abs)        000000
__CFG_EBTRB$OFF                           (abs)        000000
__CFG_FCMEN$OFF                           (abs)        000000
__CFG_FOSC$INTIO2                         (abs)        000000
__CFG_IESO$OFF                            (abs)        000000
__CFG_INTOSCSEL$HIGH                      (abs)        000000
__CFG_MCLRE$ON                            (abs)        000000
__CFG_MSSPMSK$MSK7                        (abs)        000000
__CFG_PLLCFG$OFF                          (abs)        000000
__CFG_PWRTEN$OFF                          (abs)        000000
__CFG_RETEN$OFF                           (abs)        000000
__CFG_SOSCSEL$DIG                         (abs)        000000
__CFG_STVREN$ON                           (abs)        000000
__CFG_WDTEN$OFF                           (abs)        000000
__CFG_WDTPS$1048576                       (abs)        000000
__CFG_WRT0$OFF                            (abs)        000000
__CFG_WRT1$OFF                            (abs)        000000
__CFG_WRT2$OFF                            (abs)        000000
__CFG_WRT3$OFF                            (abs)        000000
__CFG_WRTB$OFF                            (abs)        000000
__CFG_WRTC$OFF                            (abs)        000000
__CFG_WRTD$OFF                            (abs)        000000
__CFG_XINST$OFF                           (abs)        000000
__HRAM                                    (abs)        000000
__Habs1                                   abs1         000000
__Hbank0                                  bank0        000000
__Hbank1                                  bank1        000000
__Hbank10                                 bank10       000000
__Hbank11                                 bank11       000000
__Hbank12                                 bank12       000000
__Hbank13                                 bank13       000000
__Hbank14                                 bank14       000000
__Hbank2                                  bank2        000000
__Hbank3                                  bank3        000000
__Hbank4                                  bank4        000000
__Hbank5                                  bank5        000000
__Hbank6                                  bank6        000000
__Hbank7                                  bank7        000000
__Hbank8                                  bank8        000000
__Hbank9                                  bank9        000000
__Hbigbss                                 bigbss       000000
__Hbigdata                                bigdata      000000
__Hbigram                                 bigram       000000
__Hbss                                    bss          000000
__HbssBANK0                               bssBANK0     000000
__HbssCOMRAM                              bssCOMRAM    000000
__Hcinit                                  cinit        000000
__Hclrtext                                clrtext      000000
__Hcomram                                 comram       000000
__Hconfig                                 config       30000E
__Hconst                                  const        000000
__HcstackBANK0                            cstackBANK0  000000
__HcstackCOMRAM                           cstackCOMRAM 000000
__Hdata                                   data         000000
__HdataBANK0                              dataBANK0    000000
__HdataCOMRAM                             dataCOMRAM   000000
__Heeprom_data                            eeprom_data  000000
__Hfarbss                                 farbss       000000
__Hfardata                                fardata      000000
__Hibigdata                               ibigdata     000000
__Hidata                                  idata        000000
__HidataBANK0                             idataBANK0   000000
__HidataCOMRAM                            idataCOMRAM  000000
__Hidloc                                  idloc        200008
__Hifardata                               ifardata     000000
__Hinit                                   init         0000B8
__Hintcode                                intcode      0000B4
__Hintcode_body                           intcode_body 000000
__Hintcodelo                              intcodelo    0000B4
__Hintentry                               intentry     000000
__Hintret                                 intret       000000
__Hintsave_regs                           intsave_regs 000000
__Hirdata                                 irdata       000000
__Hmediumconst                            mediumconst  010000
__HnvBANK0                                nvBANK0      000000
__HnvFARRAM                               nvFARRAM     000000
__Hnvbit                                  nvbit        000000
__Hnvrram                                 nvrram       000000
__Hparam                                  rparam       000000
__Hpowerup                                powerup      0000B4
__Hram                                    ram          000000
__Hramtop                                 ramtop       000F00
__Hrbit                                   rbit         000000
__Hrbss                                   rbss         000000
__Hrdata                                  rdata        000000
__Hreset_vec                              reset_vec    000006
__Hrparam                                 rparam       000000
__Hsfr                                    sfr          000000
__Hsmallconst                             smallconst   000000
__Hspace_0                                (abs)        30000E
__Hspace_1                                (abs)        0000A9
__Hspace_2                                (abs)        000000
__Hstack                                  stack        000000
__Hstruct                                 struct       000000
__Htemp                                   temp         00005F
__Htext                                   text         000000
__Htext0                                  text0        000000
__Htext1                                  text1        000000
__Htext10                                 text10       000000
__Htext11                                 text11       000000
__Htext12                                 text12       000000
__Htext13                                 text13       000000
__Htext14                                 text14       000000
__Htext15                                 text15       000000
__Htext16                                 text16       000000
__Htext17                                 text17       000000
__Htext18                                 text18       000000
__Htext19                                 text19       000000
__Htext2                                  text2        000000
__Htext20                                 text20       000000
__Htext21                                 text21       000000
__Htext22                                 text22       000000
__Htext23                                 text23       000000
__Htext24                                 text24       000000
__Htext25                                 text25       000000
__Htext26                                 text26       000000
__Htext27                                 text27       000000
__Htext28                                 text28       000000
__Htext29                                 text29       000000
__Htext3                                  text3        000000
__Htext30                                 text30       000000
__Htext31                                 text31       000000
__Htext32                                 text32       000000
__Htext33                                 text33       000000
__Htext34                                 text34       000000
__Htext35                                 text35       000000
__Htext36                                 text36       000000
__Htext37                                 text37       000000
__Htext38                                 text38       000000
__Htext39                                 text39       000000
__Htext4                                  text4        000000
__Htext40                                 text40       000000
__Htext41                                 text41       000000
__Htext42                                 text42       000000
__Htext43                                 text43       000000
__Htext44                                 text44       000000
__Htext45                                 text45       000000
__Htext46                                 text46       000000
__Htext47                                 text47       000000
__Htext48                                 text48       000000
__Htext49                                 text49       000000
__Htext5                                  text5        000000
__Htext50                                 text50       000000
__Htext52                                 text52       000000
__Htext53                                 text53       000000
__Htext54                                 text54       000000
__Htext55                                 text55       000000
__Htext56                                 text56       000000
__Htext57                                 text57       000000
__Htext58                                 text58       000000
__Htext59                                 text59       000000
__Htext6                                  text6        000000
__Htext60                                 text60       000000
__Htext61                                 text61       000000
__Htext62                                 text62       000000
__Htext63                                 text63       000000
__Htext64                                 text64       000000
__Htext65                                 text65       000000
__Htext66                                 text66       000000
__Htext67                                 text67       000000
__Htext68                                 text68       000000
__Htext69                                 text69       000000
__Htext7                                  text7        000000
__Htext70                                 text70       000000
__Htext71                                 text71       000000
__Htext72                                 text72       000000
__Htext73                                 text73       000000
__Htext74                                 text74       000000
__Htext75                                 text75       000000
__Htext76                                 text76       000000
__Htext77                                 text77       000000
__Htext78                                 text78       000000
__Htext79                                 text79       000000
__Htext8                                  text8        000000
__Htext80                                 text80       000000
__Htext81                                 text81       000000
__Htext82                                 text82       000000
__Htext83                                 text83       000000
__Htext84                                 text84       000000
__Htext85                                 text85       000000
__Htext86                                 text86       000000
__Htext87                                 text87       000000
__Htext88                                 text88       000000
__Htext9                                  text9        000000
__LRAM                                    (abs)        000001
__Labs1                                   abs1         000000
__Lbank0                                  bank0        000000
__Lbank1                                  bank1        000000
__Lbank10                                 bank10       000000
__Lbank11                                 bank11       000000
__Lbank12                                 bank12       000000
__Lbank13                                 bank13       000000
__Lbank14                                 bank14       000000
__Lbank2                                  bank2        000000
__Lbank3                                  bank3        000000
__Lbank4                                  bank4        000000
__Lbank5                                  bank5        000000
__Lbank6                                  bank6        000000
__Lbank7                                  bank7        000000
__Lbank8                                  bank8        000000
__Lbank9                                  bank9        000000
__Lbigbss                                 bigbss       000000
__Lbigdata                                bigdata      000000
__Lbigram                                 bigram       000000
__Lbss                                    bss          000000
__LbssBANK0                               bssBANK0     000000
__LbssCOMRAM                              bssCOMRAM    000000
__Lcinit                                  cinit        000000
__Lclrtext                                clrtext      000000
__Lcomram                                 comram       000000
__Lconfig                                 config       300000
__Lconst                                  const        000000
__LcstackBANK0                            cstackBANK0  000000
__LcstackCOMRAM                           cstackCOMRAM 000000
__Ldata                                   data         000000
__LdataBANK0                              dataBANK0    000000
__LdataCOMRAM                             dataCOMRAM   000000
__Leeprom_data                            eeprom_data  000000
__Lfarbss                                 farbss       000000
__Lfardata                                fardata      000000
__Libigdata                               ibigdata     000000
__Lidata                                  idata        000000
__LidataBANK0                             idataBANK0   000000
__LidataCOMRAM                            idataCOMRAM  000000
__Lidloc                                  idloc        200000
__Lifardata                               ifardata     000000
__Linit                                   init         0000B4
__Lintcode                                intcode      000008
__Lintcode_body                           intcode_body 000000
__Lintcodelo                              intcodelo    0000B4
__Lintentry                               intentry     000000
__Lintret                                 intret       000000
__Lintsave_regs                           intsave_regs 000000
__Lirdata                                 irdata       000000
__Lmediumconst                            mediumconst  00FD84
__LnvBANK0                                nvBANK0      000000
__LnvFARRAM                               nvFARRAM     000000
__Lnvbit                                  nvbit        000000
__Lnvrram                                 nvrram       000000
__Lparam                                  rparam       000000
__Lpowerup                                powerup      0000B4
__Lram                                    ram          000000
__Lramtop                                 ramtop       000F00
__Lrbit                                   rbit         000000
__Lrbss                                   rbss         000000
__Lrdata                                  rdata        000000
__Lreset_vec                              reset_vec    000000
__Lrparam                                 rparam       000000
__Lsfr                                    sfr          000000
__Lsmallconst                             smallconst   000000
__Lspace_0                                (abs)        000000
__Lspace_1                                (abs)        000000
__Lspace_2                                (abs)        000000
__Lstack                                  stack        000000
__Lstruct                                 struct       000000
__Ltemp                                   temp         00005E
__Ltext                                   text         000000
__Ltext0                                  text0        000000
__Ltext1                                  text1        000000
__Ltext10                                 text10       000000
__Ltext11                                 text11       000000
__Ltext12                                 text12       000000
__Ltext13                                 text13       000000
__Ltext14                                 text14       000000
__Ltext15                                 text15       000000
__Ltext16                                 text16       000000
__Ltext17                                 text17       000000
__Ltext18                                 text18       000000
__Ltext19                                 text19       000000
__Ltext2                                  text2        000000
__Ltext20                                 text20       000000
__Ltext21                                 text21       000000
__Ltext22                                 text22       000000
__Ltext23                                 text23       000000
__Ltext24                                 text24       000000
__Ltext25                                 text25       000000
__Ltext26                                 text26       000000
__Ltext27                                 text27       000000
__Ltext28                                 text28       000000
__Ltext29                                 text29       000000
__Ltext3                                  text3        000000
__Ltext30                                 text30       000000
__Ltext31                                 text31       000000
__Ltext32                                 text32       000000
__Ltext33                                 text33       000000
__Ltext34                                 text34       000000
__Ltext35                                 text35       000000
__Ltext36                                 text36       000000
__Ltext37                                 text37       000000
__Ltext38                                 text38       000000
__Ltext39                                 text39       000000
__Ltext4                                  text4        000000
__Ltext40                                 text40       000000
__Ltext41                                 text41       000000
__Ltext42                                 text42       000000
__Ltext43                                 text43       000000
__Ltext44                                 text44       000000
__Ltext45                                 text45       000000
__Ltext46                                 text46       000000
__Ltext47                                 text47       000000
__Ltext48                                 text48       000000
__Ltext49                                 text49       000000
__Ltext5                                  text5        000000
__Ltext50                                 text50       000000
__Ltext52                                 text52       000000
__Ltext53                                 text53       000000
__Ltext54                                 text54       000000
__Ltext55                                 text55       000000
__Ltext56                                 text56       000000
__Ltext57                                 text57       000000
__Ltext58                                 text58       000000
__Ltext59                                 text59       000000
__Ltext6                                  text6        000000
__Ltext60                                 text60       000000
__Ltext61                                 text61       000000
__Ltext62                                 text62       000000
__Ltext63                                 text63       000000
__Ltext64                                 text64       000000
__Ltext65                                 text65       000000
__Ltext66                                 text66       000000
__Ltext67                                 text67       000000
__Ltext68                                 text68       000000
__Ltext69                                 text69       000000
__Ltext7                                  text7        000000
__Ltext70                                 text70       000000
__Ltext71                                 text71       000000
__Ltext72                                 text72       000000
__Ltext73                                 text73       000000
__Ltext74                                 text74       000000
__Ltext75                                 text75       000000
__Ltext76                                 text76       000000
__Ltext77                                 text77       000000
__Ltext78                                 text78       000000
__Ltext79                                 text79       000000
__Ltext8                                  text8        000000
__Ltext80                                 text80       000000
__Ltext81                                 text81       000000
__Ltext82                                 text82       000000
__Ltext83                                 text83       000000
__Ltext84                                 text84       000000
__Ltext85                                 text85       000000
__Ltext86                                 text86       000000
__Ltext87                                 text87       000000
__Ltext88                                 text88       000000
__Ltext9                                  text9        000000
__S0                                      (abs)        30000E
__S1                                      (abs)        0000A9
__S2                                      (abs)        000000
___awdiv                                  text45       00158E
___awdiv@counter                          cstackBANK0  000064
___awdiv@dividend                         cstackBANK0  000060
___awdiv@divisor                          cstackBANK0  000062
___awdiv@quotient                         cstackBANK0  000066
___awdiv@sign                             cstackBANK0  000065
___awtoft                                 text18       00219A
___awtoft@c                               cstackBANK0  000068
___awtoft@sign                            cstackBANK0  00006B
___ftadd                                  text85       00026C
___ftadd@exp1                             cstackCOMRAM 000014
___ftadd@exp2                             cstackCOMRAM 000013
___ftadd@f1                               cstackCOMRAM 000009
___ftadd@f2                               cstackCOMRAM 00000C
___ftadd@sign                             cstackCOMRAM 000012
___ftdiv                                  text17       000D5A
___ftdiv@cntr                             cstackBANK0  000071
___ftdiv@exp                              cstackBANK0  000075
___ftdiv@f1                               cstackBANK0  000068
___ftdiv@f2                               cstackBANK0  00006B
___ftdiv@f3                               cstackBANK0  000072
___ftdiv@sign                             cstackBANK0  000076
___ftge                                   text87       0013EE
___ftge@ff1                               cstackCOMRAM 000001
___ftge@ff2                               cstackCOMRAM 000004
___ftmul                                  text16       000A7C
___ftmul@cntr                             cstackBANK0  000084
___ftmul@exp                              cstackBANK0  000080
___ftmul@f1                               cstackBANK0  000077
___ftmul@f2                               cstackBANK0  00007A
___ftmul@f3_as_product                    cstackBANK0  000081
___ftmul@sign                             cstackBANK0  000085
___ftpack                                 text19       000FFE
___ftpack@arg                             cstackBANK0  000060
___ftpack@exp                             cstackBANK0  000063
___ftpack@sign                            cstackBANK0  000064
___ftsub                                  text84       0020A8
___ftsub@f1                               cstackCOMRAM 000015
___ftsub@f2                               cstackCOMRAM 000018
___fttol                                  text28       000984
___fttol@exp1                             cstackBANK0  00006E
___fttol@f1                               cstackBANK0  000060
___fttol@lval                             cstackBANK0  00006A
___fttol@sign1                            cstackBANK0  000069
___inthi_sp                               stack        000000
___intlo_sp                               stack        000000
___lwdiv                                  text27       001CB4
___lwdiv@counter                          cstackBANK0  000066
___lwdiv@dividend                         cstackBANK0  000060
___lwdiv@divisor                          cstackBANK0  000062
___lwdiv@quotient                         cstackBANK0  000064
___lwmod                                  text26       001FE0
___lwmod@counter                          cstackBANK0  000064
___lwmod@dividend                         cstackBANK0  000060
___lwmod@divisor                          cstackBANK0  000062
___param_bank                             (abs)        000000
___rparam_used                            (abs)        000001
___sp                                     stack        000000
__accesstop                               (abs)        000060
__activetblptr                            (abs)        000003
__end_of_Brightness_Menu_Function         text57       0005A0
__end_of_Check_Buttons                    text15       000864
__end_of_Clear_Arrow_Column               text42       001AA0
__end_of_Clear_Brightness_Arrows          text41       001C5E
__end_of_Clear_runTime_Arrows             text40       001718
__end_of_Draw_Arrow                       text36       001D5C
__end_of_Draw_Brightness_Arrow            text38       001DB0
__end_of_Draw_Brightness_Menu             text23       000FFE
__end_of_Draw_runTime_Arrow               text37       001968
__end_of_Draw_runTime_Menu                text22       000984
__end_of_GLCD_ClearScreen                 text35       00227A
__end_of_GLCD_Delay                       text50       002542
__end_of_GLCD_DisableController           text49       00238E
__end_of_GLCD_EnableController            text48       002364
__end_of_GLCD_GoTo                        text44       001506
__end_of_GLCD_Initalize                   text13       00246C
__end_of_GLCD_InitializePorts             text14       002532
__end_of_GLCD_Line                        text32       00026C
__end_of_GLCD_ReadData                    text34       0018F8
__end_of_GLCD_ReadStatus                  text47       00233A
__end_of_GLCD_SetPixel                    text33       0012AA
__end_of_GLCD_WriteChar                   text31       001C06
__end_of_GLCD_WriteCommand                text46       00220C
__end_of_GLCD_WriteData                   text43       001884
__end_of_GLCD_WriteString                 text30       001BAE
__end_of_INTERRUPT_Initialize             text12       00253E
__end_of_INTERRUPT_InterruptManager       intcode      0000B4
__end_of_Initialize_Menus                 text21       000710
__end_of_Main_Menu_Function               text56       00248E
__end_of_Make_Arrow                       text39       0024B6
__end_of_Make_Back_Arrow                  text29       0022AC
__end_of_OSCILLATOR_Initialize            text11       002512
__end_of_PIN_MANAGER_IOC                  text54       0013EE
__end_of_PIN_MANAGER_Initialize           text10       002124
__end_of_PWM2_Initialize                  text9        002500
__end_of_PWM2_LoadDutyValue               text20       002160
__end_of_PWM3_Initialize                  text8        0024EE
__end_of_PWM4_Initialize                  text7        0024DC
__end_of_Run_Time_Menu_Function           text55       00158E
__end_of_SYSTEM_Initialize                text1        00244A
__end_of_TMR0_DefaultInterruptHandler     text53       00254C
__end_of_TMR0_ISR                         text52       0023B8
__end_of_TMR0_Initialize                  text4        00219A
__end_of_TMR0_SetInterruptHandler         text6        002528
__end_of_TMR0_StartTimer                  text5        00253A
__end_of_TMR4_Initialize                  text2        0024A2
__end_of_TMR4_StartTimer                  text3        002536
__end_of___awdiv                          text45       001614
__end_of___awtoft                         text18       0021D4
__end_of___ftadd                          text85       000418
__end_of___ftdiv                          text17       000E42
__end_of___ftge                           text87       00147E
__end_of___ftmul                          text16       000B72
__end_of___ftpack                         text19       0010AE
__end_of___ftsub                          text84       0020E8
__end_of___fttol                          text28       000A7C
__end_of___lwdiv                          text27       001D08
__end_of___lwmod                          text26       002024
__end_of__initialization                  cinit        001AF2
__end_of_color                            mediumconst  00FF66
__end_of_font5x8                          mediumconst  00FF65
__end_of_itoa                             text24       001FE0
__end_of_main                             text0        001F9C
__end_of_utoa                             text25       001206
__end_ofi2_Clear_Arrow_Column             text75       001B56
__end_ofi2_Clear_Brightness_Arrows        text74       001EAC
__end_ofi2_Clear_runTime_Arrows           text73       001792
__end_ofi2_Draw_Arrow                     text69       001E04
__end_ofi2_Draw_Brightness_Arrow          text71       001E58
__end_ofi2_Draw_runTime_Arrow             text70       0019D8
__end_ofi2_GLCD_Delay                     text83       002546
__end_ofi2_GLCD_DisableController         text82       002404
__end_ofi2_GLCD_EnableController          text81       0023DE
__end_ofi2_GLCD_GoTo                      text77       00180C
__end_ofi2_GLCD_ReadStatus                text80       002428
__end_ofi2_GLCD_WriteChar                 text68       001F50
__end_ofi2_GLCD_WriteCommand              text79       00230E
__end_ofi2_GLCD_WriteData                 text76       001A42
__end_ofi2_GLCD_WriteString               text67       001CB4
__end_ofi2_Make_Arrow                     text72       0024CA
__end_ofi2_PWM2_LoadDutyValue             text66       0022DE
__end_ofi2___awdiv                        text78       001698
__end_ofi2___awtoft                       text65       002244
__end_ofi2___ftdiv                        text64       000F28
__end_ofi2___ftmul                        text63       000D5A
__end_ofi2___ftpack                       text86       00115C
__end_ofi2___fttol                        text62       000C66
__end_ofi2___lwdiv                        text61       001EFE
__end_ofi2___lwmod                        text60       0020A8
__end_ofi2_itoa                           text58       002066
__end_ofi2_utoa                           text59       00134E
__initialization                          cinit        001AA0
__mediumconst                             mediumconst  00FD84
__pbssBANK0                               bssBANK0     0000A3
__pbssCOMRAM                              bssCOMRAM    000048
__pcinit                                  cinit        001AA0
__pcstackBANK0                            cstackBANK0  000060
__pcstackCOMRAM                           cstackCOMRAM 000001
__pdataBANK0                              dataBANK0    0000A6
__pdataCOMRAM                             dataCOMRAM   000053
__pidataBANK0                             idataBANK0   002546
__pidataCOMRAM                            idataCOMRAM  002512
__pintcode                                intcode      000008
__pmediumconst                            mediumconst  00FD84
__pnvBANK0                                nvBANK0      00009F
__ptext0                                  text0        001F50
__ptext1                                  text1        002428
__ptext10                                 text10       0020E8
__ptext11                                 text11       002500
__ptext12                                 text12       00253A
__ptext13                                 text13       00244A
__ptext14                                 text14       002528
__ptext15                                 text15       000710
__ptext16                                 text16       000A7C
__ptext17                                 text17       000D5A
__ptext18                                 text18       00219A
__ptext19                                 text19       000FFE
__ptext2                                  text2        00248E
__ptext20                                 text20       002124
__ptext21                                 text21       0005A0
__ptext22                                 text22       000864
__ptext23                                 text23       000F28
__ptext24                                 text24       001F9C
__ptext25                                 text25       00115C
__ptext26                                 text26       001FE0
__ptext27                                 text27       001CB4
__ptext28                                 text28       000984
__ptext29                                 text29       00227A
__ptext3                                  text3        002532
__ptext30                                 text30       001B56
__ptext31                                 text31       001BAE
__ptext32                                 text32       0000B8
__ptext33                                 text33       001206
__ptext34                                 text34       001884
__ptext35                                 text35       002244
__ptext36                                 text36       001D08
__ptext37                                 text37       0018F8
__ptext38                                 text38       001D5C
__ptext39                                 text39       0024A2
__ptext4                                  text4        002160
__ptext40                                 text40       001698
__ptext41                                 text41       001C06
__ptext42                                 text42       001A42
__ptext43                                 text43       00180C
__ptext44                                 text44       00147E
__ptext45                                 text45       00158E
__ptext46                                 text46       0021D4
__ptext47                                 text47       00230E
__ptext48                                 text48       00233A
__ptext49                                 text49       002364
__ptext5                                  text5        002536
__ptext50                                 text50       00253E
__ptext52                                 text52       00238E
__ptext53                                 text53       00254A
__ptext54                                 text54       00134E
__ptext55                                 text55       001506
__ptext56                                 text56       00246C
__ptext57                                 text57       000418
__ptext58                                 text58       002024
__ptext59                                 text59       0012AA
__ptext6                                  text6        00251E
__ptext60                                 text60       002066
__ptext61                                 text61       001EAC
__ptext62                                 text62       000B72
__ptext63                                 text63       000C66
__ptext64                                 text64       000E42
__ptext65                                 text65       00220C
__ptext66                                 text66       0022AC
__ptext67                                 text67       001C5E
__ptext68                                 text68       001EFE
__ptext69                                 text69       001DB0
__ptext7                                  text7        0024CA
__ptext70                                 text70       001968
__ptext71                                 text71       001E04
__ptext72                                 text72       0024B6
__ptext73                                 text73       001718
__ptext74                                 text74       001E58
__ptext75                                 text75       001AFC
__ptext76                                 text76       0019D8
__ptext77                                 text77       001792
__ptext78                                 text78       001614
__ptext79                                 text79       0022DE
__ptext8                                  text8        0024DC
__ptext80                                 text80       002404
__ptext81                                 text81       0023B8
__ptext82                                 text82       0023DE
__ptext83                                 text83       002542
__ptext84                                 text84       0020A8
__ptext85                                 text85       00026C
__ptext86                                 text86       0010AE
__ptext87                                 text87       0013EE
__ptext88                                 text88       000000
__ptext9                                  text9        0024EE
__ramtop                                  ramtop       000F00
__size_of_Brightness_Menu_Function        (abs)        000000
__size_of_Check_Buttons                   (abs)        000000
__size_of_Clear_Arrow_Column              (abs)        000000
__size_of_Clear_Brightness_Arrows         (abs)        000000
__size_of_Clear_runTime_Arrows            (abs)        000000
__size_of_Draw_Arrow                      (abs)        000000
__size_of_Draw_Brightness_Arrow           (abs)        000000
__size_of_Draw_Brightness_Menu            (abs)        000000
__size_of_Draw_runTime_Arrow              (abs)        000000
__size_of_Draw_runTime_Menu               (abs)        000000
__size_of_GLCD_ClearScreen                (abs)        000000
__size_of_GLCD_Delay                      (abs)        000000
__size_of_GLCD_DisableController          (abs)        000000
__size_of_GLCD_EnableController           (abs)        000000
__size_of_GLCD_GoTo                       (abs)        000000
__size_of_GLCD_Initalize                  (abs)        000000
__size_of_GLCD_InitializePorts            (abs)        000000
__size_of_GLCD_Line                       (abs)        000000
__size_of_GLCD_ReadData                   (abs)        000000
__size_of_GLCD_ReadStatus                 (abs)        000000
__size_of_GLCD_SetPixel                   (abs)        000000
__size_of_GLCD_WriteChar                  (abs)        000000
__size_of_GLCD_WriteCommand               (abs)        000000
__size_of_GLCD_WriteData                  (abs)        000000
__size_of_GLCD_WriteString                (abs)        000000
__size_of_INTERRUPT_Initialize            (abs)        000000
__size_of_INTERRUPT_InterruptManager      (abs)        000000
__size_of_Initialize_Menus                (abs)        000000
__size_of_Main_Menu_Function              (abs)        000000
__size_of_Make_Arrow                      (abs)        000000
__size_of_Make_Back_Arrow                 (abs)        000000
__size_of_OSCILLATOR_Initialize           (abs)        000000
__size_of_PIN_MANAGER_IOC                 (abs)        000000
__size_of_PIN_MANAGER_Initialize          (abs)        000000
__size_of_PWM2_Initialize                 (abs)        000000
__size_of_PWM2_LoadDutyValue              (abs)        000000
__size_of_PWM3_Initialize                 (abs)        000000
__size_of_PWM4_Initialize                 (abs)        000000
__size_of_Run_Time_Menu_Function          (abs)        000000
__size_of_SYSTEM_Initialize               (abs)        000000
__size_of_TMR0_DefaultInterruptHandler    (abs)        000000
__size_of_TMR0_ISR                        (abs)        000000
__size_of_TMR0_Initialize                 (abs)        000000
__size_of_TMR0_SetInterruptHandler        (abs)        000000
__size_of_TMR0_StartTimer                 (abs)        000000
__size_of_TMR4_Initialize                 (abs)        000000
__size_of_TMR4_StartTimer                 (abs)        000000
__size_of___awdiv                         (abs)        000000
__size_of___awtoft                        (abs)        000000
__size_of___ftadd                         (abs)        000000
__size_of___ftdiv                         (abs)        000000
__size_of___ftge                          (abs)        000000
__size_of___ftmul                         (abs)        000000
__size_of___ftpack                        (abs)        000000
__size_of___ftsub                         (abs)        000000
__size_of___fttol                         (abs)        000000
__size_of___lwdiv                         (abs)        000000
__size_of___lwmod                         (abs)        000000
__size_of_itoa                            (abs)        000000
__size_of_main                            (abs)        000000
__size_of_utoa                            (abs)        000000
__size_ofi2_Clear_Arrow_Column            (abs)        000000
__size_ofi2_Clear_Brightness_Arrows       (abs)        000000
__size_ofi2_Clear_runTime_Arrows          (abs)        000000
__size_ofi2_Draw_Arrow                    (abs)        000000
__size_ofi2_Draw_Brightness_Arrow         (abs)        000000
__size_ofi2_Draw_runTime_Arrow            (abs)        000000
__size_ofi2_GLCD_Delay                    (abs)        000000
__size_ofi2_GLCD_DisableController        (abs)        000000
__size_ofi2_GLCD_EnableController         (abs)        000000
__size_ofi2_GLCD_GoTo                     (abs)        000000
__size_ofi2_GLCD_ReadStatus               (abs)        000000
__size_ofi2_GLCD_WriteChar                (abs)        000000
__size_ofi2_GLCD_WriteCommand             (abs)        000000
__size_ofi2_GLCD_WriteData                (abs)        000000
__size_ofi2_GLCD_WriteString              (abs)        000000
__size_ofi2_Make_Arrow                    (abs)        000000
__size_ofi2_PWM2_LoadDutyValue            (abs)        000000
__size_ofi2___awdiv                       (abs)        000000
__size_ofi2___awtoft                      (abs)        000000
__size_ofi2___ftdiv                       (abs)        000000
__size_ofi2___ftmul                       (abs)        000000
__size_ofi2___ftpack                      (abs)        000000
__size_ofi2___fttol                       (abs)        000000
__size_ofi2___lwdiv                       (abs)        000000
__size_ofi2___lwmod                       (abs)        000000
__size_ofi2_itoa                          (abs)        000000
__size_ofi2_utoa                          (abs)        000000
__smallconst                              smallconst   000000
_adjustValues                             bssCOMRAM    00004E
_afterMinutes                             bssBANK0     0000A5
_appliedBrightness                        dataCOMRAM   000053
_brightnessContext                        bssCOMRAM    00004F
_brightnessPercent                        dataCOMRAM   000056
_color                                    mediumconst  00FF65
_currentContext                           bssCOMRAM    000051
_font5x8                                  mediumconst  00FD85
_itoa                                     text24       001F9C
_main                                     text0        001F50
_mainState                                bssCOMRAM    000052
_maxBrightness                            dataCOMRAM   000059
_runMinutes                               bssCOMRAM    00004D
_runTimeContext                           bssCOMRAM    000050
_runTimeX                                 dataBANK0    0000A8
_screen_x                                 bssBANK0     0000A4
[...]
      Temps:          1       0       0       0       0       0       0       0       0       0       0       0       0       0       0       0
      Totals:         3       0       0       0       0       0       0       0       0       0       0       0       0       0       0       0
Total ram usage:        3 bytes
 Hardware stack levels used:    1
 Hardware stack levels required when called:    2
 This function calls:
		i2_GLCD_Delay
		i2_GLCD_DisableController
		i2_GLCD_EnableController
		i2_GLCD_ReadStatus
 This function is called by:
		i2_GLCD_GoTo
 This function uses a non-reentrant model


 *************** function i2_GLCD_ReadStatus *****************
 Defined at:
		line 62 in file "ks0108lib/KS0108-PIC18.c"
 Parameters:    Size  Location     Type
  controller      1    wreg     unsigned char 
 Auto vars:     Size  Location     Type
  controller      1    2[COMRAM] unsigned char 
  GLCD_ReadSta    1    1[COMRAM] unsigned char 
 Return value:  Size  Location     Type
                  1    wreg      unsigned char 
 Registers used:
		wreg, status,2, status,0, cstack
 Tracked objects:
		On entry : 
		On exit  : 
		Unchanged: 
 Data sizes:     COMRAM   BANK0   BANK1   BANK2   BANK3   BANK4   BANK5   BANK6   BANK7   BANK8   BANK9  BANK10  BANK11  BANK12  BANK13  BANK14
      Params:         0       0       0       0       0       0       0       0       0       0       0       0       0       0       0       0
      Locals:         2       0       0       0       0       0       0       0       0       0       0       0       0       0       0       0
      Temps:          0       0       0       0       0       0       0       0       0       0       0       0       0       0       0       0
      Totals:         2       0       0       0       0       0       0       0       0       0       0       0       0       0       0       0
Total ram usage:        2 bytes
 Hardware stack levels used:    1
 Hardware stack levels required when called:    1
 This function calls:
		i2_GLCD_Delay
		i2_GLCD_DisableController
		i2_GLCD_EnableController
 This function is called by:
		i2_GLCD_WriteCommand
		i2_GLCD_WriteData
 This function uses a non-reentrant model


 *************** function i2_GLCD_EnableController *****************
 Defined at:
		line 39 in file "ks0108lib/KS0108-PIC18.c"
 Parameters:    Size  Location     Type
  controller      1    wreg     unsigned char 
 Auto vars:     Size  Location     Type
  controller      1    0[COMRAM] unsigned char 
 Return value:  Size  Location     Type
                  1    wreg      void 
 Registers used:
		wreg, status,2, status,0
 Tracked objects:
		On entry : 
		On exit  : 
		Unchanged: 
 Data sizes:     COMRAM   BANK0   BANK1   BANK2   BANK3   BANK4   BANK5   BANK6   BANK7   BANK8   BANK9  BANK10  BANK11  BANK12  BANK13  BANK14
      Params:         0       0       0       0       0       0       0       0       0       0       0       0       0       0       0       0
      Locals:         1       0       0       0       0       0       0       0       0       0       0       0       0       0       0       0
      Temps:          0       0       0       0       0       0       0       0       0       0       0       0       0       0       0       0
      Totals:         1       0       0       0       0       0       0       0       0       0       0       0       0       0       0       0
Total ram usage:        1 bytes
 Hardware stack levels used:    1
 This function calls:
		Nothing
 This function is called by:
		i2_GLCD_ReadStatus
		i2_GLCD_WriteCommand
		i2_GLCD_WriteData
 This function uses a non-reentrant model


 *************** function i2_GLCD_DisableController *****************
 Defined at:
		line 50 in file "ks0108lib/KS0108-PIC18.c"
 Parameters:    Size  Location     Type
  controller      1    wreg     unsigned char 
 Auto vars:     Size  Location     Type
  controller      1    0[COMRAM] unsigned char 
 Return value:  Size  Location     Type
                  1    wreg      void 
 Registers used:
		wreg, status,2, status,0
 Tracked objects:
		On entry : 
		On exit  : 
		Unchanged: 
 Data sizes:     COMRAM   BANK0   BANK1   BANK2   BANK3   BANK4   BANK5   BANK6   BANK7   BANK8   BANK9  BANK10  BANK11  BANK12  BANK13  BANK14
      Params:         0       0       0       0       0       0       0       0       0       0       0       0       0       0       0       0
      Locals:         1       0       0       0       0       0       0       0       0       0       0       0       0       0       0       0
      Temps:          0       0       0       0       0       0       0       0       0       0       0       0       0       0       0       0
      Totals:         1       0       0       0       0       0       0       0       0       0       0       0       0       0       0       0
Total ram usage:        1 bytes
 Hardware stack levels used:    1
 This function calls:
		Nothing
 This function is called by:
		i2_GLCD_ReadStatus
		i2_GLCD_WriteCommand
		i2_GLCD_WriteData
 This function uses a non-reentrant model


 *************** function i2_GLCD_Delay *****************
 Defined at:
		line 24 in file "ks0108lib/KS0108-PIC18.c"
 Parameters:    Size  Location     Type
		None
 Auto vars:     Size  Location     Type
		None
 Return value:  Size  Location     Type
                  1    wreg      void 
 Registers used:
		None
 Tracked objects:
		On entry : 
		On exit  : 
		Unchanged: 
 Data sizes:     COMRAM   BANK0   BANK1   BANK2   BANK3   BANK4   BANK5   BANK6   BANK7   BANK8   BANK9  BANK10  BANK11  BANK12  BANK13  BANK14
      Params:         0       0       0       0       0       0       0       0       0       0       0       0       0       0       0       0
      Locals:         0       0       0       0       0       0       0       0       0       0       0       0       0       0       0       0
      Temps:          0       0       0       0       0       0       0       0       0       0       0       0       0       0       0       0
      Totals:         0       0       0       0       0       0       0       0       0       0       0       0       0       0       0       0
Total ram usage:        0 bytes
 Hardware stack levels used:    1
 This function calls:
		Nothing
 This function is called by:
		i2_GLCD_ReadStatus
		i2_GLCD_WriteCommand
		i2_GLCD_WriteData
 This function uses a non-reentrant model


 *************** function ___ftsub *****************
 Defined at:
		line 20 in file "C:\Program Files (x86)\Microchip\xc8\v1.45\sources\common\ftsub.c"
 Parameters:    Size  Location     Type
  f1              3   20[COMRAM] float 
  f2              3   23[COMRAM] float 
 Auto vars:     Size  Location     Type
		None
 Return value:  Size  Location     Type
                  3   20[COMRAM] float 
 Registers used:
		wreg, status,2, status,0, cstack
 Tracked objects:
		On entry : 
		On exit  : 
		Unchanged: 
 Data sizes:     COMRAM   BANK0   BANK1   BANK2   BANK3   BANK4   BANK5   BANK6   BANK7   BANK8   BANK9  BANK10  BANK11  BANK12  BANK13  BANK14
      Params:         6       0       0       0       0       0       0       0       0       0       0       0       0       0       0       0
      Locals:         0       0       0       0       0       0       0       0       0       0       0       0       0       0       0       0
      Temps:          0       0       0       0       0       0       0       0       0       0       0       0       0       0       0       0
      Totals:         6       0       0       0       0       0       0       0       0       0       0       0       0       0       0       0
Total ram usage:        6 bytes
 Hardware stack levels used:    1
 Hardware stack levels required when called:    2
 This function calls:
		___ftadd
 This function is called by:
		_Brightness_Menu_Function
 This function uses a non-reentrant model


 *************** function ___ftadd *****************
 Defined at:
		line 86 in file "C:\Program Files (x86)\Microchip\xc8\v1.45\sources\common\ftadd.c"
 Parameters:    Size  Location     Type
  f1              3    8[COMRAM] float 
  f2              3   11[COMRAM] float 
 Auto vars:     Size  Location     Type
  exp1            1   19[COMRAM] unsigned char 
  exp2            1   18[COMRAM] unsigned char 
  sign            1   17[COMRAM] unsigned char 
 Return value:  Size  Location     Type
                  3    8[COMRAM] float 
 Registers used:
		wreg, status,2, status,0, cstack
 Tracked objects:
		On entry : 
		On exit  : 
		Unchanged: 
 Data sizes:     COMRAM   BANK0   BANK1   BANK2   BANK3   BANK4   BANK5   BANK6   BANK7   BANK8   BANK9  BANK10  BANK11  BANK12  BANK13  BANK14
      Params:         6       0       0       0       0       0       0       0       0       0       0       0       0       0       0       0
      Locals:         3       0       0       0       0       0       0       0       0       0       0       0       0       0       0       0
      Temps:          3       0       0       0       0       0       0       0       0       0       0       0       0       0       0       0
      Totals:        12       0       0       0       0       0       0       0       0       0       0       0       0       0       0       0
Total ram usage:       12 bytes
 Hardware stack levels used:    1
 Hardware stack levels required when called:    1
 This function calls:
		i2___ftpack
 This function is called by:
		_Brightness_Menu_Function
		___ftsub
 This function uses a non-reentrant model


 *************** function i2___ftpack *****************
 Defined at:
		line 62 in file "C:\Program Files (x86)\Microchip\xc8\v1.45\sources\common\float.c"
 Parameters:    Size  Location     Type
  arg             3    0[COMRAM] unsigned um
  exp             1    3[COMRAM] unsigned char 
  sign            1    4[COMRAM] unsigned char 
 Auto vars:     Size  Location     Type
		None
 Return value:  Size  Location     Type
                  3    0[COMRAM] float 
 Registers used:
		wreg, status,2, status,0
 Tracked objects:
		On entry : 
		On exit  : 
		Unchanged: 
 Data sizes:     COMRAM   BANK0   BANK1   BANK2   BANK3   BANK4   BANK5   BANK6   BANK7   BANK8   BANK9  BANK10  BANK11  BANK12  BANK13  BANK14
      Params:         5       0       0       0       0       0       0       0       0       0       0       0       0       0       0       0
      Locals:         0       0       0       0       0       0       0       0       0       0       0       0       0       0       0       0
      Temps:          3       0       0       0       0       0       0       0       0       0       0       0       0       0       0       0
      Totals:         8       0       0       0       0       0       0       0       0       0       0       0       0       0       0       0
Total ram usage:        8 bytes
 Hardware stack levels used:    1
 This function calls:
		Nothing
 This function is called by:
		___ftadd
		i2___awtoft
		i2___ftdiv
		i2___ftmul
 This function uses a non-reentrant model


 *************** function ___ftge *****************
 Defined at:
		line 4 in file "C:\Program Files (x86)\Microchip\xc8\v1.45\sources\common\ftge.c"
 Parameters:    Size  Location     Type
  ff1             3    0[COMRAM] float 
  ff2             3    3[COMRAM] float 
 Auto vars:     Size  Location     Type
		None
 Return value:  Size  Location     Type
		None               void
 Registers used:
		wreg, status,2, status,0
 Tracked objects:
		On entry : 
		On exit  : 
		Unchanged: 
 Data sizes:     COMRAM   BANK0   BANK1   BANK2   BANK3   BANK4   BANK5   BANK6   BANK7   BANK8   BANK9  BANK10  BANK11  BANK12  BANK13  BANK14
      Params:         6       0       0       0       0       0       0       0       0       0       0       0       0       0       0       0
      Locals:         0       0       0       0       0       0       0       0       0       0       0       0       0       0       0       0
      Temps:          3       0       0       0       0       0       0       0       0       0       0       0       0       0       0       0
      Totals:         9       0       0       0       0       0       0       0       0       0       0       0       0       0       0       0
Total ram usage:        9 bytes
 Hardware stack levels used:    1
 This function calls:
		Nothing
 This function is called by:
		_Brightness_Menu_Function
 This function uses a non-reentrant model



MODULE INFORMATION

Module		Function		Class		Link	Load	Size
screen_controls.c
		_Draw_Brightness_Menu		CODE           	0F28	0000	215
		_Draw_runTime_Menu		CODE           	0864	0000	289
		_Clear_runTime_Arrows		CODE           	1698	0000	129
		_Draw_Brightness_Arrow		CODE           	1D5C	0000	85
		_Make_Arrow    		CODE           	24A2	0000	21
		_Clear_Arrow_Column		CODE           	1A42	0000	95
		_Draw_runTime_Arrow		CODE           	18F8	0000	113
		_Initialize_Menus		CODE           	05A0	0000	369
		_Make_Back_Arrow		CODE           	227A	0000	51
		_Draw_Arrow    		CODE           	1D08	0000	85
		_Clear_Brightness_Arrows		CODE           	1C06	0000	89

screen_controls.c estimated size: 1541

ks0108lib/KS0108-PIC18.c
		_GLCD_WriteCommand		CODE           	21D4	0000	57
		_GLCD_WriteData		CODE           	180C	0000	121
		_GLCD_ReadData 		CODE           	1884	0000	117
		_GLCD_Delay    		CODE           	253E	0000	5
		_GLCD_DisableController		CODE           	2364	0000	43
		_GLCD_EnableController		CODE           	233A	0000	43
		_GLCD_ReadStatus		CODE           	230E	0000	45
		_GLCD_InitializePorts		CODE           	2528	0000	11

ks0108lib/KS0108-PIC18.c estimated size: 442

C:\Program Files (x86)\Microchip\xc8\v1.45\sources\common\ftsub.c
		___ftsub       		CODE           	20A8	0000	65

C:\Program Files (x86)\Microchip\xc8\v1.45\sources\common\ftsub.c estimated size: 65

C:\Program Files (x86)\Microchip\xc8\v1.45\sources\common\float.c
		___ftpack      		CODE           	0FFE	0000	177

C:\Program Files (x86)\Microchip\xc8\v1.45\sources\common\float.c estimated size: 177

ks0108lib/KS0108.c
		_GLCD_ClearScreen		CODE           	2244	0000	55
		_GLCD_WriteString		CODE           	1B56	0000	89
		_GLCD_WriteChar		CODE           	1BAE	0000	89
		_GLCD_GoTo     		CODE           	147E	0000	137
		_GLCD_Initalize		CODE           	244A	0000	35
		_GLCD_SetPixel 		CODE           	1206	0000	165

ks0108lib/KS0108.c estimated size: 570

mcc_generated_files/tmr4.c
		_TMR4_Initialize		CODE           	248E	0000	21
		_TMR4_StartTimer		CODE           	2532	0000	5

mcc_generated_files/tmr4.c estimated size: 26

mcc_generated_files/pwm4.c
		_PWM4_Initialize		CODE           	24CA	0000	19

mcc_generated_files/pwm4.c estimated size: 19

mcc_generated_files/interrupt_manager.c
		_INTERRUPT_Initialize		CODE           	253A	0000	5
		_INTERRUPT_InterruptManager		CODE           	0008	0000	173

mcc_generated_files/interrupt_manager.c estimated size: 178

mcc_generated_files/pwm2.c
		_PWM2_Initialize		CODE           	24EE	0000	19
		_PWM2_LoadDutyValue		CODE           	2124	0000	61

mcc_generated_files/pwm2.c estimated size: 80

mcc_generated_files/tmr0.c
		_TMR0_SetInterruptHandler		CODE           	251E	0000	11
		_TMR0_DefaultInterruptHandler		CODE           	254A	0000	3
		_TMR0_StartTimer		CODE           	2536	0000	5
		_TMR0_ISR      		CODE           	238E	0000	43
		_TMR0_Initialize		CODE           	2160	0000	59

mcc_generated_files/tmr0.c estimated size: 121

C:\Program Files (x86)\Microchip\xc8\v1.45\sources\common\ftge.c
		___ftge        		CODE           	13EE	0000	145

C:\Program Files (x86)\Microchip\xc8\v1.45\sources\common\ftge.c estimated size: 145

ks0108lib/graphic.c
		_GLCD_Line     		CODE           	00B8	0000	437

ks0108lib/graphic.c estimated size: 437

mcc_generated_files/pin_manager.c
		_PIN_MANAGER_Initialize		CODE           	20E8	0000	61
		_Brightness_Menu_Function		CODE           	0418	0000	393
		_Run_Time_Menu_Function		CODE           	1506	0000	137
		_PIN_MANAGER_IOC		CODE           	134E	0000	161
		_Main_Menu_Function		CODE           	246C	0000	35

mcc_generated_files/pin_manager.c estimated size: 787

C:\Program Files (x86)\Microchip\xc8\v1.45\sources\common\lwmod.c
		___lwmod       		CODE           	1FE0	0000	69

C:\Program Files (x86)\Microchip\xc8\v1.45\sources\common\lwmod.c estimated size: 69

C:\Program Files (x86)\Microchip\xc8\v1.45\sources\common\ftmul.c
		___ftmul       		CODE           	0A7C	0000	247

C:\Program Files (x86)\Microchip\xc8\v1.45\sources\common\ftmul.c estimated size: 247

C:\Program Files (x86)\Microchip\xc8\v1.45\sources\common\ftdiv.c
		___ftdiv       		CODE           	0D5A	0000	233

C:\Program Files (x86)\Microchip\xc8\v1.45\sources\common\ftdiv.c estimated size: 233

shared
		i2_GLCD_ReadStatus		CODE           	2404	0000	37
		i2_GLCD_WriteString		CODE           	1C5E	0000	87
		i2_Draw_Brightness_Arrow		CODE           	1E04	0000	85
		i2_utoa        		CODE           	12AA	0000	165
		_font5x8       		MEDIUMCONST    	FD85	0000	481
		i2_GLCD_EnableController		CODE           	23B8	0000	39
		i2___ftdiv     		CODE           	0E42	0000	231
		i2___fttol     		CODE           	0B72	0000	245
		i2___lwdiv     		CODE           	1EAC	0000	83
		_color         		MEDIUMCONST    	FF65	0000	2
		i2___awdiv     		CODE           	1614	0000	133
		i2___awtoft    		CODE           	220C	0000	57
		i2___ftmul     		CODE           	0C66	0000	245
		i2_GLCD_WriteCommand		CODE           	22DE	0000	49
		i2___lwmod     		CODE           	2066	0000	67
		i2___ftpack    		CODE           	10AE	0000	175
		i2_Draw_Arrow  		CODE           	1DB0	0000	85
		__initialization		CODE           	1AA0	0000	83
		i2_PWM2_LoadDutyValue		CODE           	22AC	0000	51
		i2_GLCD_GoTo   		CODE           	1792	0000	123
		i2_GLCD_Delay  		CODE           	2542	0000	5
		i2_GLCD_WriteData		CODE           	19D8	0000	107
		i2_itoa        		CODE           	2024	0000	67
		i2_GLCD_WriteChar		CODE           	1EFE	0000	83
		i2_Clear_runTime_Arrows		CODE           	1718	0000	123
		i2_Clear_Brightness_Arrows		CODE           	1E58	0000	85
		i2_Clear_Arrow_Column		CODE           	1AFC	0000	91
		i2_Make_Arrow  		CODE           	24B6	0000	21
		i2_GLCD_DisableController		CODE           	23DE	0000	39
		i2_Draw_runTime_Arrow		CODE           	1968	0000	113

shared estimated size: 3257

mcc_generated_files/mcc.c
		_OSCILLATOR_Initialize		CODE           	2500	0000	19
		_SYSTEM_Initialize		CODE           	2428	0000	35

mcc_generated_files/mcc.c estimated size: 54

C:\Program Files (x86)\Microchip\xc8\v1.45\sources\common\fttol.c
		___fttol       		CODE           	0984	0000	249

C:\Program Files (x86)\Microchip\xc8\v1.45\sources\common\fttol.c estimated size: 249

mcc_generated_files/pwm3.c
		_PWM3_Initialize		CODE           	24DC	0000	19

mcc_generated_files/pwm3.c estimated size: 19

C:\Program Files (x86)\Microchip\xc8\v1.45\sources\common\awtoft.c
		___awtoft      		CODE           	219A	0000	59

C:\Program Files (x86)\Microchip\xc8\v1.45\sources\common\awtoft.c estimated size: 59

C:\Program Files (x86)\Microchip\xc8\v1.45\sources\common\lwdiv.c
		___lwdiv       		CODE           	1CB4	0000	85

C:\Program Files (x86)\Microchip\xc8\v1.45\sources\common\lwdiv.c estimated size: 85

C:\Program Files (x86)\Microchip\xc8\v1.45\sources\common\awdiv.c
		___awdiv       		CODE           	158E	0000	135

C:\Program Files (x86)\Microchip\xc8\v1.45\sources\common\awdiv.c estimated size: 135

C:\Program Files (x86)\Microchip\xc8\v1.45\sources\common\ftadd.c
		___ftadd       		CODE           	026C	0000	429

C:\Program Files (x86)\Microchip\xc8\v1.45\sources\common\ftadd.c estimated size: 429

main.c
		_main          		CODE           	1F50	0000	77
		_Check_Buttons 		CODE           	0710	0000	341

main.c estimated size: 418

C:\Program Files (x86)\Microchip\xc8\v1.45\sources\common\itoa.c
		_itoa          		CODE           	1F9C	0000	69
		_utoa          		CODE           	115C	0000	171

C:\Program Files (x86)\Microchip\xc8\v1.45\sources\common\itoa.c estimated size: 240

