Microchip MPLAB XC8 Compiler V1.45 ()

Linker command line:

-W-3 --edf=C:\Program Files (x86)\Microchip\xc8\v1.45\dat\en_msgs.txt -cs \
  -h+dist/default/production\napping_light.X.production.sym \
  --cmf=dist/default/production\napping_light.X.production.cmf -z \
  -Q18F46K80 -oC:\Users\codem\AppData\Local\Temp\s4v4.2 \
  -Mdist/default/production/napping_light.X.production.map -E1 -ver=XC8 \
  -ASTACK=0ADh-0e40h -pstack=STACK -ACODE=00h-0FFFFh -ACONST=00h-0FFFFh \
  -ASMALLCONST=0F00h-0FFFhx241 -AMEDIUMCONST=0F00h-0FFFFh -ACOMRAM=01h-05Fh \
  -AABS1=00h-0E40h -ABIGRAM=01h-0E40h \
  -ARAM=060h-0FFh,0100h-01FFhx13,0E00h-0E40h -ABANK0=060h-0FFh \
  -ABANK1=0100h-01FFh -ABANK2=0200h-02FFh -ABANK3=0300h-03FFh \
  -ABANK4=0400h-04FFh -ABANK5=0500h-05FFh -ABANK6=0600h-06FFh \
  -ABANK7=0700h-07FFh -ABANK8=0800h-08FFh -ABANK9=0900h-09FFh \
  -ABANK10=0A00h-0AFFh -ABANK11=0B00h-0BFFh -ABANK12=0C00h-0CFFh \
  -ABANK13=0D00h-0DFFh -ABANK14=0E00h-0E40h \
  -ASFR=0E41h-0EFFh,0F00h-0F5Fh,0F60h-0FFFh \
  -preset_vec=00h,intcode=08h,intcodelo,powerup,init -pramtop=0F00h \
  -psmallconst=SMALLCONST -pmediumconst=MEDIUMCONST -pconst=CONST \
  -AFARRAM=00h-00h -ACONFIG=0300000h-030000Dh -pconfig=CONFIG \
  -AIDLOC=0200000h-0200007h -pidloc=IDLOC -AEEDATA=0F00000h-0F003FFh \
  -peeprom_data=EEDATA \
  -prdata=COMRAM,nvrram=COMRAM,nvbit=COMRAM,rbss=COMRAM,rbit=COMRAM \
  -pfarbss=FARRAM,fardata=FARRAM,nvFARRAM=FARRAM \
  -pintsave_regs=BIGRAM,bigbss=BIGRAM,bigdata=BIGRAM -pbss=RAM \
  -pidata=CODE,irdata=CODE,ibigdata=CODE,ifardata=CODE -prparam=COMRAM \
  C:\Users\codem\AppData\Local\Temp\s4v4.obj \
  dist/default/production\napping_light.X.production.obj 

Object code version is 3.11

Machine type is 18F46K80

Call graph: (short form)




                Name                               Link     Load   Length Selector   Space Scale
C:\Users\codem\AppData\Local\Temp\s4v4.obj
                init                                 B4       B4        4        4       0
                reset_vec                             0        0        4        0       0
                idloc                            200000   200000        8   200000       0
                config                           300000   300000        E   300000       0
dist/default/production\napping_light.X.production.obj
                intcode                               8        8       AC        4       0
                temp                                 45       45        1        1       1
                mediumconst                        FDA0     FDA0      260     7ED0       0
                text66                             1654     1654        4        4       0
                text65                             150A     150A       26        4       0
                text64                             14E4     14E4       26        4       0
                text63                             1530     1530       24        4       0
                text62                             140A     140A       30        4       0
                text61                              9CC      9CC       84        4       0
                text60                              B4A      B4A       7A        4       0
                text59                              D90      D90       6A        4       0
                text58                              EB2      EB2       5A        4       0
                text57                              AD0      AD0       7A        4       0
                text56                             15F6     15F6       14        4       0
                text55                              D20      D20       70        4       0
                text54                             122E     122E       44        4       0
                text53                             1576     1576       22        4       0
                text52                             1110     1110       52        4       0
                text51                             1014     1014       56        4       0
                text50                             10BE     10BE       52        4       0
                text49                             12B4     12B4       42        4       0
                text48                              6FA      6FA       A4        4       0
                text47                             1272     1272       42        4       0
                text46                              8BE      8BE       88        4       0
                text45                              79E      79E       98        4       0
                text44                             165E     165E        2        4       0
                text43                             14BA     14BA       2A        4       0
                text41                             1650     1650        4        4       0
                text40                             1490     1490       2A        4       0
                text39                             1466     1466       2A        4       0
                text38                             143A     143A       2C        4       0
                text37                             136A     136A       38        4       0
                text36                              946      946       86        4       0
                text35                              836      836       88        4       0
                text34                              BC4      BC4       78        4       0
                text33                              DFA      DFA       5E        4       0
                text32                              A50      A50       80        4       0
                text31                             15E2     15E2       14        4       0
                text30                              CB0      CB0       70        4       0
                text29                             11EA     11EA       44        4       0
                text28                             13A2     13A2       36        4       0
                text27                              C3C      C3C       74        4       0
                text26                              656      656       A4        4       0
                text25                               B8       B8      1B4        4       0
                text24                              FBC      FBC       58        4       0
                text23                              F64      F64       58        4       0
                text22                             13D8     13D8       32        4       0
                text21                             106A     106A       54        4       0
                text20                             11A6     11A6       44        4       0
                text19                              5AC      5AC       AA        4       0
                text18                             1162     1162       44        4       0
                text17                              3DC      3DC      120        4       0
                text16                              26C      26C      170        4       0
                text15                              4FC      4FC       B0        4       0
                text14                             163A     163A        A        4       0
                text13                             1554     1554       22        4       0
                text12                             1598     1598       1C        4       0
                text11                             164C     164C        4        4       0
                text10                             160A     160A       12        4       0
                text9                              1630     1630        A        4       0
                text8                              1626     1626        A        4       0
                text7                               F0C      F0C       58        4       0
                text6                              161C     161C        A        4       0
                text5                              1648     1648        4        4       0
                text4                              1330     1330       3A        4       0
                text3                              1644     1644        4        4       0
                text2                              15CE     15CE       14        4       0
                text1                              15B4     15B4       1A        4       0
                text0                              12F6     12F6       3A        4       0
                cstackCOMRAM                          1        1       39        1       1
                cstackBANK0                          60       60       3F       60       1
                dataBANK0                            AA       AA        3       60       1
                bssBANK0                             A7       A7        3       60       1
                dataCOMRAM                           42       42        3        1       1
                bssCOMRAM                            3A       3A        8        1       1
                cinit                               E58      E58       5A        4       0
                nvBANK0                              9F       9F        8       60       1
                idataBANK0                         165B     165B        3        4       0
                idataCOMRAM                        1658     1658        3        4       0

TOTAL           Name                               Link     Load   Length     Space
        CLASS   STACK          

        CLASS   CODE           
                intcode                               8        8       AC         0
                init                                 B4       B4        4         0
                reset_vec                             0        0        4         0
                text66                             1654     1654        4         0
                text65                             150A     150A       26         0
                text64                             14E4     14E4       26         0
                text63                             1530     1530       24         0
                text62                             140A     140A       30         0
                text61                              9CC      9CC       84         0
                text60                              B4A      B4A       7A         0
                text59                              D90      D90       6A         0
                text58                              EB2      EB2       5A         0
                text57                              AD0      AD0       7A         0
                text56                             15F6     15F6       14         0
                text55                              D20      D20       70         0
                text54                             122E     122E       44         0
                text53                             1576     1576       22         0
                text52                             1110     1110       52         0
                text51                             1014     1014       56         0
                text50                             10BE     10BE       52         0
                text49                             12B4     12B4       42         0
                text48                              6FA      6FA       A4         0
                text47                             1272     1272       42         0
                text46                              8BE      8BE       88         0
                text45                              79E      79E       98         0
                text44                             165E     165E        2         0
                text43                             14BA     14BA       2A         0
                text41                             1650     1650        4         0
                text40                             1490     1490       2A         0
                text39                             1466     1466       2A         0
                text38                             143A     143A       2C         0
                text37                             136A     136A       38         0
                text36                              946      946       86         0
                text35                              836      836       88         0
                text34                              BC4      BC4       78         0
                text33                              DFA      DFA       5E         0
                text32                              A50      A50       80         0
                text31                             15E2     15E2       14         0
                text30                              CB0      CB0       70         0
                text29                             11EA     11EA       44         0
                text28                             13A2     13A2       36         0
                text27                              C3C      C3C       74         0
                text26                              656      656       A4         0
                text25                               B8       B8      1B4         0
                text24                              FBC      FBC       58         0
                text23                              F64      F64       58         0
                text22                             13D8     13D8       32         0
                text21                             106A     106A       54         0
                text20                             11A6     11A6       44         0
                text19                              5AC      5AC       AA         0
                text18                             1162     1162       44         0
                text17                              3DC      3DC      120         0
                text16                              26C      26C      170         0
                text15                              4FC      4FC       B0         0
                text14                             163A     163A        A         0
                text13                             1554     1554       22         0
                text12                             1598     1598       1C         0
                text11                             164C     164C        4         0
                text10                             160A     160A       12         0
                text9                              1630     1630        A         0
                text8                              1626     1626        A         0
                text7                               F0C      F0C       58         0
                text6                              161C     161C        A         0
                text5                              1648     1648        4         0
                text4                              1330     1330       3A         0
                text3                              1644     1644        4         0
                text2                              15CE     15CE       14         0
                text1                              15B4     15B4       1A         0
                text0                              12F6     12F6       3A         0
                cinit                               E58      E58       5A         0
                idataBANK0                         165B     165B        3         0
                idataCOMRAM                        1658     1658        3         0

        CLASS   CONST          

        CLASS   SMALLCONST     

        CLASS   MEDIUMCONST    
                mediumconst                        FDA0     FDA0      260         0

        CLASS   COMRAM         
                temp                                 45       45        1         1
                cstackCOMRAM                          1        1       39         1
                dataCOMRAM                           42       42        3         1
                bssCOMRAM                            3A       3A        8         1

        CLASS   ABS1           

        CLASS   BIGRAM         

        CLASS   RAM            

        CLASS   BANK0          
                cstackBANK0                          60       60       3F         1
                dataBANK0                            AA       AA        3         1
                bssBANK0                             A7       A7        3         1
                nvBANK0                              9F       9F        8         1

        CLASS   BANK1          

        CLASS   BANK2          

        CLASS   BANK3          

        CLASS   BANK4          

        CLASS   BANK5          

        CLASS   BANK6          

        CLASS   BANK7          

        CLASS   BANK8          

        CLASS   BANK9          

        CLASS   BANK10         

        CLASS   BANK11         

        CLASS   BANK12         

        CLASS   BANK13         

        CLASS   BANK14         

        CLASS   SFR            

        CLASS   FARRAM         

        CLASS   CONFIG         
                config                           300000   300000        E         0

        CLASS   IDLOC          
                idloc                            200000   200000        8         0

        CLASS   EEDATA         



SEGMENTS        Name                           Load    Length   Top    Selector   Space  Class

                reset_vec                      000000  000004  000004         0       0  CODE    
                cstackCOMRAM                   000001  000045  000046         1       1  COMRAM  
                intcode                        000008  001658  001660         4       0  CODE    
                cstackBANK0                    000060  00004D  0000AD        60       1  BANK0   
                mediumconst                    00FDA0  000260  010000      7ED0       0  MEDIUMCO
                idloc                          200000  000008  200008    200000       0  IDLOC   
                config                         300000  00000E  30000E    300000       0  CONFIG  


UNUSED ADDRESS RANGES

        Name                Unused          Largest block    Delta
        BANK0            0000AD-0000FF               53
        BANK1            000100-0001FF              100
        BANK10           000A00-000AFF              100
        BANK11           000B00-000BFF              100
        BANK12           000C00-000CFF              100
        BANK13           000D00-000DFF              100
        BANK14           000E00-000E40               41
        BANK2            000200-0002FF              100
        BANK3            000300-0003FF              100
        BANK4            000400-0004FF              100
        BANK5            000500-0005FF              100
        BANK6            000600-0006FF              100
        BANK7            000700-0007FF              100
        BANK8            000800-0008FF              100
        BANK9            000900-0009FF              100
        BIGRAM           000046-00005F               1A
                         0000AD-000E40              D94
        CODE             000004-000007                4
                         001660-00FD9F             E740
        COMRAM           000046-00005F               1A
        CONST            000004-000007                4
                         001660-00FD9F             E740
        EEDATA           F00000-F003FF              400
        MEDIUMCONST      001660-00FD9F             E740
        RAM              0000AD-000E40              100
        SFR              000E41-000FFF               BF
        SMALLCONST       001660-00FD9F              100
        STACK            0000AD-000E40              D94

                                  Symbol Table

?___awdiv                                  cstackBANK0  000060
?___lwdiv                                  cstackBANK0  000060
?___lwmod                                  cstackBANK0  000060
?i2___awdiv                                cstackCOMRAM 000001
?i2___lwdiv                                cstackCOMRAM 000001
?i2___lwmod                                cstackCOMRAM 000001
Clear_Arrow_Column@i                       cstackBANK0  000076
Clear_Arrow_Column@j                       cstackBANK0  000075
Clear_runTime_Arrows@i                     cstackBANK0  00006E
Draw_runTime_Menu@display                  cstackBANK0  000093
GLCD_ClearScreen@i                         cstackBANK0  00006E
GLCD_ClearScreen@j                         cstackBANK0  00006F
GLCD_DisableController@controller          cstackBANK0  000060
GLCD_EnableController@controller           cstackBANK0  000060
GLCD_GoTo@i                                cstackBANK0  00006D
GLCD_GoTo@x                                cstackBANK0  00006C
GLCD_GoTo@y                                cstackBANK0  00006B
GLCD_Initalize@i                           cstackBANK0  00006B
GLCD_Line@CurrentX                         cstackBANK0  00008B
GLCD_Line@CurrentY                         cstackBANK0  00008D
GLCD_Line@Dx                               cstackBANK0  00008F
GLCD_Line@Dy                               cstackBANK0  000091
GLCD_Line@TwoDx                            cstackBANK0  000087
GLCD_Line@TwoDxAccumulatedError            cstackBANK0  00007F
GLCD_Line@TwoDy                            cstackBANK0  000089
GLCD_Line@TwoDyAccumulatedError            cstackBANK0  000081
GLCD_Line@X1                               cstackBANK0  000075
GLCD_Line@X2                               cstackBANK0  000079
GLCD_Line@Xinc                             cstackBANK0  000083
GLCD_Line@Y1                               cstackBANK0  000077
GLCD_Line@Y2                               cstackBANK0  00007B
GLCD_Line@Yinc                             cstackBANK0  000085
GLCD_ReadData@data                         cstackBANK0  000069
GLCD_ReadStatus@controller                 cstackBANK0  000062
GLCD_ReadStatus@status                     cstackBANK0  000061
GLCD_SetPixel@color                        cstackBANK0  00006F
GLCD_SetPixel@tmp                          cstackBANK0  000072
GLCD_SetPixel@x                            cstackBANK0  000073
GLCD_SetPixel@y                            cstackBANK0  00006E
GLCD_WriteChar@charToWrite                 cstackBANK0  00006A
GLCD_WriteChar@i                           cstackBANK0  00006B
GLCD_WriteCommand@commandToWrite           cstackBANK0  00006A
GLCD_WriteCommand@controller               cstackBANK0  000068
GLCD_WriteData@dataToWrite                 cstackBANK0  000069
GLCD_WriteString@stringToWrite             cstackBANK0  00006D
IOCB4_SetInterruptHandler@InterruptHandler cstackBANK0  000060
IOCB5_SetInterruptHandler@InterruptHandler cstackBANK0  000060
Initialize_Menus@display                   cstackBANK0  000093
Main_Menu_Function@result                  cstackCOMRAM 000018
PIN_MANAGER_IOC@CHA                        cstackCOMRAM 000026
PIN_MANAGER_IOC@CHB                        cstackCOMRAM 000025
PIN_MANAGER_IOC@currentState               cstackCOMRAM 000024
PIN_MANAGER_IOC@previousState              bssCOMRAM    00003C
PIN_MANAGER_IOC@result                     cstackCOMRAM 000027
Run_Time_Menu_Function@display             cstackCOMRAM 000019
Run_Time_Menu_Function@result              cstackCOMRAM 000023
TMR0_SetInterruptHandler@InterruptHandler  cstackBANK0  000060
_ANCON0                                    (abs)        000F5D
_ANCON1                                    (abs)        000F5C
_ARROW_SIZE                                dataBANK0    0000AB
_CCP1CON                                   (abs)        000FBB
_CCPR1H                                    (abs)        000FBD
_CCPR1L                                    (abs)        000FBC
_CCPTMRSbits                               (abs)        000F99
_Check_Buttons                             text15       0004FC
_Clear_Arrow_Column                        text33       000DFA
_Clear_runTime_Arrows                      text32       000A50
_Draw_Arrow                                text29       0011EA
_Draw_runTime_Arrow                        text30       000CB0
_Draw_runTime_Menu                         text17       0003DC
_ECCP1AS                                   (abs)        000FBF
_ECCP1DEL                                  (abs)        000FBE
_EEADR                                     (abs)        000F74
_EEADRH                                    (abs)        000F75
_EECON1bits                                (abs)        000F7F
_EECON2                                    (abs)        000F7E
_EEDATA                                    (abs)        000F73
_EPWM1_Initialize                          text12       001598
_GLCD_ClearScreen                          text28       0013A2
_GLCD_Delay                                text41       001650
_GLCD_DisableController                    text40       001490
_GLCD_EnableController                     text39       001466
_GLCD_GoTo                                 text35       000836
_GLCD_Initalize                            text13       001554
_GLCD_InitializePorts                      text14       00163A
_GLCD_Line                                 text25       0000B8
_GLCD_ReadData                             text27       000C3C
_GLCD_ReadStatus                           text38       00143A
_GLCD_SetPixel                             text26       000656
_GLCD_SetPixel$1733                        cstackBANK0  000074
_GLCD_WriteChar                            text24       000FBC
_GLCD_WriteCommand                         text37       00136A
_GLCD_WriteData                            text34       000BC4
_GLCD_WriteString                          text23       000F64
_INTCONbits                                (abs)        000FF2
_INTERRUPT_Initialize                      text11       00164C
_INTERRUPT_InterruptManager                intcode      000008
_IOCB4_DefaultInterruptHandler             (abs)        000000
_IOCB4_InterruptHandler                    nvBANK0      0000A5
_IOCB4_SetInterruptHandler                 text9        001630
_IOCB5_DefaultInterruptHandler             (abs)        000000
_IOCB5_InterruptHandler                    nvBANK0      0000A3
_IOCB5_SetInterruptHandler                 text8        001626
_IOCBbits                                  (abs)        000F5A
_Initialize_Menus                          text16       00026C
_LATA                                      (abs)        000F89
_LATB                                      (abs)        000F8A
_LATC                                      (abs)        000F8B
_LATD                                      (abs)        000F8C
_LATE                                      (abs)        000F8D
_LATEbits                                  (abs)        000F8D
_Main_Menu_Function                        text53       001576
_Make_Arrow                                text31       0015E2
_Make_Back_Arrow                           text22       0013D8
_OSCCON                                    (abs)        000FD3
_OSCCON2                                   (abs)        000FD2
_OSCILLATOR_Initialize                     text10       00160A
_OSCTUNE                                   (abs)        000F9B
_PIN_MANAGER_IOC                           text45       00079E
_PIN_MANAGER_Initialize                    text7        000F0C
_PIR4bits                                  (abs)        000FB7
_PORTA                                     (abs)        000F80
_PORTB                                     (abs)        000F81
_PORTBbits                                 (abs)        000F81
_PORTC                                     (abs)        000F82
_PR4                                       (abs)        000FA9
_PSTR1CON                                  (abs)        000F9C
_RCONbits                                  (abs)        000FD0
_REFOCON                                   (abs)        000F9A
_Run_Time_Menu_Function                    text46       0008BE
_SYSTEM_Initialize                         text1        0015B4
_T0CON                                     (abs)        000FD5
_T0CONbits                                 (abs)        000FD5
_T4CON                                     (abs)        000F88
_T4CONbits                                 (abs)        000F88
_TABLAT                                    (abs)        000FF5
_TBLPTRH                                   (abs)        000FF7
_TBLPTRL                                   (abs)        000FF6
_TBLPTRU                                   (abs)        000FF8
_TMR0H                                     (abs)        000FD7
_TMR0L                                     (abs)        000FD6
_TMR0_DefaultInterruptHandler              text44       00165E
_TMR0_ISR                                  text43       0014BA
_TMR0_Initialize                           text4        001330
_TMR0_InterruptHandler                     nvBANK0      0000A1
_TMR0_SetInterruptHandler                  text6        00161C
_TMR0_StartTimer                           text5        001648
_TMR4                                      (abs)        000F87
_TMR4_Initialize                           text2        0015CE
_TMR4_StartTimer                           text3        001644
_TRISA                                     (abs)        000F92
_TRISB                                     (abs)        000F93
_TRISC                                     (abs)        000F94
_TRISD                                     (abs)        000F95
_TRISE                                     (abs)        000F96
_WPUB                                      (abs)        000F5B
__CFG_BBSIZ$BB2K                           (abs)        000000
__CFG_BOREN$SBORDIS                        (abs)        000000
__CFG_BORPWR$ZPBORMV                       (abs)        000000
__CFG_BORV$3                               (abs)        000000
__CFG_CANMX$PORTB                          (abs)        000000
__CFG_CP0$OFF                              (abs)        000000
__CFG_CP1$OFF                              (abs)        000000
__CFG_CP2$OFF                              (abs)        000000
__CFG_CP3$OFF                              (abs)        000000
__CFG_CPB$OFF                              (abs)        000000
__CFG_CPD$OFF                              (abs)        000000
__CFG_EBTR0$OFF                            (abs)        000000
__CFG_EBTR1$OFF                            (abs)        000000
__CFG_EBTR2$OFF                            (abs)        000000
__CFG_EBTR3$OFF                            (abs)        000000
__CFG_EBTRB$OFF                            (abs)        000000
__CFG_FCMEN$OFF                            (abs)        000000
__CFG_FOSC$INTIO2                          (abs)        000000
__CFG_IESO$OFF                             (abs)        000000
__CFG_INTOSCSEL$HIGH                       (abs)        000000
__CFG_MCLRE$ON                             (abs)        000000
__CFG_MSSPMSK$MSK7                         (abs)        000000
__CFG_PLLCFG$OFF                           (abs)        000000
__CFG_PWRTEN$OFF                           (abs)        000000
__CFG_RETEN$OFF                            (abs)        000000
__CFG_SOSCSEL$DIG                          (abs)        000000
__CFG_STVREN$ON                            (abs)        000000
__CFG_WDTEN$OFF                            (abs)        000000
__CFG_WDTPS$1048576                        (abs)        000000
__CFG_WRT0$OFF                             (abs)        000000
__CFG_WRT1$OFF                             (abs)        000000
__CFG_WRT2$OFF                             (abs)        000000
__CFG_WRT3$OFF                             (abs)        000000
__CFG_WRTB$OFF                             (abs)        000000
__CFG_WRTC$OFF                             (abs)        000000
__CFG_WRTD$OFF                             (abs)        000000
__CFG_XINST$OFF                            (abs)        000000
__HRAM                                     (abs)        000000
__Habs1                                    abs1         000000
__Hbank0                                   bank0        000000
__Hbank1                                   bank1        000000
__Hbank10                                  bank10       000000
__Hbank11                                  bank11       000000
__Hbank12                                  bank12       000000
__Hbank13                                  bank13       000000
__Hbank14                                  bank14       000000
__Hbank2                                   bank2        000000
__Hbank3                                   bank3        000000
__Hbank4                                   bank4        000000
__Hbank5                                   bank5        000000
__Hbank6                                   bank6        000000
__Hbank7                                   bank7        000000
__Hbank8                                   bank8        000000
__Hbank9                                   bank9        000000
__Hbigbss                                  bigbss       000000
__Hbigdata                                 bigdata      000000
__Hbigram                                  bigram       000000
__Hbss                                     bss          000000
__HbssBANK0                                bssBANK0     000000
__HbssCOMRAM                               bssCOMRAM    000000
__Hcinit                                   cinit        000000
__Hclrtext                                 clrtext      000000
__Hcomram                                  comram       000000
__Hconfig                                  config       30000E
__Hconst                                   const        000000
__HcstackBANK0                             cstackBANK0  000000
__HcstackCOMRAM                            cstackCOMRAM 000000
__Hdata                                    data         000000
__HdataBANK0                               dataBANK0    000000
__HdataCOMRAM                              dataCOMRAM   000000
__Heeprom_data                             eeprom_data  000000
__Hfarbss                                  farbss       000000
__Hfardata                                 fardata      000000
__Hibigdata                                ibigdata     000000
__Hidata                                   idata        000000
__HidataBANK0                              idataBANK0   000000
__HidataCOMRAM                             idataCOMRAM  000000
__Hidloc                                   idloc        200008
__Hifardata                                ifardata     000000
__Hinit                                    init         0000B8
__Hintcode                                 intcode      0000B4
__Hintcode_body                            intcode_body 000000
__Hintcodelo                               intcodelo    0000B4
__Hintentry                                intentry     000000
__Hintret                                  intret       000000
__Hintsave_regs                            intsave_regs 000000
__Hirdata                                  irdata       000000
__Hmediumconst                             mediumconst  010000
__HnvBANK0                                 nvBANK0      000000
__HnvFARRAM                                nvFARRAM     000000
__Hnvbit                                   nvbit        000000
__Hnvrram                                  nvrram       000000
__Hparam                                   rparam       000000
__Hpowerup                                 powerup      0000B4
__Hram                                     ram          000000
__Hramtop                                  ramtop       000F00
__Hrbit                                    rbit         000000
__Hrbss                                    rbss         000000
__Hrdata                                   rdata        000000
__Hreset_vec                               reset_vec    000004
__Hrparam                                  rparam       000000
__Hsfr                                     sfr          000000
__Hsmallconst                              smallconst   000000
__Hspace_0                                 (abs)        30000E
__Hspace_1                                 (abs)        0000AD
__Hspace_2                                 (abs)        000000
__Hstack                                   stack        000000
__Hstruct                                  struct       000000
__Htemp                                    temp         000046
__Htext                                    text         000000
__Htext0                                   text0        000000
__Htext1                                   text1        000000
__Htext10                                  text10       000000
__Htext11                                  text11       000000
__Htext12                                  text12       000000
__Htext13                                  text13       000000
__Htext14                                  text14       000000
__Htext15                                  text15       000000
__Htext16                                  text16       000000
__Htext17                                  text17       000000
__Htext18                                  text18       000000
__Htext19                                  text19       000000
__Htext2                                   text2        000000
__Htext20                                  text20       000000
__Htext21                                  text21       000000
__Htext22                                  text22       000000
__Htext23                                  text23       000000
__Htext24                                  text24       000000
__Htext25                                  text25       000000
__Htext26                                  text26       000000
__Htext27                                  text27       000000
__Htext28                                  text28       000000
__Htext29                                  text29       000000
__Htext3                                   text3        000000
__Htext30                                  text30       000000
__Htext31                                  text31       000000
__Htext32                                  text32       000000
__Htext33                                  text33       000000
__Htext34                                  text34       000000
__Htext35                                  text35       000000
__Htext36                                  text36       000000
__Htext37                                  text37       000000
__Htext38                                  text38       000000
__Htext39                                  text39       000000
__Htext4                                   text4        000000
__Htext40                                  text40       000000
__Htext41                                  text41       000000
__Htext43                                  text43       000000
__Htext44                                  text44       000000
__Htext45                                  text45       000000
__Htext46                                  text46       000000
__Htext47                                  text47       000000
__Htext48                                  text48       000000
__Htext49                                  text49       000000
__Htext5                                   text5        000000
__Htext50                                  text50       000000
__Htext51                                  text51       000000
__Htext52                                  text52       000000
__Htext53                                  text53       000000
__Htext54                                  text54       000000
__Htext55                                  text55       000000
__Htext56                                  text56       000000
__Htext57                                  text57       000000
__Htext58                                  text58       000000
__Htext59                                  text59       000000
__Htext6                                   text6        000000
__Htext60                                  text60       000000
__Htext61                                  text61       000000
__Htext62                                  text62       000000
__Htext63                                  text63       000000
__Htext64                                  text64       000000
__Htext65                                  text65       000000
__Htext66                                  text66       000000
__Htext67                                  text67       000000
__Htext7                                   text7        000000
__Htext8                                   text8        000000
__Htext9                                   text9        000000
__LRAM                                     (abs)        000001
__Labs1                                    abs1         000000
__Lbank0                                   bank0        000000
__Lbank1                                   bank1        000000
__Lbank10                                  bank10       000000
__Lbank11                                  bank11       000000
__Lbank12                                  bank12       000000
__Lbank13                                  bank13       000000
__Lbank14                                  bank14       000000
__Lbank2                                   bank2        000000
__Lbank3                                   bank3        000000
__Lbank4                                   bank4        000000
__Lbank5                                   bank5        000000
__Lbank6                                   bank6        000000
__Lbank7                                   bank7        000000
__Lbank8                                   bank8        000000
__Lbank9                                   bank9        000000
__Lbigbss                                  bigbss       000000
__Lbigdata                                 bigdata      000000
__Lbigram                                  bigram       000000
__Lbss                                     bss          000000
__LbssBANK0                                bssBANK0     000000
__LbssCOMRAM                               bssCOMRAM    000000
__Lcinit                                   cinit        000000
__Lclrtext                                 clrtext      000000
__Lcomram                                  comram       000000
__Lconfig                                  config       300000
__Lconst                                   const        000000
__LcstackBANK0                             cstackBANK0  000000
__LcstackCOMRAM                            cstackCOMRAM 000000
__Ldata                                    data         000000
__LdataBANK0                               dataBANK0    000000
__LdataCOMRAM                              dataCOMRAM   000000
__Leeprom_data                             eeprom_data  000000
__Lfarbss                                  farbss       000000
__Lfardata                                 fardata      000000
__Libigdata                                ibigdata     000000
__Lidata                                   idata        000000
__LidataBANK0                              idataBANK0   000000
__LidataCOMRAM                             idataCOMRAM  000000
__Lidloc                                   idloc        200000
__Lifardata                                ifardata     000000
__Linit                                    init         0000B4
__Lintcode                                 intcode      000008
__Lintcode_body                            intcode_body 000000
__Lintcodelo                               intcodelo    0000B4
__Lintentry                                intentry     000000
__Lintret                                  intret       000000
__Lintsave_regs                            intsave_regs 000000
__Lirdata                                  irdata       000000
__Lmediumconst                             mediumconst  00FDA0
__LnvBANK0                                 nvBANK0      000000
__LnvFARRAM                                nvFARRAM     000000
__Lnvbit                                   nvbit        000000
__Lnvrram                                  nvrram       000000
__Lparam                                   rparam       000000
__Lpowerup                                 powerup      0000B4
__Lram                                     ram          000000
__Lramtop                                  ramtop       000F00
__Lrbit                                    rbit         000000
__Lrbss                                    rbss         000000
__Lrdata                                   rdata        000000
__Lreset_vec                               reset_vec    000000
__Lrparam                                  rparam       000000
__Lsfr                                     sfr          000000
__Lsmallconst                              smallconst   000000
__Lspace_0                                 (abs)        000000
__Lspace_1                                 (abs)        000000
__Lspace_2                                 (abs)        000000
__Lstack                                   stack        000000
__Lstruct                                  struct       000000
__Ltemp                                    temp         000045
__Ltext                                    text         000000
__Ltext0                                   text0        000000
__Ltext1                                   text1        000000
__Ltext10                                  text10       000000
__Ltext11                                  text11       000000
__Ltext12                                  text12       000000
__Ltext13                                  text13       000000
__Ltext14                                  text14       000000
__Ltext15                                  text15       000000
__Ltext16                                  text16       000000
__Ltext17                                  text17       000000
__Ltext18                                  text18       000000
__Ltext19                                  text19       000000
__Ltext2                                   text2        000000
__Ltext20                                  text20       000000
__Ltext21                                  text21       000000
__Ltext22                                  text22       000000
__Ltext23                                  text23       000000
__Ltext24                                  text24       000000
__Ltext25                                  text25       000000
__Ltext26                                  text26       000000
__Ltext27                                  text27       000000
__Ltext28                                  text28       000000
__Ltext29                                  text29       000000
__Ltext3                                   text3        000000
__Ltext30                                  text30       000000
__Ltext31                                  text31       000000
__Ltext32                                  text32       000000
__Ltext33                                  text33       000000
__Ltext34                                  text34       000000
__Ltext35                                  text35       000000
__Ltext36                                  text36       000000
__Ltext37                                  text37       000000
__Ltext38                                  text38       000000
__Ltext39                                  text39       000000
__Ltext4                                   text4        000000
__Ltext40                                  text40       000000
__Ltext41                                  text41       000000
__Ltext43                                  text43       000000
__Ltext44                                  text44       000000
__Ltext45                                  text45       000000
__Ltext46                                  text46       000000
__Ltext47                                  text47       000000
__Ltext48                                  text48       000000
__Ltext49                                  text49       000000
__Ltext5                                   text5        000000
__Ltext50                                  text50       000000
__Ltext51                                  text51       000000
__Ltext52                                  text52       000000
__Ltext53                                  text53       000000
__Ltext54                                  text54       000000
__Ltext55                                  text55       000000
__Ltext56                                  text56       000000
__Ltext57                                  text57       000000
__Ltext58                                  text58       000000
__Ltext59                                  text59       000000
__Ltext6                                   text6        000000
__Ltext60                                  text60       000000
__Ltext61                                  text61       000000
__Ltext62                                  text62       000000
__Ltext63                                  text63       000000
__Ltext64                                  text64       000000
__Ltext65                                  text65       000000
__Ltext66                                  text66       000000
__Ltext67                                  text67       000000
__Ltext7                                   text7        000000
__Ltext8                                   text8        000000
__Ltext9                                   text9        000000
__S0                                       (abs)        30000E
__S1                                       (abs)        0000AD
__S2                                       (abs)        000000
___awdiv                                   text36       000946
___awdiv@counter                           cstackBANK0  000064
___awdiv@dividend                          cstackBANK0  000060
___awdiv@divisor                           cstackBANK0  000062
___awdiv@quotient                          cstackBANK0  000066
___awdiv@sign                              cstackBANK0  000065
___inthi_sp                                stack        000000
___intlo_sp                                stack        000000
___lwdiv                                   text21       00106A
___lwdiv@counter                           cstackBANK0  000066
___lwdiv@dividend                          cstackBANK0  000060
___lwdiv@divisor                           cstackBANK0  000062
___lwdiv@quotient                          cstackBANK0  000064
___lwmod                                   text20       0011A6
___lwmod@counter                           cstackBANK0  000064
___lwmod@dividend                          cstackBANK0  000060
___lwmod@divisor                           cstackBANK0  000062
___param_bank                              (abs)        000000
___rparam_used                             (abs)        000001
___sp                                      stack        000000
__accesstop                                (abs)        000060
__activetblptr                             (abs)        000003
__end_of_Check_Buttons                     text15       0005AC
__end_of_Clear_Arrow_Column                text33       000E58
__end_of_Clear_runTime_Arrows              text32       000AD0
__end_of_Draw_Arrow                        text29       00122E
__end_of_Draw_runTime_Arrow                text30       000D20
__end_of_Draw_runTime_Menu                 text17       0004FC
__end_of_EPWM1_Initialize                  text12       0015B4
__end_of_GLCD_ClearScreen                  text28       0013D8
__end_of_GLCD_Delay                        text41       001654
__end_of_GLCD_DisableController            text40       0014BA
__end_of_GLCD_EnableController             text39       001490
__end_of_GLCD_GoTo                         text35       0008BE
__end_of_GLCD_Initalize                    text13       001576
__end_of_GLCD_InitializePorts              text14       001644
__end_of_GLCD_Line                         text25       00026C
__end_of_GLCD_ReadData                     text27       000CB0
__end_of_GLCD_ReadStatus                   text38       001466
__end_of_GLCD_SetPixel                     text26       0006FA
__end_of_GLCD_WriteChar                    text24       001014
__end_of_GLCD_WriteCommand                 text37       0013A2
__end_of_GLCD_WriteData                    text34       000C3C
__end_of_GLCD_WriteString                  text23       000FBC
__end_of_INTERRUPT_Initialize              text11       001650
__end_of_INTERRUPT_InterruptManager        intcode      0000B4
__end_of_IOCB4_SetInterruptHandler         text9        00163A
__end_of_IOCB5_SetInterruptHandler         text8        001630
__end_of_Initialize_Menus                  text16       0003DC
__end_of_Main_Menu_Function                text53       001598
__end_of_Make_Arrow                        text31       0015F6
__end_of_Make_Back_Arrow                   text22       00140A
__end_of_OSCILLATOR_Initialize             text10       00161C
__end_of_PIN_MANAGER_IOC                   text45       000836
__end_of_PIN_MANAGER_Initialize            text7        000F64
__end_of_Run_Time_Menu_Function            text46       000946
__end_of_SYSTEM_Initialize                 text1        0015CE
__end_of_TMR0_DefaultInterruptHandler      text44       001660
__end_of_TMR0_ISR                          text43       0014E4
__end_of_TMR0_Initialize                   text4        00136A
__end_of_TMR0_SetInterruptHandler          text6        001626
__end_of_TMR0_StartTimer                   text5        00164C
__end_of_TMR4_Initialize                   text2        0015E2
__end_of_TMR4_StartTimer                   text3        001648
__end_of___awdiv                           text36       0009CC
__end_of___lwdiv                           text21       0010BE
__end_of___lwmod                           text20       0011EA
__end_of__initialization                   cinit        000EA8
__end_of_color                             mediumconst  00FF82
__end_of_font5x8                           mediumconst  00FF81
__end_of_itoa                              text18       0011A6
__end_of_main                              text0        001330
__end_of_utoa                              text19       000656
__end_ofi2_Clear_Arrow_Column              text58       000F0C
__end_ofi2_Clear_runTime_Arrows            text57       000B4A
__end_ofi2_Draw_Arrow                      text54       001272
__end_ofi2_Draw_runTime_Arrow              text55       000D90
__end_ofi2_GLCD_Delay                      text66       001658
__end_ofi2_GLCD_DisableController          text65       001530
__end_ofi2_GLCD_EnableController           text64       00150A
__end_ofi2_GLCD_GoTo                       text60       000BC4
__end_ofi2_GLCD_ReadStatus                 text63       001554
__end_ofi2_GLCD_WriteChar                  text52       001162
__end_ofi2_GLCD_WriteCommand               text62       00143A
__end_ofi2_GLCD_WriteData                  text59       000DFA
__end_ofi2_GLCD_WriteString                text51       00106A
__end_ofi2_Make_Arrow                      text56       00160A
__end_ofi2___awdiv                         text61       000A50
__end_ofi2___lwdiv                         text50       001110
__end_ofi2___lwmod                         text49       0012F6
__end_ofi2_itoa                            text47       0012B4
__end_ofi2_utoa                            text48       00079E
__initialization                           cinit        000E58
__mediumconst                              mediumconst  00FDA0
__pbssBANK0                                bssBANK0     0000A7
__pbssCOMRAM                               bssCOMRAM    00003A
__pcinit                                   cinit        000E58
__pcstackBANK0                             cstackBANK0  000060
__pcstackCOMRAM                            cstackCOMRAM 000001
__pdataBANK0                               dataBANK0    0000AA
__pdataCOMRAM                              dataCOMRAM   000042
__pidataBANK0                              idataBANK0   00165B
__pidataCOMRAM                             idataCOMRAM  001658
__pintcode                                 intcode      000008
__pmediumconst                             mediumconst  00FDA0
__pnvBANK0                                 nvBANK0      00009F
__ptext0                                   text0        0012F6
__ptext1                                   text1        0015B4
__ptext10                                  text10       00160A
__ptext11                                  text11       00164C
__ptext12                                  text12       001598
__ptext13                                  text13       001554
__ptext14                                  text14       00163A
__ptext15                                  text15       0004FC
__ptext16                                  text16       00026C
__ptext17                                  text17       0003DC
__ptext18                                  text18       001162
__ptext19                                  text19       0005AC
__ptext2                                   text2        0015CE
__ptext20                                  text20       0011A6
__ptext21                                  text21       00106A
__ptext22                                  text22       0013D8
__ptext23                                  text23       000F64
__ptext24                                  text24       000FBC
__ptext25                                  text25       0000B8
__ptext26                                  text26       000656
__ptext27                                  text27       000C3C
__ptext28                                  text28       0013A2
__ptext29                                  text29       0011EA
__ptext3                                   text3        001644
__ptext30                                  text30       000CB0
__ptext31                                  text31       0015E2
__ptext32                                  text32       000A50
__ptext33                                  text33       000DFA
__ptext34                                  text34       000BC4
__ptext35                                  text35       000836
__ptext36                                  text36       000946
__ptext37                                  text37       00136A
__ptext38                                  text38       00143A
__ptext39                                  text39       001466
__ptext4                                   text4        001330
__ptext40                                  text40       001490
__ptext41                                  text41       001650
__ptext43                                  text43       0014BA
__ptext44                                  text44       00165E
__ptext45                                  text45       00079E
__ptext46                                  text46       0008BE
__ptext47                                  text47       001272
__ptext48                                  text48       0006FA
__ptext49                                  text49       0012B4
__ptext5                                   text5        001648
__ptext50                                  text50       0010BE
__ptext51                                  text51       001014
__ptext52                                  text52       001110
__ptext53                                  text53       001576
__ptext54                                  text54       00122E
__ptext55                                  text55       000D20
__ptext56                                  text56       0015F6
__ptext57                                  text57       000AD0
__ptext58                                  text58       000EB2
__ptext59                                  text59       000D90
__ptext6                                   text6        00161C
__ptext60                                  text60       000B4A
__ptext61                                  text61       0009CC
__ptext62                                  text62       00140A
__ptext63                                  text63       001530
__ptext64                                  text64       0014E4
__ptext65                                  text65       00150A
__ptext66                                  text66       001654
__ptext67                                  text67       000000
__ptext7                                   text7        000F0C
__ptext8                                   text8        001626
__ptext9                                   text9        001630
__ramtop                                   ramtop       000F00
__size_of_Check_Buttons                    (abs)        000000
__size_of_Clear_Arrow_Column               (abs)        000000
__size_of_Clear_runTime_Arrows             (abs)        000000
__size_of_Draw_Arrow                       (abs)        000000
__size_of_Draw_runTime_Arrow               (abs)        000000
__size_of_Draw_runTime_Menu                (abs)        000000
__size_of_EPWM1_Initialize                 (abs)        000000
__size_of_GLCD_ClearScreen                 (abs)        000000
__size_of_GLCD_Delay                       (abs)        000000
__size_of_GLCD_DisableController           (abs)        000000
__size_of_GLCD_EnableController            (abs)        000000
__size_of_GLCD_GoTo                        (abs)        000000
__size_of_GLCD_Initalize                   (abs)        000000
__size_of_GLCD_InitializePorts             (abs)        000000
__size_of_GLCD_Line                        (abs)        000000
__size_of_GLCD_ReadData                    (abs)        000000
__size_of_GLCD_ReadStatus                  (abs)        000000
__size_of_GLCD_SetPixel                    (abs)        000000
__size_of_GLCD_WriteChar                   (abs)        000000
__size_of_GLCD_WriteCommand                (abs)        000000
__size_of_GLCD_WriteData                   (abs)        000000
__size_of_GLCD_WriteString                 (abs)        000000
__size_of_INTERRUPT_Initialize             (abs)        000000
__size_of_INTERRUPT_InterruptManager       (abs)        000000
__size_of_IOCB4_SetInterruptHandler        (abs)        000000
__size_of_IOCB5_SetInterruptHandler        (abs)        000000
__size_of_Initialize_Menus                 (abs)        000000
__size_of_Main_Menu_Function               (abs)        000000
__size_of_Make_Arrow                       (abs)        000000
__size_of_Make_Back_Arrow                  (abs)        000000
__size_of_OSCILLATOR_Initialize            (abs)        000000
__size_of_PIN_MANAGER_IOC                  (abs)        000000
__size_of_PIN_MANAGER_Initialize           (abs)        000000
__size_of_Run_Time_Menu_Function           (abs)        000000
__size_of_SYSTEM_Initialize                (abs)        000000
__size_of_TMR0_DefaultInterruptHandler     (abs)        000000
__size_of_TMR0_ISR                         (abs)        000000
__size_of_TMR0_Initialize                  (abs)        000000
__size_of_TMR0_SetInterruptHandler         (abs)        000000
__size_of_TMR0_StartTimer                  (abs)        000000
__size_of_TMR4_Initialize                  (abs)        000000
__size_of_TMR4_StartTimer                  (abs)        000000
__size_of___awdiv                          (abs)        000000
__size_of___lwdiv                          (abs)        000000
__size_of___lwmod                          (abs)        000000
__size_of_itoa                             (abs)        000000
__size_of_main                             (abs)        000000
__size_of_utoa                             (abs)        000000
__size_ofi2_Clear_Arrow_Column             (abs)        000000
__size_ofi2_Clear_runTime_Arrows           (abs)        000000
__size_ofi2_Draw_Arrow                     (abs)        000000
__size_ofi2_Draw_runTime_Arrow             (abs)        000000
__size_ofi2_GLCD_Delay                     (abs)        000000
__size_ofi2_GLCD_DisableController         (abs)        000000
__size_ofi2_GLCD_EnableController          (abs)        000000
__size_ofi2_GLCD_GoTo                      (abs)        000000
__size_ofi2_GLCD_ReadStatus                (abs)        000000
__size_ofi2_GLCD_WriteChar                 (abs)        000000
__size_ofi2_GLCD_WriteCommand              (abs)        000000
__size_ofi2_GLCD_WriteData                 (abs)        000000
__size_ofi2_GLCD_WriteString               (abs)        000000
__size_ofi2_Make_Arrow                     (abs)        000000
__size_ofi2___awdiv                        (abs)        000000
__size_ofi2___lwdiv                        (abs)        000000
__size_ofi2___lwmod                        (abs)        000000
__size_ofi2_itoa                           (abs)        000000
__size_ofi2_utoa                           (abs)        000000
__smallconst                               smallconst   000000
_adjustValues                              bssCOMRAM    00003E
_afterMinutes                              bssBANK0     0000A9
_color                                     mediumconst  00FF81
_currentContext                            bssCOMRAM    000040
_font5x8                                   mediumconst  00FDA1
_itoa                                      text18       001162
_main                                      text0        0012F6
_mainState                                 bssCOMRAM    000041
_runMinutes                                bssCOMRAM    00003D
_runTimeContext                            bssCOMRAM    00003F
_runTimeX                                  dataBANK0    0000AC
_screen_x                                  bssBANK0     0000A8
_screen_y                                  bssBANK0     0000A7
_subMenuY                                  dataCOMRAM   000044
_timeAfterFinishX                          dataCOMRAM   000043
_timer0ReloadVal                           nvBANK0      00009F
_utoa                                      text19       0005AC
_valuesXStart                              dataCOMRAM   000042
_xMenuStart                                dataBANK0    0000AA
btemp                                      temp         000045
end_of_initialization                      cinit        000EA8
i2Clear_Arrow_Column@i                     cstackCOMRAM 000017
i2Clear_Arrow_Column@j                     cstackCOMRAM 000016
i2Clear_runTime_Arrows@i                   cstackCOMRAM 00000F
i2GLCD_DisableController@controller        cstackCOMRAM 000001
i2GLCD_EnableController@controller         cstackCOMRAM 000001
i2GLCD_GoTo@i                              cstackCOMRAM 00000E
i2GLCD_GoTo@x                              cstackCOMRAM 00000D
i2GLCD_GoTo@y                              cstackCOMRAM 00000C
i2GLCD_ReadStatus@controller               cstackCOMRAM 000003
i2GLCD_ReadStatus@status                   cstackCOMRAM 000002
i2GLCD_WriteChar@charToWrite               cstackCOMRAM 00000B
i2GLCD_WriteChar@i                         cstackCOMRAM 00000C
i2GLCD_WriteCommand@commandToWrite         cstackCOMRAM 00000B
i2GLCD_WriteCommand@controller             cstackCOMRAM 000009
i2GLCD_WriteData@dataToWrite               cstackCOMRAM 00000A
i2GLCD_WriteString@stringToWrite           cstackCOMRAM 00000E
i2_Clear_Arrow_Column                      text58       000EB2
i2_Clear_runTime_Arrows                    text57       000AD0
i2_Draw_Arrow                              text54       00122E
i2_Draw_runTime_Arrow                      text55       000D20
i2_GLCD_Delay                              text66       001654
i2_GLCD_DisableController                  text65       00150A
i2_GLCD_EnableController                   text64       0014E4
i2_GLCD_GoTo                               text60       000B4A
i2_GLCD_ReadStatus                         text63       001530
i2_GLCD_WriteChar                          text52       001110
i2_GLCD_WriteCommand                       text62       00140A
i2_GLCD_WriteData                          text59       000D90
i2_GLCD_WriteString                        text51       001014
i2_Make_Arrow                              text56       0015F6
i2___awdiv                                 text61       0009CC
i2___awdiv@counter                         cstackCOMRAM 000005
i2___awdiv@dividend                        cstackCOMRAM 000001
i2___awdiv@divisor                         cstackCOMRAM 000003
i2___awdiv@quotient                        cstackCOMRAM 000007
i2___awdiv@sign                            cstackCOMRAM 000006
i2___lwdiv                                 text50       0010BE
i2___lwdiv@counter                         cstackCOMRAM 000007
i2___lwdiv@dividend                        cstackCOMRAM 000001
i2___lwdiv@divisor                         cstackCOMRAM 000003
i2___lwdiv@quotient                        cstackCOMRAM 000005
i2___lwmod                                 text49       0012B4
i2___lwmod@counter                         cstackCOMRAM 000005
i2___lwmod@dividend                        cstackCOMRAM 000001
i2___lwmod@divisor                         cstackCOMRAM 000003
i2_itoa                                    text47       001272
i2_utoa                                    text48       0006FA
i2itoa@base                                cstackCOMRAM 000015
i2itoa@buf                                 cstackCOMRAM 000011
i2itoa@cp                                  cstackCOMRAM 000017
i2itoa@val                                 cstackCOMRAM 000013
i2utoa@base                                cstackCOMRAM 00000C
i2utoa@buf                                 cstackCOMRAM 000008
i2utoa@c                                   cstackCOMRAM 000010
i2utoa@v                                   cstackCOMRAM 00000E
i2utoa@val                                 cstackCOMRAM 00000A
int$flags                                  temp         000045
intlevel0                                  text         000000
intlevel1                                  text         000000
intlevel2                                  text         000000
intlevel3                                  text         000000
itoa@base                                  cstackBANK0  000074
itoa@buf                                   cstackBANK0  000070
itoa@cp                                    cstackBANK0  000076
itoa@val                                   cstackBANK0  000072
stackhi                                    (abs)        000E40
stacklo                                    (abs)        0000AD
start                                      init         0000B4
start_initialization                       cinit        000E58
utoa@base                                  cstackBANK0  00006B
utoa@buf                                   cstackBANK0  000067
utoa@c                                     cstackBANK0  00006F
utoa@v                                     cstackBANK0  00006D
utoa@val                                   cstackBANK0  000069
wtemp6                                     temp         000046


FUNCTION INFORMATION:

 *************** function _main *****************
 Defined at:
		line 58 in file "main.c"
 Parameters:    Size  Location     Type
		None
 Auto vars:     Size  Location     Type
		None
 Return value:  Size  Location     Type
                  1    wreg      void 
 Registers used:
		wreg, fsr0l, fsr0h, fsr2l, fsr2h, status,2, status,0, tblptrl, tblptrh, tblptru, prodl, prodh, cstack
 Tracked objects:
		On entry : 
		On exit  : 
		Unchanged: 
 Data sizes:     COMRAM   BANK0   BANK1   BANK2   BANK3   BANK4   BANK5   BANK6   BANK7   BANK8   BANK9  BANK10  BANK11  BANK12  BANK13  BANK14
      Params:         0       0       0       0       0       0       0       0       0       0       0       0       0       0       0       0
      Locals:         0       0       0       0       0       0       0       0       0       0       0       0       0       0       0       0
      Temps:          0       1       0       0       0       0       0       0       0       0       0       0       0       0       0       0
      Totals:         0       1       0       0       0       0       0       0       0       0       0       0       0       0       0       0
Total ram usage:        1 bytes
 Hardware stack levels required when called:   17
 This function calls:
		_Check_Buttons
		_Draw_Arrow
		_GLCD_ClearScreen
		_GLCD_Initalize
		_Initialize_Menus
		_SYSTEM_Initialize
 This function is called by:
		Startup code after reset
 This function uses a non-reentrant model


 *************** function _SYSTEM_Initialize *****************
 Defined at:
		line 111 in file "mcc_generated_files/mcc.c"
 Parameters:    Size  Location     Type
		None
 Auto vars:     Size  Location     Type
		None
 Return value:  Size  Location     Type
                  1    wreg      void 
 Registers used:
		wreg, status,2, status,0, cstack
 Tracked objects:
		On entry : 
		On exit  : 
		Unchanged: 
 Data sizes:     COMRAM   BANK0   BANK1   BANK2   BANK3   BANK4   BANK5   BANK6   BANK7   BANK8   BANK9  BANK10  BANK11  BANK12  BANK13  BANK14
      Params:         0       0       0       0       0       0       0       0       0       0       0       0       0       0       0       0
      Locals:         0       0       0       0       0       0       0       0       0       0       0       0       0       0       0       0
      Temps:          0       0       0       0       0       0       0       0       0       0       0       0       0       0       0       0
      Totals:         0       0       0       0       0       0       0       0       0       0       0       0       0       0       0       0
Total ram usage:        0 bytes
 Hardware stack levels used:    1
 Hardware stack levels required when called:   11
 This function calls:
		_EPWM1_Initialize
		_INTERRUPT_Initialize
		_OSCILLATOR_Initialize
		_PIN_MANAGER_Initialize
		_TMR0_Initialize
		_TMR4_Initialize
 This function is called by:
		_main
 This function uses a non-reentrant model


 *************** function _TMR4_Initialize *****************
 Defined at:
		line 61 in file "mcc_generated_files/tmr4.c"
 Parameters:    Size  Location     Type
		None
 Auto vars:     Size  Location     Type
		None
 Return value:  Size  Location     Type
                  1    wreg      void 
 Registers used:
		wreg, status,2, cstack
 Tracked objects:
		On entry : 
		On exit  : 
		Unchanged: 
 Data sizes:     COMRAM   BANK0   BANK1   BANK2   BANK3   BANK4   BANK5   BANK6   BANK7   BANK8   BANK9  BANK10  BANK11  BANK12  BANK13  BANK14
      Params:         0       0       0       0       0       0       0       0       0       0       0       0       0       0       0       0
      Locals:         0       0       0       0       0       0       0       0       0       0       0       0       0       0       0       0
      Temps:          0       0       0       0       0       0       0       0       0       0       0       0       0       0       0       0
      Totals:         0       0       0       0       0       0       0       0       0       0       0       0       0       0       0       0
Total ram usage:        0 bytes
 Hardware stack levels used:    1
 Hardware stack levels required when called:   10
 This function calls:
		_TMR4_StartTimer
 This function is called by:
		_SYSTEM_Initialize
 This function uses a non-reentrant model


 *************** function _TMR4_StartTimer *****************
 Defined at:
		line 81 in file "mcc_generated_files/tmr4.c"
 Parameters:    Size  Location     Type
		None
 Auto vars:     Size  Location     Type
		None
 Return value:  Size  Location     Type
                  1    wreg      void 
 Registers used:
		None
 Tracked objects:
		On entry : 
		On exit  : 
		Unchanged: 
 Data sizes:     COMRAM   BANK0   BANK1   BANK2   BANK3   BANK4   BANK5   BANK6   BANK7   BANK8   BANK9  BANK10  BANK11  BANK12  BANK13  BANK14
      Params:         0       0       0       0       0       0       0       0       0       0       0       0       0       0       0       0
      Locals:         0       0       0       0       0       0       0       0       0       0       0       0       0       0       0       0
      Temps:          0       0       0       0       0       0       0       0       0       0       0       0       0       0       0       0
      Totals:         0       0       0       0       0       0       0       0       0       0       0       0       0       0       0       0
Total ram usage:        0 bytes
 Hardware stack levels used:    1
 Hardware stack levels required when called:    9
 This function calls:
		Nothing
 This function is called by:
		_TMR4_Initialize
 This function uses a non-reentrant model


 *************** function _TMR0_Initialize *****************
 Defined at:
		line 66 in file "mcc_generated_files/tmr0.c"
 Parameters:    Size  Location     Type
		None
 Auto vars:     Size  Location     Type
		None
 Return value:  Size  Location     Type
                  1    wreg      void 
 Registers used:
		wreg, status,2, status,0, cstack
 Tracked objects:
		On entry : 
		On exit  : 
		Unchanged: 
 Data sizes:     COMRAM   BANK0   BANK1   BANK2   BANK3   BANK4   BANK5   BANK6   BANK7   BANK8   BANK9  BANK10  BANK11  BANK12  BANK13  BANK14
      Params:         0       0       0       0       0       0       0       0       0       0       0       0       0       0       0       0
      Locals:         0       0       0       0       0       0       0       0       0       0       0       0       0       0       0       0
      Temps:          0       2       0       0       0       0       0       0       0       0       0       0       0       0       0       0
      Totals:         0       2       0       0       0       0       0       0       0       0       0       0       0       0       0       0
Total ram usage:        2 bytes
 Hardware stack levels used:    1
 Hardware stack levels required when called:   10
 This function calls:
		_TMR0_SetInterruptHandler
		_TMR0_StartTimer
 This function is called by:
		_SYSTEM_Initialize
 This function uses a non-reentrant model


 *************** function _TMR0_StartTimer *****************
 Defined at:
		line 95 in file "mcc_generated_files/tmr0.c"
 Parameters:    Size  Location     Type
		None
 Auto vars:     Size  Location     Type
		None
 Return value:  Size  Location     Type
                  1    wreg      void 
 Registers used:
		None
 Tracked objects:
		On entry : 
		On exit  : 
		Unchanged: 
 Data sizes:     COMRAM   BANK0   BANK1   BANK2   BANK3   BANK4   BANK5   BANK6   BANK7   BANK8   BANK9  BANK10  BANK11  BANK12  BANK13  BANK14
      Params:         0       0       0       0       0       0       0       0       0       0       0       0       0       0       0       0
      Locals:         0       0       0       0       0       0       0       0       0       0       0       0       0       0       0       0
      Temps:          0       0       0       0       0       0       0       0       0       0       0       0       0       0       0       0
      Totals:         0       0       0       0       0       0       0       0       0       0       0       0       0       0       0       0
Total ram usage:        0 bytes
 Hardware stack levels used:    1
 Hardware stack levels required when called:    9
 This function calls:
		Nothing
 This function is called by:
		_TMR0_Initialize
 This function uses a non-reentrant model


 *************** function _TMR0_SetInterruptHandler *****************
 Defined at:
		line 154 in file "mcc_generated_files/tmr0.c"
 Parameters:    Size  Location     Type
  InterruptHan    2    0[BANK0 ] PTR FTN()void 
		 -> TMR0_DefaultInterruptHandler(1), 
[...]
 Auto vars:     Size  Location     Type
  Clear_runTim    1   14[COMRAM] unsigned char 
 Return value:  Size  Location     Type
                  1    wreg      void 
 Registers used:
		wreg, status,2, status,0, cstack
 Tracked objects:
		On entry : 
		On exit  : 
		Unchanged: 
 Data sizes:     COMRAM   BANK0   BANK1   BANK2   BANK3   BANK4   BANK5   BANK6   BANK7   BANK8   BANK9  BANK10  BANK11  BANK12  BANK13  BANK14
      Params:         0       0       0       0       0       0       0       0       0       0       0       0       0       0       0       0
      Locals:         1       0       0       0       0       0       0       0       0       0       0       0       0       0       0       0
      Temps:          0       0       0       0       0       0       0       0       0       0       0       0       0       0       0       0
      Totals:         1       0       0       0       0       0       0       0       0       0       0       0       0       0       0       0
Total ram usage:        1 bytes
 Hardware stack levels used:    1
 Hardware stack levels required when called:    4
 This function calls:
		i2_GLCD_GoTo
		i2_GLCD_WriteData
 This function is called by:
		i2_Draw_Arrow
 This function uses a non-reentrant model


 *************** function i2_Clear_Arrow_Column *****************
 Defined at:
		line 98 in file "screen_controls.c"
 Parameters:    Size  Location     Type
		None
 Auto vars:     Size  Location     Type
  Clear_Arrow_    1   22[COMRAM] unsigned char 
  Clear_Arrow_    1   21[COMRAM] unsigned char 
 Return value:  Size  Location     Type
                  1    wreg      void 
 Registers used:
		wreg, status,2, status,0, cstack
 Tracked objects:
		On entry : 
		On exit  : 
		Unchanged: 
 Data sizes:     COMRAM   BANK0   BANK1   BANK2   BANK3   BANK4   BANK5   BANK6   BANK7   BANK8   BANK9  BANK10  BANK11  BANK12  BANK13  BANK14
      Params:         0       0       0       0       0       0       0       0       0       0       0       0       0       0       0       0
      Locals:         2       0       0       0       0       0       0       0       0       0       0       0       0       0       0       0
      Temps:          7       0       0       0       0       0       0       0       0       0       0       0       0       0       0       0
      Totals:         9       0       0       0       0       0       0       0       0       0       0       0       0       0       0       0
Total ram usage:        9 bytes
 Hardware stack levels used:    1
 Hardware stack levels required when called:    4
 This function calls:
		i2_GLCD_GoTo
		i2_GLCD_WriteData
 This function is called by:
		i2_Draw_Arrow
 This function uses a non-reentrant model


 *************** function i2_GLCD_WriteData *****************
 Defined at:
		line 113 in file "ks0108lib/KS0108-PIC18.c"
 Parameters:    Size  Location     Type
  dataToWrite     1    wreg     unsigned char 
 Auto vars:     Size  Location     Type
  dataToWrite     1    9[COMRAM] unsigned char 
 Return value:  Size  Location     Type
                  1    wreg      void 
 Registers used:
		wreg, status,2, status,0, cstack
 Tracked objects:
		On entry : 
		On exit  : 
		Unchanged: 
 Data sizes:     COMRAM   BANK0   BANK1   BANK2   BANK3   BANK4   BANK5   BANK6   BANK7   BANK8   BANK9  BANK10  BANK11  BANK12  BANK13  BANK14
      Params:         0       0       0       0       0       0       0       0       0       0       0       0       0       0       0       0
      Locals:         1       0       0       0       0       0       0       0       0       0       0       0       0       0       0       0
      Temps:          1       0       0       0       0       0       0       0       0       0       0       0       0       0       0       0
      Totals:         2       0       0       0       0       0       0       0       0       0       0       0       0       0       0       0
Total ram usage:        2 bytes
 Hardware stack levels used:    1
 Hardware stack levels required when called:    2
 This function calls:
		i2_GLCD_Delay
		i2_GLCD_DisableController
		i2_GLCD_EnableController
		i2_GLCD_ReadStatus
		i2___awdiv
 This function is called by:
		i2_GLCD_WriteChar
		i2_Make_Arrow
		i2_Clear_Arrow_Column
		i2_Clear_runTime_Arrows
 This function uses a non-reentrant model


 *************** function i2_GLCD_GoTo *****************
 Defined at:
		line 25 in file "ks0108lib/KS0108.c"
 Parameters:    Size  Location     Type
  x               1    wreg     unsigned char 
  y               1   11[COMRAM] unsigned char 
 Auto vars:     Size  Location     Type
  x               1   12[COMRAM] unsigned char 
  GLCD_GoTo       1   13[COMRAM] unsigned char 
 Return value:  Size  Location     Type
                  1    wreg      void 
 Registers used:
		wreg, status,2, status,0, cstack
 Tracked objects:
		On entry : 
		On exit  : 
		Unchanged: 
 Data sizes:     COMRAM   BANK0   BANK1   BANK2   BANK3   BANK4   BANK5   BANK6   BANK7   BANK8   BANK9  BANK10  BANK11  BANK12  BANK13  BANK14
      Params:         1       0       0       0       0       0       0       0       0       0       0       0       0       0       0       0
      Locals:         2       0       0       0       0       0       0       0       0       0       0       0       0       0       0       0
      Temps:          0       0       0       0       0       0       0       0       0       0       0       0       0       0       0       0
      Totals:         3       0       0       0       0       0       0       0       0       0       0       0       0       0       0       0
Total ram usage:        3 bytes
 Hardware stack levels used:    1
 Hardware stack levels required when called:    3
 This function calls:
		i2_GLCD_WriteCommand
		i2___awdiv
 This function is called by:
		_Run_Time_Menu_Function
		i2_Draw_Arrow
		i2_Clear_Arrow_Column
		i2_Clear_runTime_Arrows
		i2_Draw_runTime_Arrow
 This function uses a non-reentrant model


 *************** function i2___awdiv *****************
 Defined at:
		line 8 in file "C:\Program Files (x86)\Microchip\xc8\v1.45\sources\common\awdiv.c"
 Parameters:    Size  Location     Type
  dividend        2    0[COMRAM] int 
  divisor         2    2[COMRAM] int 
 Auto vars:     Size  Location     Type
  __awdiv         2    6[COMRAM] int 
  __awdiv         1    5[COMRAM] unsigned char 
  __awdiv         1    4[COMRAM] unsigned char 
 Return value:  Size  Location     Type
                  2    0[COMRAM] int 
 Registers used:
		wreg, status,2, status,0
 Tracked objects:
		On entry : 
		On exit  : 
		Unchanged: 
 Data sizes:     COMRAM   BANK0   BANK1   BANK2   BANK3   BANK4   BANK5   BANK6   BANK7   BANK8   BANK9  BANK10  BANK11  BANK12  BANK13  BANK14
      Params:         4       0       0       0       0       0       0       0       0       0       0       0       0       0       0       0
      Locals:         4       0       0       0       0       0       0       0       0       0       0       0       0       0       0       0
      Temps:          0       0       0       0       0       0       0       0       0       0       0       0       0       0       0       0
      Totals:         8       0       0       0       0       0       0       0       0       0       0       0       0       0       0       0
Total ram usage:        8 bytes
 Hardware stack levels used:    1
 This function calls:
		Nothing
 This function is called by:
		i2_GLCD_GoTo
		i2_GLCD_WriteData
 This function uses a non-reentrant model


 *************** function i2_GLCD_WriteCommand *****************
 Defined at:
		line 79 in file "ks0108lib/KS0108-PIC18.c"
 Parameters:    Size  Location     Type
  commandToWri    1    wreg     unsigned char 
  controller      1    8[COMRAM] unsigned char 
 Auto vars:     Size  Location     Type
  commandToWri    1   10[COMRAM] unsigned char 
 Return value:  Size  Location     Type
                  1    wreg      void 
 Registers used:
		wreg, status,2, status,0, cstack
 Tracked objects:
		On entry : 
		On exit  : 
		Unchanged: 
 Data sizes:     COMRAM   BANK0   BANK1   BANK2   BANK3   BANK4   BANK5   BANK6   BANK7   BANK8   BANK9  BANK10  BANK11  BANK12  BANK13  BANK14
      Params:         1       0       0       0       0       0       0       0       0       0       0       0       0       0       0       0
      Locals:         1       0       0       0       0       0       0       0       0       0       0       0       0       0       0       0
      Temps:          1       0       0       0       0       0       0       0       0       0       0       0       0       0       0       0
      Totals:         3       0       0       0       0       0       0       0       0       0       0       0       0       0       0       0
Total ram usage:        3 bytes
 Hardware stack levels used:    1
 Hardware stack levels required when called:    2
 This function calls:
		i2_GLCD_Delay
		i2_GLCD_DisableController
		i2_GLCD_EnableController
		i2_GLCD_ReadStatus
 This function is called by:
		i2_GLCD_GoTo
 This function uses a non-reentrant model


 *************** function i2_GLCD_ReadStatus *****************
 Defined at:
		line 62 in file "ks0108lib/KS0108-PIC18.c"
 Parameters:    Size  Location     Type
  controller      1    wreg     unsigned char 
 Auto vars:     Size  Location     Type
  controller      1    2[COMRAM] unsigned char 
  GLCD_ReadSta    1    1[COMRAM] unsigned char 
 Return value:  Size  Location     Type
                  1    wreg      unsigned char 
 Registers used:
		wreg, status,2, status,0, cstack
 Tracked objects:
		On entry : 
		On exit  : 
		Unchanged: 
 Data sizes:     COMRAM   BANK0   BANK1   BANK2   BANK3   BANK4   BANK5   BANK6   BANK7   BANK8   BANK9  BANK10  BANK11  BANK12  BANK13  BANK14
      Params:         0       0       0       0       0       0       0       0       0       0       0       0       0       0       0       0
      Locals:         2       0       0       0       0       0       0       0       0       0       0       0       0       0       0       0
      Temps:          0       0       0       0       0       0       0       0       0       0       0       0       0       0       0       0
      Totals:         2       0       0       0       0       0       0       0       0       0       0       0       0       0       0       0
Total ram usage:        2 bytes
 Hardware stack levels used:    1
 Hardware stack levels required when called:    1
 This function calls:
		i2_GLCD_Delay
		i2_GLCD_DisableController
		i2_GLCD_EnableController
 This function is called by:
		i2_GLCD_WriteCommand
		i2_GLCD_WriteData
 This function uses a non-reentrant model


 *************** function i2_GLCD_EnableController *****************
 Defined at:
		line 39 in file "ks0108lib/KS0108-PIC18.c"
 Parameters:    Size  Location     Type
  controller      1    wreg     unsigned char 
 Auto vars:     Size  Location     Type
  controller      1    0[COMRAM] unsigned char 
 Return value:  Size  Location     Type
                  1    wreg      void 
 Registers used:
		wreg, status,2, status,0
 Tracked objects:
		On entry : 
		On exit  : 
		Unchanged: 
 Data sizes:     COMRAM   BANK0   BANK1   BANK2   BANK3   BANK4   BANK5   BANK6   BANK7   BANK8   BANK9  BANK10  BANK11  BANK12  BANK13  BANK14
      Params:         0       0       0       0       0       0       0       0       0       0       0       0       0       0       0       0
      Locals:         1       0       0       0       0       0       0       0       0       0       0       0       0       0       0       0
      Temps:          0       0       0       0       0       0       0       0       0       0       0       0       0       0       0       0
      Totals:         1       0       0       0       0       0       0       0       0       0       0       0       0       0       0       0
Total ram usage:        1 bytes
 Hardware stack levels used:    1
 This function calls:
		Nothing
 This function is called by:
		i2_GLCD_ReadStatus
		i2_GLCD_WriteCommand
		i2_GLCD_WriteData
 This function uses a non-reentrant model


 *************** function i2_GLCD_DisableController *****************
 Defined at:
		line 50 in file "ks0108lib/KS0108-PIC18.c"
 Parameters:    Size  Location     Type
  controller      1    wreg     unsigned char 
 Auto vars:     Size  Location     Type
  controller      1    0[COMRAM] unsigned char 
 Return value:  Size  Location     Type
                  1    wreg      void 
 Registers used:
		wreg, status,2, status,0
 Tracked objects:
		On entry : 
		On exit  : 
		Unchanged: 
 Data sizes:     COMRAM   BANK0   BANK1   BANK2   BANK3   BANK4   BANK5   BANK6   BANK7   BANK8   BANK9  BANK10  BANK11  BANK12  BANK13  BANK14
      Params:         0       0       0       0       0       0       0       0       0       0       0       0       0       0       0       0
      Locals:         1       0       0       0       0       0       0       0       0       0       0       0       0       0       0       0
      Temps:          0       0       0       0       0       0       0       0       0       0       0       0       0       0       0       0
      Totals:         1       0       0       0       0       0       0       0       0       0       0       0       0       0       0       0
Total ram usage:        1 bytes
 Hardware stack levels used:    1
 This function calls:
		Nothing
 This function is called by:
		i2_GLCD_ReadStatus
		i2_GLCD_WriteCommand
		i2_GLCD_WriteData
 This function uses a non-reentrant model


 *************** function i2_GLCD_Delay *****************
 Defined at:
		line 24 in file "ks0108lib/KS0108-PIC18.c"
 Parameters:    Size  Location     Type
		None
 Auto vars:     Size  Location     Type
		None
 Return value:  Size  Location     Type
                  1    wreg      void 
 Registers used:
		None
 Tracked objects:
		On entry : 
		On exit  : 
		Unchanged: 
 Data sizes:     COMRAM   BANK0   BANK1   BANK2   BANK3   BANK4   BANK5   BANK6   BANK7   BANK8   BANK9  BANK10  BANK11  BANK12  BANK13  BANK14
      Params:         0       0       0       0       0       0       0       0       0       0       0       0       0       0       0       0
      Locals:         0       0       0       0       0       0       0       0       0       0       0       0       0       0       0       0
      Temps:          0       0       0       0       0       0       0       0       0       0       0       0       0       0       0       0
      Totals:         0       0       0       0       0       0       0       0       0       0       0       0       0       0       0       0
Total ram usage:        0 bytes
 Hardware stack levels used:    1
 This function calls:
		Nothing
 This function is called by:
		i2_GLCD_ReadStatus
		i2_GLCD_WriteCommand
		i2_GLCD_WriteData
 This function uses a non-reentrant model



MODULE INFORMATION

Module		Function		Class		Link	Load	Size
screen_controls.c
		_Draw_runTime_Menu		CODE           	03DC	0000	289
		_Clear_runTime_Arrows		CODE           	0A50	0000	129
		_Make_Arrow    		CODE           	15E2	0000	21
		_Clear_Arrow_Column		CODE           	0DFA	0000	95
		_Draw_runTime_Arrow		CODE           	0CB0	0000	113
		_Initialize_Menus		CODE           	026C	0000	369
		_Make_Back_Arrow		CODE           	13D8	0000	51
		_Draw_Arrow    		CODE           	11EA	0000	69

screen_controls.c estimated size: 1136

ks0108lib/KS0108-PIC18.c
		_GLCD_WriteCommand		CODE           	136A	0000	57
		_GLCD_WriteData		CODE           	0BC4	0000	121
		_GLCD_ReadData 		CODE           	0C3C	0000	117
		_GLCD_Delay    		CODE           	1650	0000	5
		_GLCD_DisableController		CODE           	1490	0000	43
		_GLCD_EnableController		CODE           	1466	0000	43
		_GLCD_ReadStatus		CODE           	143A	0000	45
		_GLCD_InitializePorts		CODE           	163A	0000	11

ks0108lib/KS0108-PIC18.c estimated size: 442

ks0108lib/KS0108.c
		_GLCD_ClearScreen		CODE           	13A2	0000	55
		_GLCD_WriteString		CODE           	0F64	0000	89
		_GLCD_WriteChar		CODE           	0FBC	0000	89
		_GLCD_GoTo     		CODE           	0836	0000	137
		_GLCD_Initalize		CODE           	1554	0000	35
		_GLCD_SetPixel 		CODE           	0656	0000	165

ks0108lib/KS0108.c estimated size: 570

mcc_generated_files/tmr4.c
		_TMR4_Initialize		CODE           	15CE	0000	21
		_TMR4_StartTimer		CODE           	1644	0000	5

mcc_generated_files/tmr4.c estimated size: 26

mcc_generated_files/interrupt_manager.c
		_INTERRUPT_Initialize		CODE           	164C	0000	5
		_INTERRUPT_InterruptManager		CODE           	0008	0000	173

mcc_generated_files/interrupt_manager.c estimated size: 178

mcc_generated_files/tmr0.c
		_TMR0_SetInterruptHandler		CODE           	161C	0000	11
		_TMR0_DefaultInterruptHandler		CODE           	165E	0000	3
		_TMR0_StartTimer		CODE           	1648	0000	5
		_TMR0_ISR      		CODE           	14BA	0000	43
		_TMR0_Initialize		CODE           	1330	0000	59

mcc_generated_files/tmr0.c estimated size: 121

ks0108lib/graphic.c
		_GLCD_Line     		CODE           	00B8	0000	437

ks0108lib/graphic.c estimated size: 437

mcc_generated_files/pin_manager.c
		_PIN_MANAGER_Initialize		CODE           	0F0C	0000	89
		_Run_Time_Menu_Function		CODE           	08BE	0000	137
		_PIN_MANAGER_IOC		CODE           	079E	0000	153
		_IOCB4_SetInterruptHandler		CODE           	1630	0000	11
		_Main_Menu_Function		CODE           	1576	0000	35
		_IOCB5_SetInterruptHandler		CODE           	1626	0000	11

mcc_generated_files/pin_manager.c estimated size: 436

C:\Program Files (x86)\Microchip\xc8\v1.45\sources\common\lwmod.c
		___lwmod       		CODE           	11A6	0000	69

C:\Program Files (x86)\Microchip\xc8\v1.45\sources\common\lwmod.c estimated size: 69

shared
		i2_GLCD_ReadStatus		CODE           	1530	0000	37
		i2_GLCD_WriteString		CODE           	1014	0000	87
		i2_utoa        		CODE           	06FA	0000	165
		_font5x8       		MEDIUMCONST    	FDA1	0000	481
		i2_GLCD_EnableController		CODE           	14E4	0000	39
		i2___lwdiv     		CODE           	10BE	0000	83
		_color         		MEDIUMCONST    	FF81	0000	2
		i2___awdiv     		CODE           	09CC	0000	133
		i2_GLCD_WriteCommand		CODE           	140A	0000	49
		i2___lwmod     		CODE           	12B4	0000	67
		i2_Draw_Arrow  		CODE           	122E	0000	69
		__initialization		CODE           	0E58	0000	81
		i2_GLCD_GoTo   		CODE           	0B4A	0000	123
		i2_GLCD_Delay  		CODE           	1654	0000	5
		i2_GLCD_WriteData		CODE           	0D90	0000	107
		i2_itoa        		CODE           	1272	0000	67
		i2_GLCD_WriteChar		CODE           	1110	0000	83
		i2_Clear_runTime_Arrows		CODE           	0AD0	0000	123
		i2_Clear_Arrow_Column		CODE           	0EB2	0000	91
		i2_Make_Arrow  		CODE           	15F6	0000	21
		i2_GLCD_DisableController		CODE           	150A	0000	39
		i2_Draw_runTime_Arrow		CODE           	0D20	0000	113

shared estimated size: 2065

mcc_generated_files/mcc.c
		_OSCILLATOR_Initialize		CODE           	160A	0000	19
		_SYSTEM_Initialize		CODE           	15B4	0000	27

mcc_generated_files/mcc.c estimated size: 46

C:\Program Files (x86)\Microchip\xc8\v1.45\sources\common\lwdiv.c
		___lwdiv       		CODE           	106A	0000	85

C:\Program Files (x86)\Microchip\xc8\v1.45\sources\common\lwdiv.c estimated size: 85

mcc_generated_files/epwm1.c
		_EPWM1_Initialize		CODE           	1598	0000	29

mcc_generated_files/epwm1.c estimated size: 29

C:\Program Files (x86)\Microchip\xc8\v1.45\sources\common\awdiv.c
		___awdiv       		CODE           	0946	0000	135

C:\Program Files (x86)\Microchip\xc8\v1.45\sources\common\awdiv.c estimated size: 135

main.c
		_main          		CODE           	12F6	0000	59
		_Check_Buttons 		CODE           	04FC	0000	177

main.c estimated size: 236

C:\Program Files (x86)\Microchip\xc8\v1.45\sources\common\itoa.c
		_itoa          		CODE           	1162	0000	69
		_utoa          		CODE           	05AC	0000	171

C:\Program Files (x86)\Microchip\xc8\v1.45\sources\common\itoa.c estimated size: 240

