Microchip MPLAB XC8 Compiler V1.45 ()

Linker command line:

-W-3 --edf=C:\Program Files (x86)\Microchip\xc8\v1.45\dat\en_msgs.txt -cs \
  -h+dist/default/production\napping_light.X.production.sym \
  --cmf=dist/default/production\napping_light.X.production.cmf -z \
  -Q18F46K80 -oC:\Users\codem\AppData\Local\Temp\s85o.2 \
  -Mdist/default/production/napping_light.X.production.map -E1 -ver=XC8 \
  -ASTACK=0D1h-0e40h -pstack=STACK -ACODE=00h-0FFFFh -ACONST=00h-0FFFFh \
  -ASMALLCONST=0F00h-0FFFhx241 -AMEDIUMCONST=0F00h-0FFFFh -ACOMRAM=01h-05Fh \
  -AABS1=00h-0E40h -ABIGRAM=01h-0E40h \
  -ARAM=060h-0FFh,0100h-01FFhx13,0E00h-0E40h -ABANK0=060h-0FFh \
  -ABANK1=0100h-01FFh -ABANK2=0200h-02FFh -ABANK3=0300h-03FFh \
  -ABANK4=0400h-04FFh -ABANK5=0500h-05FFh -ABANK6=0600h-06FFh \
  -ABANK7=0700h-07FFh -ABANK8=0800h-08FFh -ABANK9=0900h-09FFh \
  -ABANK10=0A00h-0AFFh -ABANK11=0B00h-0BFFh -ABANK12=0C00h-0CFFh \
  -ABANK13=0D00h-0DFFh -ABANK14=0E00h-0E40h \
  -ASFR=0E41h-0EFFh,0F00h-0F5Fh,0F60h-0FFFh \
  -preset_vec=00h,intcode=08h,intcodelo,powerup,init -pramtop=0F00h \
  -psmallconst=SMALLCONST -pmediumconst=MEDIUMCONST -pconst=CONST \
  -AFARRAM=00h-00h -ACONFIG=0300000h-030000Dh -pconfig=CONFIG \
  -AIDLOC=0200000h-0200007h -pidloc=IDLOC -AEEDATA=0F00000h-0F003FFh \
  -peeprom_data=EEDATA \
  -prdata=COMRAM,nvrram=COMRAM,nvbit=COMRAM,rbss=COMRAM,rbit=COMRAM \
  -pfarbss=FARRAM,fardata=FARRAM,nvFARRAM=FARRAM \
  -pintsave_regs=BIGRAM,bigbss=BIGRAM,bigdata=BIGRAM -pbss=RAM \
  -pidata=CODE,irdata=CODE,ibigdata=CODE,ifardata=CODE -prparam=COMRAM \
  C:\Users\codem\AppData\Local\Temp\s85o.obj \
  dist/default/production\napping_light.X.production.obj 

Object code version is 3.11

Machine type is 18F46K80

Call graph: (short form)




                Name                               Link     Load   Length Selector   Space Scale
C:\Users\codem\AppData\Local\Temp\s85o.obj
                init                                 B4       B4        4        4       0
                reset_vec                             0        0        4        0       0
                idloc                            200000   200000        8   200000       0
                config                           300000   300000        E   300000       0
dist/default/production\napping_light.X.production.obj
                intcode                               8        8       AC        4       0
                temp                                 5F       5F        1        1       1
                mediumconst                        FD56     FD56      2AA     7EAB       0
                text99                             1F44     1F44       90        4       0
                text98                             1AC8     1AC8       AE        4       0
                text97                              DFA      DFA      1AC        4       0
                text96                             2D52     2D52       40        4       0
                text95                             32D2     32D2        4        4       0
                text94                             3164     3164       26        4       0
                text93                             313E     313E       26        4       0
                text92                             318A     318A       24        4       0
                text91                             3064     3064       30        4       0
                text90                             228A     228A       84        4       0
                text89                             2408     2408       7A        4       0
                text88                             2652     2652       6A        4       0
                text87                             284C     284C       5A        4       0
                text86                             2B04     2B04       54        4       0
                text85                             238E     238E       7A        4       0
                text84                             1E10     1E10       A0        4       0
                text83                             3252     3252       14        4       0
                text82                             2A5A     2A5A       56        4       0
                text81                             25E0     25E0       72        4       0
                text80                             2062     2062       8E        4       0
                text79                             2788     2788       66        4       0
                text78                             2BAA     2BAA       52        4       0
                text77                             2A04     2A04       56        4       0
                text76                             3032     3032       32        4       0
                text75                             3000     3000       32        4       0
                text74                             2FCE     2FCE       32        4       0
                text73                             2F2E     2F2E       38        4       0
                text72                             185C     185C       E6        4       0
                text71                             1680     1680       F4        4       0
                text70                             158C     158C       F4        4       0
                text69                              87A      87A      212        4       0
                text68                             2B58     2B58       52        4       0
                text67                             2D10     2D10       42        4       0
                text66                             1D6C     1D6C       A4        4       0
                text65                             2CCE     2CCE       42        4       0
                text64                             1136     1136      148        4       0
                text63                             31F2     31F2       22        4       0
                text62                             20F0     20F0       8C        4       0
                text61                               B8       B8      374        4       0
                text60                             1EB0     1EB0       94        4       0
                text59                             32D6     32D6        2        4       0
                text58                             3114     3114       2A        4       0
                text56                             32CE     32CE        4        4       0
                text55                             30EA     30EA       2A        4       0
                text54                             30C0     30C0       2A        4       0
                text53                             3094     3094       2C        4       0
                text52                             2EF6     2EF6       38        4       0
                text51                             2204     2204       86        4       0
                text50                             217C     217C       88        4       0
                text49                             2482     2482       78        4       0
                text48                             27EE     27EE       5E        4       0
                text47                             2956     2956       58        4       0
                text46                             230E     230E       80        4       0
                text45                             1C20     1C20       A8        4       0
                text44                             323E     323E       14        4       0
                text43                             29AE     29AE       56        4       0
                text42                             256E     256E       72        4       0
                text41                             1FD4     1FD4       8E        4       0
                text40                             2722     2722       66        4       0
                text39                             2F66     2F66       36        4       0
                text38                             24FA     24FA       74        4       0
                text37                             1CC8     1CC8       A4        4       0
                text36                              C46      C46      1B4        4       0
                text35                             28FE     28FE       58        4       0
                text34                             28A6     28A6       58        4       0
                text33                             2F9C     2F9C       32        4       0
                text32                             139E     139E       F8        4       0
                text31                             2AB0     2AB0       54        4       0
                text30                             2C8A     2C8A       44        4       0
                text29                             1B76     1B76       AA        4       0
                text28                             2C46     2C46       44        4       0
                text27                             1942     1942       D6        4       0
                text26                              A8C      A8C      1BA        4       0
                text25                             127E     127E      120        4       0
                text24                              42C      42C      230        4       0
                text23                             2E46     2E46       3C        4       0
                text22                             2E0A     2E0A       3C        4       0
                text21                             2DCE     2DCE       3C        4       0
                text20                             1A18     1A18       B0        4       0
                text19                             2EBC     2EBC       3A        4       0
                text18                             1774     1774       E8        4       0
                text17                             1496     1496       F6        4       0
                text16                              65C      65C      21E        4       0
                text15                              FA6      FA6      190        4       0
                text14                             32B8     32B8        A        4       0
                text13                             31D0     31D0       22        4       0
                text12                             32CA     32CA        4        4       0
                text11                             329C     329C       12        4       0
                text10                             2D92     2D92       3C        4       0
                text9                              328A     328A       12        4       0
                text8                              3278     3278       12        4       0
                text7                              3266     3266       12        4       0
                text6                              32AE     32AE        A        4       0
                text5                              32C6     32C6        4        4       0
                text4                              2E82     2E82       3A        4       0
                text3                              32C2     32C2        4        4       0
                text2                              322A     322A       14        4       0
                text1                              31AE     31AE       22        4       0
                text0                              26BC     26BC       66        4       0
                cstackCOMRAM                          1        1       5C        1       1
                cstackBANK0                          60       60       49       60       1
                dataBANK0                            A9       A9       16       60       1
                bssBANK0                             BF       BF        E       60       1
                dataCOMRAM                           5E       5E        1        1       1
                bssCOMRAM                            5D       5D        1        1       1
                cinit                              2BFC     2BFC       4A        4       0
                nvBANK0                              CD       CD        4       60       1
                idataBANK0                         3214     3214       16        4       0
                idataCOMRAM                        32D8     32D8        1        4       0

TOTAL           Name                               Link     Load   Length     Space
        CLASS   STACK          

        CLASS   CODE           
                intcode                               8        8       AC         0
                init                                 B4       B4        4         0
                reset_vec                             0        0        4         0
                text99                             1F44     1F44       90         0
                text98                             1AC8     1AC8       AE         0
                text97                              DFA      DFA      1AC         0
                text96                             2D52     2D52       40         0
                text95                             32D2     32D2        4         0
                text94                             3164     3164       26         0
                text93                             313E     313E       26         0
                text92                             318A     318A       24         0
                text91                             3064     3064       30         0
                text90                             228A     228A       84         0
                text89                             2408     2408       7A         0
                text88                             2652     2652       6A         0
                text87                             284C     284C       5A         0
                text86                             2B04     2B04       54         0
                text85                             238E     238E       7A         0
                text84                             1E10     1E10       A0         0
                text83                             3252     3252       14         0
                text82                             2A5A     2A5A       56         0
                text81                             25E0     25E0       72         0
                text80                             2062     2062       8E         0
                text79                             2788     2788       66         0
                text78                             2BAA     2BAA       52         0
                text77                             2A04     2A04       56         0
                text76                             3032     3032       32         0
                text75                             3000     3000       32         0
                text74                             2FCE     2FCE       32         0
                text73                             2F2E     2F2E       38         0
                text72                             185C     185C       E6         0
                text71                             1680     1680       F4         0
                text70                             158C     158C       F4         0
                text69                              87A      87A      212         0
                text68                             2B58     2B58       52         0
                text67                             2D10     2D10       42         0
                text66                             1D6C     1D6C       A4         0
                text65                             2CCE     2CCE       42         0
                text64                             1136     1136      148         0
                text63                             31F2     31F2       22         0
                text62                             20F0     20F0       8C         0
                text61                               B8       B8      374         0
                text60                             1EB0     1EB0       94         0
                text59                             32D6     32D6        2         0
                text58                             3114     3114       2A         0
                text56                             32CE     32CE        4         0
                text55                             30EA     30EA       2A         0
                text54                             30C0     30C0       2A         0
                text53                             3094     3094       2C         0
                text52                             2EF6     2EF6       38         0
                text51                             2204     2204       86         0
                text50                             217C     217C       88         0
                text49                             2482     2482       78         0
                text48                             27EE     27EE       5E         0
                text47                             2956     2956       58         0
                text46                             230E     230E       80         0
                text45                             1C20     1C20       A8         0
                text44                             323E     323E       14         0
                text43                             29AE     29AE       56         0
                text42                             256E     256E       72         0
                text41                             1FD4     1FD4       8E         0
                text40                             2722     2722       66         0
                text39                             2F66     2F66       36         0
                text38                             24FA     24FA       74         0
                text37                             1CC8     1CC8       A4         0
                text36                              C46      C46      1B4         0
                text35                             28FE     28FE       58         0
                text34                             28A6     28A6       58         0
                text33                             2F9C     2F9C       32         0
                text32                             139E     139E       F8         0
                text31                             2AB0     2AB0       54         0
                text30                             2C8A     2C8A       44         0
                text29                             1B76     1B76       AA         0
                text28                             2C46     2C46       44         0
                text27                             1942     1942       D6         0
                text26                              A8C      A8C      1BA         0
                text25                             127E     127E      120         0
                text24                              42C      42C      230         0
                text23                             2E46     2E46       3C         0
                text22                             2E0A     2E0A       3C         0
                text21                             2DCE     2DCE       3C         0
                text20                             1A18     1A18       B0         0
                text19                             2EBC     2EBC       3A         0
                text18                             1774     1774       E8         0
                text17                             1496     1496       F6         0
                text16                              65C      65C      21E         0
                text15                              FA6      FA6      190         0
                text14                             32B8     32B8        A         0
                text13                             31D0     31D0       22         0
                text12                             32CA     32CA        4         0
                text11                             329C     329C       12         0
                text10                             2D92     2D92       3C         0
                text9                              328A     328A       12         0
                text8                              3278     3278       12         0
                text7                              3266     3266       12         0
                text6                              32AE     32AE        A         0
                text5                              32C6     32C6        4         0
                text4                              2E82     2E82       3A         0
                text3                              32C2     32C2        4         0
                text2                              322A     322A       14         0
                text1                              31AE     31AE       22         0
                text0                              26BC     26BC       66         0
                cinit                              2BFC     2BFC       4A         0
                idataBANK0                         3214     3214       16         0
                idataCOMRAM                        32D8     32D8        1         0

        CLASS   CONST          

        CLASS   SMALLCONST     

        CLASS   MEDIUMCONST    
                mediumconst                        FD56     FD56      2AA         0

        CLASS   COMRAM         
                temp                                 5F       5F        1         1
                cstackCOMRAM                          1        1       5C         1
                dataCOMRAM                           5E       5E        1         1
                bssCOMRAM                            5D       5D        1         1

        CLASS   ABS1           

        CLASS   BIGRAM         

        CLASS   RAM            

        CLASS   BANK0          
                cstackBANK0                          60       60       49         1
                dataBANK0                            A9       A9       16         1
                bssBANK0                             BF       BF        E         1
                nvBANK0                              CD       CD        4         1

        CLASS   BANK1          

        CLASS   BANK2          

        CLASS   BANK3          

        CLASS   BANK4          

        CLASS   BANK5          

        CLASS   BANK6          

        CLASS   BANK7          

        CLASS   BANK8          

        CLASS   BANK9          

        CLASS   BANK10         

        CLASS   BANK11         

        CLASS   BANK12         

        CLASS   BANK13         

        CLASS   BANK14         

        CLASS   SFR            

        CLASS   FARRAM         

        CLASS   CONFIG         
                config                           300000   300000        E         0

        CLASS   IDLOC          
                idloc                            200000   200000        8         0

        CLASS   EEDATA         



SEGMENTS        Name                           Load    Length   Top    Selector   Space  Class

                reset_vec                      000000  000004  000004         0       0  CODE    
                cstackCOMRAM                   000001  00005F  000060         1       1  COMRAM  
                intcode                        000008  0032D1  0032D9         4       0  CODE    
                cstackBANK0                    000060  000071  0000D1        60       1  BANK0   
                mediumconst                    00FD56  0002AA  010000      7EAB       0  MEDIUMCO
                idloc                          200000  000008  200008    200000       0  IDLOC   
                config                         300000  00000E  30000E    300000       0  CONFIG  


UNUSED ADDRESS RANGES

        Name                Unused          Largest block    Delta
        BANK0            0000D1-0000FF               2F
        BANK1            000100-0001FF              100
        BANK10           000A00-000AFF              100
        BANK11           000B00-000BFF              100
        BANK12           000C00-000CFF              100
        BANK13           000D00-000DFF              100
        BANK14           000E00-000E40               41
        BANK2            000200-0002FF              100
        BANK3            000300-0003FF              100
        BANK4            000400-0004FF              100
        BANK5            000500-0005FF              100
        BANK6            000600-0006FF              100
        BANK7            000700-0007FF              100
        BANK8            000800-0008FF              100
        BANK9            000900-0009FF              100
        BIGRAM           0000D1-000E40              D70
        CODE             000004-000007                4
                         0032D9-00FD55             CA7D
        CONST            000004-000007                4
                         0032D9-00FD55             CA7D
        EEDATA           F00000-F003FF              400
        MEDIUMCONST      0032D9-00FD55             CA7D
        RAM              0000D1-000E40              100
        SFR              000E41-000FFF               BF
        SMALLCONST       0032D9-00FD55              100
        STACK            0000D1-000E40              D70

                                  Symbol Table

?___awdiv                                 cstackBANK0  000060
?___awtoft                                cstackBANK0  000068
?___ftadd                                 cstackCOMRAM 000009
?___ftdiv                                 cstackBANK0  000068
?___ftmul                                 cstackBANK0  000077
?___ftpack                                cstackBANK0  000060
?___ftsub                                 cstackCOMRAM 000015
?___fttol                                 cstackBANK0  000060
?___lwdiv                                 cstackBANK0  000060
?___lwmod                                 cstackBANK0  000060
?i2___awdiv                               cstackCOMRAM 000001
?i2___awtoft                              cstackCOMRAM 000009
?i2___ftdiv                               cstackCOMRAM 000009
?i2___ftmul                               cstackCOMRAM 000018
?i2___ftpack                              cstackCOMRAM 000001
?i2___fttol                               cstackCOMRAM 000001
?i2___lwdiv                               cstackCOMRAM 000001
?i2___lwmod                               cstackCOMRAM 000001
Brightness_Menu_Function@display          cstackCOMRAM 00003C
Brightness_Menu_Function@result           cstackCOMRAM 000046
Clear_Arrow_Column@i                      cstackBANK0  000076
Clear_Arrow_Column@j                      cstackBANK0  000075
Clear_Brightness_Arrows@i                 cstackBANK0  00006E
Clear_runTime_Arrows@i                    cstackBANK0  00006E
Clear_startColors_Arrows@i                cstackBANK0  00006E
Draw_Brightness_Menu@display              cstackBANK0  000093
Draw_Start_Colors_Menu@display            cstackBANK0  000093
Draw_runTime_Menu@display                 cstackBANK0  000093
GLCD_ClearScreen@i                        cstackBANK0  00006E
GLCD_ClearScreen@j                        cstackBANK0  00006F
GLCD_DisableController@controller         cstackBANK0  000060
GLCD_EnableController@controller          cstackBANK0  000060
GLCD_GoTo@i                               cstackBANK0  00006D
GLCD_GoTo@x                               cstackBANK0  00006C
GLCD_GoTo@y                               cstackBANK0  00006B
GLCD_Initalize@i                          cstackBANK0  00006B
GLCD_Line@CurrentX                        cstackBANK0  00008B
GLCD_Line@CurrentY                        cstackBANK0  00008D
GLCD_Line@Dx                              cstackBANK0  00008F
GLCD_Line@Dy                              cstackBANK0  000091
GLCD_Line@TwoDx                           cstackBANK0  000087
GLCD_Line@TwoDxAccumulatedError           cstackBANK0  00007F
GLCD_Line@TwoDy                           cstackBANK0  000089
GLCD_Line@TwoDyAccumulatedError           cstackBANK0  000081
GLCD_Line@X1                              cstackBANK0  000075
GLCD_Line@X2                              cstackBANK0  000079
GLCD_Line@Xinc                            cstackBANK0  000083
GLCD_Line@Y1                              cstackBANK0  000077
GLCD_Line@Y2                              cstackBANK0  00007B
GLCD_Line@Yinc                            cstackBANK0  000085
GLCD_ReadData@data                        cstackBANK0  000069
GLCD_ReadStatus@controller                cstackBANK0  000062
GLCD_ReadStatus@status                    cstackBANK0  000061
GLCD_SetPixel@color                       cstackBANK0  00006F
GLCD_SetPixel@tmp                         cstackBANK0  000072
GLCD_SetPixel@x                           cstackBANK0  000073
GLCD_SetPixel@y                           cstackBANK0  00006E
GLCD_WriteChar@charToWrite                cstackBANK0  00006A
GLCD_WriteChar@i                          cstackBANK0  00006B
GLCD_WriteCommand@commandToWrite          cstackBANK0  00006A
GLCD_WriteCommand@controller              cstackBANK0  000068
GLCD_WriteData@dataToWrite                cstackBANK0  000069
GLCD_WriteString@stringToWrite            cstackBANK0  00006D
Initialize_Menus@display                  cstackBANK0  000093
Main_Menu_Function@result                 cstackCOMRAM 000018
PIN_MANAGER_IOC@CHA                       cstackCOMRAM 000049
PIN_MANAGER_IOC@CHB                       cstackCOMRAM 000048
PIN_MANAGER_IOC@currentState              cstackCOMRAM 000047
PIN_MANAGER_IOC@previousState             bssBANK0     0000C5
PIN_MANAGER_IOC@result                    cstackCOMRAM 00004A
PWM2_LoadDutyValue@dutyValue              cstackBANK0  00006F
PWM3_LoadDutyValue@dutyValue              cstackBANK0  00006F
PWM4_LoadDutyValue@dutyValue              cstackBANK0  00006F
Run_Time_Menu_Function@display            cstackCOMRAM 000019
Run_Time_Menu_Function@result             cstackCOMRAM 000023
Set_Colors@Blue                           cstackBANK0  00008C
Set_Colors@Green                          cstackBANK0  000089
Set_Colors@Red                            cstackBANK0  000086
Set_Colors@appliedBlue                    cstackBANK0  000095
Set_Colors@appliedGreen                   cstackBANK0  000092
Set_Colors@appliedRed                     cstackBANK0  00008F
Start_Color_Menu_Function@display         cstackCOMRAM 00003C
Start_Color_Menu_Function@result          cstackCOMRAM 000046
TMR0_SetInterruptHandler@InterruptHandler cstackBANK0  000060
_ANCON0                                   (abs)        000F5D
_ANCON1                                   (abs)        000F5C
_ARROW_SIZE                               dataBANK0    0000BB
_Brightness_Menu_Function                 text64       001136
_CCP2CON                                  (abs)        000F50
_CCP3CON                                  (abs)        000F4D
_CCP4CON                                  (abs)        000F4A
_CCPR2H                                   (abs)        000F52
_CCPR2L                                   (abs)        000F51
_CCPR3H                                   (abs)        000F4F
_CCPR3L                                   (abs)        000F4E
_CCPR4H                                   (abs)        000F4C
_CCPR4L                                   (abs)        000F4B
_CCPTMRSbits                              (abs)        000F99
_Check_Buttons                            text15       000FA6
_Clear_Arrow_Column                       text48       0027EE
_Clear_Brightness_Arrows                  text47       002956
_Clear_runTime_Arrows                     text46       00230E
_Clear_startColors_Arrows                 text45       001C20
_Draw_Arrow                               text40       002722
_Draw_Brightness_Arrow                    text43       0029AE
_Draw_Brightness_Menu                     text27       001942
_Draw_Start_Colors_Menu                   text26       000A8C
_Draw_runTime_Arrow                       text42       00256E
_Draw_runTime_Menu                        text25       00127E
_Draw_startColors_Arrow                   text41       001FD4
_EEADR                                    (abs)        000F74
_EEADRH                                   (abs)        000F75
_EECON1bits                               (abs)        000F7F
_EECON2                                   (abs)        000F7E
_EEDATA                                   (abs)        000F73
_GLCD_ClearScreen                         text39       002F66
_GLCD_Delay                               text56       0032CE
_GLCD_DisableController                   text55       0030EA
_GLCD_EnableController                    text54       0030C0
_GLCD_GoTo                                text50       00217C
_GLCD_Initalize                           text13       0031D0
_GLCD_InitializePorts                     text14       0032B8
_GLCD_Line                                text36       000C46
_GLCD_ReadData                            text38       0024FA
_GLCD_ReadStatus                          text53       003094
_GLCD_SetPixel                            text37       001CC8
_GLCD_SetPixel$1888                       cstackBANK0  000074
_GLCD_WriteChar                           text35       0028FE
_GLCD_WriteCommand                        text52       002EF6
_GLCD_WriteData                           text49       002482
_GLCD_WriteString                         text34       0028A6
_INTCONbits                               (abs)        000FF2
_INTERRUPT_Initialize                     text12       0032CA
_INTERRUPT_InterruptManager               intcode      000008
_IOCB4_InterruptHandler                   bssBANK0     0000C1
_IOCB5_InterruptHandler                   bssBANK0     0000BF
_IOCBbits                                 (abs)        000F5A
_Initialize_Menus                         text24       00042C
_LATA                                     (abs)        000F89
_LATB                                     (abs)        000F8A
_LATC                                     (abs)        000F8B
_LATD                                     (abs)        000F8C
_LATE                                     (abs)        000F8D
_LATEbits                                 (abs)        000F8D
_Main_Menu_Function                       text63       0031F2
_Make_Arrow                               text44       00323E
_Make_Back_Arrow                          text33       002F9C
_OSCCON                                   (abs)        000FD3
_OSCCON2                                  (abs)        000FD2
_OSCILLATOR_Initialize                    text11       00329C
_OSCTUNE                                  (abs)        000F9B
_PIN_MANAGER_IOC                          text60       001EB0
_PIN_MANAGER_Initialize                   text10       002D92
_PIR4bits                                 (abs)        000FB7
_PORTA                                    (abs)        000F80
_PORTB                                    (abs)        000F81
_PORTBbits                                (abs)        000F81
_PORTD                                    (abs)        000F83
_PR4                                      (abs)        000FA9
_PWM2_Initialize                          text9        00328A
_PWM2_LoadDutyValue                       text23       002E46
_PWM3_Initialize                          text8        003278
_PWM3_LoadDutyValue                       text22       002E0A
_PWM4_Initialize                          text7        003266
_PWM4_LoadDutyValue                       text21       002DCE
_RCONbits                                 (abs)        000FD0
_REFOCON                                  (abs)        000F9A
_Run_Time_Menu_Function                   text62       0020F0
_SYSTEM_Initialize                        text1        0031AE
_Set_Colors                               text16       00065C
_Set_Colors$1887                          cstackBANK0  000098
_Start_Color_Menu_Function                text61       0000B8
_T0CON                                    (abs)        000FD5
_T0CONbits                                (abs)        000FD5
_T4CON                                    (abs)        000F88
_T4CONbits                                (abs)        000F88
_TABLAT                                   (abs)        000FF5
_TBLPTRH                                  (abs)        000FF7
_TBLPTRL                                  (abs)        000FF6
_TBLPTRU                                  (abs)        000FF8
_TMR0H                                    (abs)        000FD7
_TMR0L                                    (abs)        000FD6
_TMR0_DefaultInterruptHandler             text59       0032D6
_TMR0_ISR                                 text58       003114
_TMR0_Initialize                          text4        002E82
_TMR0_InterruptHandler                    nvBANK0      0000CF
_TMR0_SetInterruptHandler                 text6        0032AE
_TMR0_StartTimer                          text5        0032C6
_TMR4                                     (abs)        000F87
_TMR4_Initialize                          text2        00322A
_TMR4_StartTimer                          text3        0032C2
_TRISA                                    (abs)        000F92
_TRISB                                    (abs)        000F93
_TRISC                                    (abs)        000F94
_TRISD                                    (abs)        000F95
_TRISE                                    (abs)        000F96
_WPUB                                     (abs)        000F5B
__CFG_BBSIZ$BB2K                          (abs)        000000
__CFG_BOREN$SBORDIS                       (abs)        000000
__CFG_BORPWR$ZPBORMV                      (abs)        000000
__CFG_BORV$3                              (abs)        000000
__CFG_CANMX$PORTB                         (abs)        000000
__CFG_CP0$OFF                             (abs)        000000
__CFG_CP1$OFF                             (abs)        000000
__CFG_CP2$OFF                             (abs)        000000
__CFG_CP3$OFF                             (abs)        000000
__CFG_CPB$OFF                             (abs)        000000
__CFG_CPD$OFF                             (abs)        000000
__CFG_EBTR0$OFF                           (abs)        000000
__CFG_EBTR1$OFF                           (abs)        000000
__CFG_EBTR2$OFF                           (abs)        000000
__CFG_EBTR3$OFF                           (abs)        000000
__CFG_EBTRB$OFF                           (abs)        000000
__CFG_FCMEN$OFF                           (abs)        000000
__CFG_FOSC$INTIO2                         (abs)        000000
__CFG_IESO$OFF                            (abs)        000000
__CFG_INTOSCSEL$HIGH                      (abs)        000000
__CFG_MCLRE$ON                            (abs)        000000
__CFG_MSSPMSK$MSK7                        (abs)        000000
__CFG_PLLCFG$OFF                          (abs)        000000
__CFG_PWRTEN$OFF                          (abs)        000000
__CFG_RETEN$OFF                           (abs)        000000
__CFG_SOSCSEL$DIG                         (abs)        000000
__CFG_STVREN$ON                           (abs)        000000
__CFG_WDTEN$OFF                           (abs)        000000
__CFG_WDTPS$1048576                       (abs)        000000
__CFG_WRT0$OFF                            (abs)        000000
__CFG_WRT1$OFF                            (abs)        000000
__CFG_WRT2$OFF                            (abs)        000000
__CFG_WRT3$OFF                            (abs)        000000
__CFG_WRTB$OFF                            (abs)        000000
__CFG_WRTC$OFF                            (abs)        000000
__CFG_WRTD$OFF                            (abs)        000000
__CFG_XINST$OFF                           (abs)        000000
__HRAM                                    (abs)        000000
__Habs1                                   abs1         000000
__Hbank0                                  bank0        000000
__Hbank1                                  bank1        000000
__Hbank10                                 bank10       000000
__Hbank11                                 bank11       000000
__Hbank12                                 bank12       000000
__Hbank13                                 bank13       000000
__Hbank14                                 bank14       000000
__Hbank2                                  bank2        000000
__Hbank3                                  bank3        000000
__Hbank4                                  bank4        000000
__Hbank5                                  bank5        000000
__Hbank6                                  bank6        000000
__Hbank7                                  bank7        000000
__Hbank8                                  bank8        000000
__Hbank9                                  bank9        000000
__Hbigbss                                 bigbss       000000
__Hbigdata                                bigdata      000000
__Hbigram                                 bigram       000000
__Hbss                                    bss          000000
__HbssBANK0                               bssBANK0     000000
__HbssCOMRAM                              bssCOMRAM    000000
__Hcinit                                  cinit        000000
__Hclrtext                                clrtext      000000
__Hcomram                                 comram       000000
__Hconfig                                 config       30000E
__Hconst                                  const        000000
__HcstackBANK0                            cstackBANK0  000000
__HcstackCOMRAM                           cstackCOMRAM 000000
__Hdata                                   data         000000
__HdataBANK0                              dataBANK0    000000
__HdataCOMRAM                             dataCOMRAM   000000
__Heeprom_data                            eeprom_data  000000
__Hfarbss                                 farbss       000000
__Hfardata                                fardata      000000
__Hibigdata                               ibigdata     000000
__Hidata                                  idata        000000
__HidataBANK0                             idataBANK0   000000
__HidataCOMRAM                            idataCOMRAM  000000
__Hidloc                                  idloc        200008
__Hifardata                               ifardata     000000
__Hinit                                   init         0000B8
__Hintcode                                intcode      0000B4
__Hintcode_body                           intcode_body 000000
__Hintcodelo                              intcodelo    0000B4
__Hintentry                               intentry     000000
__Hintret                                 intret       000000
__Hintsave_regs                           intsave_regs 000000
__Hirdata                                 irdata       000000
__Hmediumconst                            mediumconst  010000
__HnvBANK0                                nvBANK0      000000
__HnvFARRAM                               nvFARRAM     000000
__Hnvbit                                  nvbit        000000
__Hnvrram                                 nvrram       000000
__Hparam                                  rparam       000000
__Hpowerup                                powerup      0000B4
__Hram                                    ram          000000
__Hramtop                                 ramtop       000F00
__Hrbit                                   rbit         000000
__Hrbss                                   rbss         000000
__Hrdata                                  rdata        000000
__Hreset_vec                              reset_vec    000004
__Hrparam                                 rparam       000000
__Hsfr                                    sfr          000000
__Hsmallconst                             smallconst   000000
__Hspace_0                                (abs)        30000E
__Hspace_1                                (abs)        0000D1
__Hspace_2                                (abs)        000000
__Hstack                                  stack        000000
__Hstruct                                 struct       000000
__Htemp                                   temp         000060
__Htext                                   text         000000
__Htext0                                  text0        000000
__Htext1                                  text1        000000
__Htext10                                 text10       000000
__Htext100                                text100      000000
__Htext11                                 text11       000000
__Htext12                                 text12       000000
__Htext13                                 text13       000000
__Htext14                                 text14       000000
__Htext15                                 text15       000000
__Htext16                                 text16       000000
__Htext17                                 text17       000000
__Htext18                                 text18       000000
__Htext19                                 text19       000000
__Htext2                                  text2        000000
__Htext20                                 text20       000000
__Htext21                                 text21       000000
__Htext22                                 text22       000000
__Htext23                                 text23       000000
__Htext24                                 text24       000000
__Htext25                                 text25       000000
__Htext26                                 text26       000000
__Htext27                                 text27       000000
__Htext28                                 text28       000000
__Htext29                                 text29       000000
__Htext3                                  text3        000000
__Htext30                                 text30       000000
__Htext31                                 text31       000000
__Htext32                                 text32       000000
__Htext33                                 text33       000000
__Htext34                                 text34       000000
__Htext35                                 text35       000000
__Htext36                                 text36       000000
__Htext37                                 text37       000000
__Htext38                                 text38       000000
__Htext39                                 text39       000000
__Htext4                                  text4        000000
__Htext40                                 text40       000000
__Htext41                                 text41       000000
__Htext42                                 text42       000000
__Htext43                                 text43       000000
__Htext44                                 text44       000000
__Htext45                                 text45       000000
__Htext46                                 text46       000000
__Htext47                                 text47       000000
__Htext48                                 text48       000000
__Htext49                                 text49       000000
__Htext5                                  text5        000000
__Htext50                                 text50       000000
__Htext51                                 text51       000000
__Htext52                                 text52       000000
__Htext53                                 text53       000000
__Htext54                                 text54       000000
__Htext55                                 text55       000000
__Htext56                                 text56       000000
__Htext58                                 text58       000000
__Htext59                                 text59       000000
__Htext6                                  text6        000000
__Htext60                                 text60       000000
__Htext61                                 text61       000000
__Htext62                                 text62       000000
__Htext63                                 text63       000000
__Htext64                                 text64       000000
__Htext65                                 text65       000000
__Htext66                                 text66       000000
__Htext67                                 text67       000000
__Htext68                                 text68       000000
__Htext69                                 text69       000000
__Htext7                                  text7        000000
__Htext70                                 text70       000000
__Htext71                                 text71       000000
__Htext72                                 text72       000000
__Htext73                                 text73       000000
__Htext74                                 text74       000000
__Htext75                                 text75       000000
__Htext76                                 text76       000000
__Htext77                                 text77       000000
__Htext78                                 text78       000000
__Htext79                                 text79       000000
__Htext8                                  text8        000000
__Htext80                                 text80       000000
__Htext81                                 text81       000000
__Htext82                                 text82       000000
__Htext83                                 text83       000000
__Htext84                                 text84       000000
__Htext85                                 text85       000000
__Htext86                                 text86       000000
__Htext87                                 text87       000000
__Htext88                                 text88       000000
__Htext89                                 text89       000000
__Htext9                                  text9        000000
__Htext90                                 text90       000000
__Htext91                                 text91       000000
__Htext92                                 text92       000000
__Htext93                                 text93       000000
__Htext94                                 text94       000000
__Htext95                                 text95       000000
__Htext96                                 text96       000000
__Htext97                                 text97       000000
__Htext98                                 text98       000000
__Htext99                                 text99       000000
__LRAM                                    (abs)        000001
__Labs1                                   abs1         000000
__Lbank0                                  bank0        000000
__Lbank1                                  bank1        000000
__Lbank10                                 bank10       000000
__Lbank11                                 bank11       000000
__Lbank12                                 bank12       000000
__Lbank13                                 bank13       000000
__Lbank14                                 bank14       000000
__Lbank2                                  bank2        000000
__Lbank3                                  bank3        000000
__Lbank4                                  bank4        000000
__Lbank5                                  bank5        000000
__Lbank6                                  bank6        000000
__Lbank7                                  bank7        000000
__Lbank8                                  bank8        000000
__Lbank9                                  bank9        000000
__Lbigbss                                 bigbss       000000
__Lbigdata                                bigdata      000000
__Lbigram                                 bigram       000000
__Lbss                                    bss          000000
__LbssBANK0                               bssBANK0     000000
__LbssCOMRAM                              bssCOMRAM    000000
__Lcinit                                  cinit        000000
__Lclrtext                                clrtext      000000
__Lcomram                                 comram       000000
__Lconfig                                 config       300000
__Lconst                                  const        000000
__LcstackBANK0                            cstackBANK0  000000
__LcstackCOMRAM                           cstackCOMRAM 000000
__Ldata                                   data         000000
__LdataBANK0                              dataBANK0    000000
__LdataCOMRAM                             dataCOMRAM   000000
__Leeprom_data                            eeprom_data  000000
__Lfarbss                                 farbss       000000
__Lfardata                                fardata      000000
__Libigdata                               ibigdata     000000
__Lidata                                  idata        000000
__LidataBANK0                             idataBANK0   000000
__LidataCOMRAM                            idataCOMRAM  000000
__Lidloc                                  idloc        200000
__Lifardata                               ifardata     000000
__Linit                                   init         0000B4
__Lintcode                                intcode      000008
__Lintcode_body                           intcode_body 000000
__Lintcodelo                              intcodelo    0000B4
__Lintentry                               intentry     000000
__Lintret                                 intret       000000
__Lintsave_regs                           intsave_regs 000000
__Lirdata                                 irdata       000000
__Lmediumconst                            mediumconst  00FD56
__LnvBANK0                                nvBANK0      000000
__LnvFARRAM                               nvFARRAM     000000
__Lnvbit                                  nvbit        000000
__Lnvrram                                 nvrram       000000
__Lparam                                  rparam       000000
__Lpowerup                                powerup      0000B4
__Lram                                    ram          000000
__Lramtop                                 ramtop       000F00
__Lrbit                                   rbit         000000
__Lrbss                                   rbss         000000
__Lrdata                                  rdata        000000
__Lreset_vec                              reset_vec    000000
__Lrparam                                 rparam       000000
__Lsfr                                    sfr          000000
__Lsmallconst                             smallconst   000000
__Lspace_0                                (abs)        000000
__Lspace_1                                (abs)        000000
__Lspace_2                                (abs)        000000
__Lstack                                  stack        000000
__Lstruct                                 struct       000000
__Ltemp                                   temp         00005F
__Ltext                                   text         000000
__Ltext0                                  text0        000000
__Ltext1                                  text1        000000
__Ltext10                                 text10       000000
__Ltext100                                text100      000000
__Ltext11                                 text11       000000
__Ltext12                                 text12       000000
__Ltext13                                 text13       000000
__Ltext14                                 text14       000000
__Ltext15                                 text15       000000
__Ltext16                                 text16       000000
__Ltext17                                 text17       000000
__Ltext18                                 text18       000000
__Ltext19                                 text19       000000
__Ltext2                                  text2        000000
__Ltext20                                 text20       000000
__Ltext21                                 text21       000000
__Ltext22                                 text22       000000
__Ltext23                                 text23       000000
__Ltext24                                 text24       000000
__Ltext25                                 text25       000000
__Ltext26                                 text26       000000
__Ltext27                                 text27       000000
__Ltext28                                 text28       000000
__Ltext29                                 text29       000000
__Ltext3                                  text3        000000
__Ltext30                                 text30       000000
__Ltext31                                 text31       000000
__Ltext32                                 text32       000000
__Ltext33                                 text33       000000
__Ltext34                                 text34       000000
__Ltext35                                 text35       000000
__Ltext36                                 text36       000000
__Ltext37                                 text37       000000
__Ltext38                                 text38       000000
__Ltext39                                 text39       000000
__Ltext4                                  text4        000000
__Ltext40                                 text40       000000
__Ltext41                                 text41       000000
__Ltext42                                 text42       000000
__Ltext43                                 text43       000000
__Ltext44                                 text44       000000
__Ltext45                                 text45       000000
__Ltext46                                 text46       000000
__Ltext47                                 text47       000000
__Ltext48                                 text48       000000
__Ltext49                                 text49       000000
__Ltext5                                  text5        000000
__Ltext50                                 text50       000000
__Ltext51                                 text51       000000
__Ltext52                                 text52       000000
__Ltext53                                 text53       000000
__Ltext54                                 text54       000000
__Ltext55                                 text55       000000
__Ltext56                                 text56       000000
__Ltext58                                 text58       000000
__Ltext59                                 text59       000000
__Ltext6                                  text6        000000
__Ltext60                                 text60       000000
__Ltext61                                 text61       000000
__Ltext62                                 text62       000000
__Ltext63                                 text63       000000
__Ltext64                                 text64       000000
__Ltext65                                 text65       000000
__Ltext66                                 text66       000000
__Ltext67                                 text67       000000
__Ltext68                                 text68       000000
__Ltext69                                 text69       000000
__Ltext7                                  text7        000000
__Ltext70                                 text70       000000
__Ltext71                                 text71       000000
__Ltext72                                 text72       000000
__Ltext73                                 text73       000000
__Ltext74                                 text74       000000
__Ltext75                                 text75       000000
__Ltext76                                 text76       000000
__Ltext77                                 text77       000000
__Ltext78                                 text78       000000
__Ltext79                                 text79       000000
__Ltext8                                  text8        000000
__Ltext80                                 text80       000000
__Ltext81                                 text81       000000
__Ltext82                                 text82       000000
__Ltext83                                 text83       000000
__Ltext84                                 text84       000000
__Ltext85                                 text85       000000
__Ltext86                                 text86       000000
__Ltext87                                 text87       000000
__Ltext88                                 text88       000000
__Ltext89                                 text89       000000
__Ltext9                                  text9        000000
__Ltext90                                 text90       000000
__Ltext91                                 text91       000000
__Ltext92                                 text92       000000
__Ltext93                                 text93       000000
__Ltext94                                 text94       000000
__Ltext95                                 text95       000000
__Ltext96                                 text96       000000
__Ltext97                                 text97       000000
__Ltext98                                 text98       000000
__Ltext99                                 text99       000000
__S0                                      (abs)        30000E
__S1                                      (abs)        0000D1
__S2                                      (abs)        000000
___awdiv                                  text51       002204
___awdiv@counter                          cstackBANK0  000064
___awdiv@dividend                         cstackBANK0  000060
___awdiv@divisor                          cstackBANK0  000062
___awdiv@quotient                         cstackBANK0  000066
___awdiv@sign                             cstackBANK0  000065
___awtoft                                 text19       002EBC
___awtoft@c                               cstackBANK0  000068
___awtoft@sign                            cstackBANK0  00006B
___ftadd                                  text97       000DFA
___ftadd@exp1                             cstackCOMRAM 000014
___ftadd@exp2                             cstackCOMRAM 000013
___ftadd@f1                               cstackCOMRAM 000009
___ftadd@f2                               cstackCOMRAM 00000C
___ftadd@sign                             cstackCOMRAM 000012
___ftdiv                                  text18       001774
___ftdiv@cntr                             cstackBANK0  000071
___ftdiv@exp                              cstackBANK0  000075
___ftdiv@f1                               cstackBANK0  000068
___ftdiv@f2                               cstackBANK0  00006B
___ftdiv@f3                               cstackBANK0  000072
___ftdiv@sign                             cstackBANK0  000076
___ftge                                   text99       001F44
___ftge@ff1                               cstackCOMRAM 000001
___ftge@ff2                               cstackCOMRAM 000004
___ftmul                                  text17       001496
___ftmul@cntr                             cstackBANK0  000084
___ftmul@exp                              cstackBANK0  000080
___ftmul@f1                               cstackBANK0  000077
___ftmul@f2                               cstackBANK0  00007A
___ftmul@f3_as_product                    cstackBANK0  000081
___ftmul@sign                             cstackBANK0  000085
___ftpack                                 text20       001A18
___ftpack@arg                             cstackBANK0  000060
___ftpack@exp                             cstackBANK0  000063
___ftpack@sign                            cstackBANK0  000064
___ftsub                                  text96       002D52
___ftsub@f1                               cstackCOMRAM 000015
___ftsub@f2                               cstackCOMRAM 000018
___fttol                                  text32       00139E
___fttol@exp1                             cstackBANK0  00006E
___fttol@f1                               cstackBANK0  000060
___fttol@lval                             cstackBANK0  00006A
___fttol@sign1                            cstackBANK0  000069
___inthi_sp                               stack        000000
___intlo_sp                               stack        000000
___lwdiv                                  text31       002AB0
___lwdiv@counter                          cstackBANK0  000066
___lwdiv@dividend                         cstackBANK0  000060
___lwdiv@divisor                          cstackBANK0  000062
___lwdiv@quotient                         cstackBANK0  000064
___lwmod                                  text30       002C8A
___lwmod@counter                          cstackBANK0  000064
___lwmod@dividend                         cstackBANK0  000060
___lwmod@divisor                          cstackBANK0  000062
___param_bank                             (abs)        000000
___rparam_used                            (abs)        000001
___sp                                     stack        000000
__accesstop                               (abs)        000060
__activetblptr                            (abs)        000003
__end_of_Brightness_Menu_Function         text64       00127E
__end_of_Check_Buttons                    text15       001136
__end_of_Clear_Arrow_Column               text48       00284C
__end_of_Clear_Brightness_Arrows          text47       0029AE
__end_of_Clear_runTime_Arrows             text46       00238E
__end_of_Clear_startColors_Arrows         text45       001CC8
__end_of_Draw_Arrow                       text40       002788
__end_of_Draw_Brightness_Arrow            text43       002A04
__end_of_Draw_Brightness_Menu             text27       001A18
__end_of_Draw_Start_Colors_Menu           text26       000C46
__end_of_Draw_runTime_Arrow               text42       0025E0
__end_of_Draw_runTime_Menu                text25       00139E
__end_of_Draw_startColors_Arrow           text41       002062
__end_of_GLCD_ClearScreen                 text39       002F9C
__end_of_GLCD_Delay                       text56       0032D2
__end_of_GLCD_DisableController           text55       003114
__end_of_GLCD_EnableController            text54       0030EA
__end_of_GLCD_GoTo                        text50       002204
__end_of_GLCD_Initalize                   text13       0031F2
__end_of_GLCD_InitializePorts             text14       0032C2
__end_of_GLCD_Line                        text36       000DFA
__end_of_GLCD_ReadData                    text38       00256E
__end_of_GLCD_ReadStatus                  text53       0030C0
__end_of_GLCD_SetPixel                    text37       001D6C
__end_of_GLCD_WriteChar                   text35       002956
__end_of_GLCD_WriteCommand                text52       002F2E
__end_of_GLCD_WriteData                   text49       0024FA
__end_of_GLCD_WriteString                 text34       0028FE
__end_of_INTERRUPT_Initialize             text12       0032CE
__end_of_INTERRUPT_InterruptManager       intcode      0000B4
__end_of_Initialize_Menus                 text24       00065C
__end_of_Main_Menu_Function               text63       003214
__end_of_Make_Arrow                       text44       003252
__end_of_Make_Back_Arrow                  text33       002FCE
__end_of_OSCILLATOR_Initialize            text11       0032AE
__end_of_PIN_MANAGER_IOC                  text60       001F44
__end_of_PIN_MANAGER_Initialize           text10       002DCE
__end_of_PWM2_Initialize                  text9        00329C
__end_of_PWM2_LoadDutyValue               text23       002E82
__end_of_PWM3_Initialize                  text8        00328A
__end_of_PWM3_LoadDutyValue               text22       002E46
__end_of_PWM4_Initialize                  text7        003278
__end_of_PWM4_LoadDutyValue               text21       002E0A
__end_of_Run_Time_Menu_Function           text62       00217C
__end_of_SYSTEM_Initialize                text1        0031D0
__end_of_Set_Colors                       text16       00087A
__end_of_Start_Color_Menu_Function        text61       00042C
__end_of_TMR0_DefaultInterruptHandler     text59       0032D8
__end_of_TMR0_ISR                         text58       00313E
__end_of_TMR0_Initialize                  text4        002EBC
__end_of_TMR0_SetInterruptHandler         text6        0032B8
__end_of_TMR0_StartTimer                  text5        0032CA
__end_of_TMR4_Initialize                  text2        00323E
__end_of_TMR4_StartTimer                  text3        0032C6
__end_of___awdiv                          text51       00228A
__end_of___awtoft                         text19       002EF6
__end_of___ftadd                          text97       000FA6
__end_of___ftdiv                          text18       00185C
__end_of___ftge                           text99       001FD4
__end_of___ftmul                          text17       00158C
__end_of___ftpack                         text20       001AC8
__end_of___ftsub                          text96       002D92
__end_of___fttol                          text32       001496
__end_of___lwdiv                          text31       002B04
__end_of___lwmod                          text30       002CCE
__end_of__initialization                  cinit        002C3C
__end_of_color                            mediumconst  00FF38
__end_of_font5x8                          mediumconst  00FF37
__end_of_itoa                             text28       002C8A
__end_of_main                             text0        002722
__end_of_utoa                             text29       001C20
__end_ofi2_Clear_Arrow_Column             text87       0028A6
__end_ofi2_Clear_Brightness_Arrows        text86       002B58
__end_ofi2_Clear_runTime_Arrows           text85       002408
__end_ofi2_Clear_startColors_Arrows       text84       001EB0
__end_ofi2_Draw_Arrow                     text79       0027EE
__end_ofi2_Draw_Brightness_Arrow          text82       002AB0
__end_ofi2_Draw_runTime_Arrow             text81       002652
__end_ofi2_Draw_startColors_Arrow         text80       0020F0
__end_ofi2_GLCD_Delay                     text95       0032D6
__end_ofi2_GLCD_DisableController         text94       00318A
__end_ofi2_GLCD_EnableController          text93       003164
__end_ofi2_GLCD_GoTo                      text89       002482
__end_ofi2_GLCD_ReadStatus                text92       0031AE
__end_ofi2_GLCD_WriteChar                 text78       002BFC
__end_ofi2_GLCD_WriteCommand              text91       003094
__end_ofi2_GLCD_WriteData                 text88       0026BC
__end_ofi2_GLCD_WriteString               text77       002A5A
__end_ofi2_Make_Arrow                     text83       003266
__end_ofi2_PWM2_LoadDutyValue             text76       003064
__end_ofi2_PWM3_LoadDutyValue             text75       003032
__end_ofi2_PWM4_LoadDutyValue             text74       003000
__end_ofi2_Set_Colors                     text69       000A8C
__end_ofi2___awdiv                        text90       00230E
__end_ofi2___awtoft                       text73       002F66
__end_ofi2___ftdiv                        text72       001942
__end_ofi2___ftmul                        text71       001774
__end_ofi2___ftpack                       text98       001B76
__end_ofi2___fttol                        text70       001680
__end_ofi2___lwdiv                        text68       002BAA
__end_ofi2___lwmod                        text67       002D52
__end_ofi2_itoa                           text65       002D10
__end_ofi2_utoa                           text66       001E10
__initialization                          cinit        002BFC
__mediumconst                             mediumconst  00FD56
__pbssBANK0                               bssBANK0     0000BF
__pbssCOMRAM                              bssCOMRAM    00005D
__pcinit                                  cinit        002BFC
__pcstackBANK0                            cstackBANK0  000060
__pcstackCOMRAM                           cstackCOMRAM 000001
__pdataBANK0                              dataBANK0    0000A9
__pdataCOMRAM                             dataCOMRAM   00005E
__pidataBANK0                             idataBANK0   003214
__pidataCOMRAM                            idataCOMRAM  0032D8
__pintcode                                intcode      000008
__pmediumconst                            mediumconst  00FD56
__pnvBANK0                                nvBANK0      0000CD
__ptext0                                  text0        0026BC
__ptext1                                  text1        0031AE
__ptext10                                 text10       002D92
__ptext100                                text100      000000
__ptext11                                 text11       00329C
__ptext12                                 text12       0032CA
__ptext13                                 text13       0031D0
__ptext14                                 text14       0032B8
__ptext15                                 text15       000FA6
__ptext16                                 text16       00065C
__ptext17                                 text17       001496
__ptext18                                 text18       001774
__ptext19                                 text19       002EBC
__ptext2                                  text2        00322A
__ptext20                                 text20       001A18
__ptext21                                 text21       002DCE
__ptext22                                 text22       002E0A
__ptext23                                 text23       002E46
__ptext24                                 text24       00042C
__ptext25                                 text25       00127E
__ptext26                                 text26       000A8C
__ptext27                                 text27       001942
__ptext28                                 text28       002C46
__ptext29                                 text29       001B76
__ptext3                                  text3        0032C2
__ptext30                                 text30       002C8A
__ptext31                                 text31       002AB0
__ptext32                                 text32       00139E
__ptext33                                 text33       002F9C
__ptext34                                 text34       0028A6
__ptext35                                 text35       0028FE
__ptext36                                 text36       000C46
__ptext37                                 text37       001CC8
__ptext38                                 text38       0024FA
__ptext39                                 text39       002F66
__ptext4                                  text4        002E82
__ptext40                                 text40       002722
__ptext41                                 text41       001FD4
__ptext42                                 text42       00256E
__ptext43                                 text43       0029AE
__ptext44                                 text44       00323E
__ptext45                                 text45       001C20
__ptext46                                 text46       00230E
__ptext47                                 text47       002956
__ptext48                                 text48       0027EE
__ptext49                                 text49       002482
__ptext5                                  text5        0032C6
__ptext50                                 text50       00217C
__ptext51                                 text51       002204
__ptext52                                 text52       002EF6
__ptext53                                 text53       003094
__ptext54                                 text54       0030C0
__ptext55                                 text55       0030EA
__ptext56                                 text56       0032CE
__ptext58                                 text58       003114
__ptext59                                 text59       0032D6
__ptext6                                  text6        0032AE
__ptext60                                 text60       001EB0
__ptext61                                 text61       0000B8
__ptext62                                 text62       0020F0
__ptext63                                 text63       0031F2
__ptext64                                 text64       001136
__ptext65                                 text65       002CCE
__ptext66                                 text66       001D6C
__ptext67                                 text67       002D10
__ptext68                                 text68       002B58
__ptext69                                 text69       00087A
__ptext7                                  text7        003266
__ptext70                                 text70       00158C
__ptext71                                 text71       001680
__ptext72                                 text72       00185C
__ptext73                                 text73       002F2E
__ptext74                                 text74       002FCE
__ptext75                                 text75       003000
__ptext76                                 text76       003032
__ptext77                                 text77       002A04
__ptext78                                 text78       002BAA
__ptext79                                 text79       002788
__ptext8                                  text8        003278
__ptext80                                 text80       002062
__ptext81                                 text81       0025E0
__ptext82                                 text82       002A5A
__ptext83                                 text83       003252
__ptext84                                 text84       001E10
__ptext85                                 text85       00238E
__ptext86                                 text86       002B04
__ptext87                                 text87       00284C
__ptext88                                 text88       002652
__ptext89                                 text89       002408
__ptext9                                  text9        00328A
__ptext90                                 text90       00228A
__ptext91                                 text91       003064
__ptext92                                 text92       00318A
__ptext93                                 text93       00313E
__ptext94                                 text94       003164
__ptext95                                 text95       0032D2
__ptext96                                 text96       002D52
__ptext97                                 text97       000DFA
__ptext98                                 text98       001AC8
__ptext99                                 text99       001F44
__ramtop                                  ramtop       000F00
__size_of_Brightness_Menu_Function        (abs)        000000
__size_of_Check_Buttons                   (abs)        000000
__size_of_Clear_Arrow_Column              (abs)        000000
__size_of_Clear_Brightness_Arrows         (abs)        000000
__size_of_Clear_runTime_Arrows            (abs)        000000
__size_of_Clear_startColors_Arrows        (abs)        000000
__size_of_Draw_Arrow                      (abs)        000000
__size_of_Draw_Brightness_Arrow           (abs)        000000
__size_of_Draw_Brightness_Menu            (abs)        000000
__size_of_Draw_Start_Colors_Menu          (abs)        000000
__size_of_Draw_runTime_Arrow              (abs)        000000
__size_of_Draw_runTime_Menu               (abs)        000000
__size_of_Draw_startColors_Arrow          (abs)        000000
__size_of_GLCD_ClearScreen                (abs)        000000
__size_of_GLCD_Delay                      (abs)        000000
[...]
 Parameters:    Size  Location     Type
  controller      1    wreg     unsigned char 
 Auto vars:     Size  Location     Type
  controller      1    2[COMRAM] unsigned char 
  GLCD_ReadSta    1    1[COMRAM] unsigned char 
 Return value:  Size  Location     Type
                  1    wreg      unsigned char 
 Registers used:
		wreg, status,2, status,0, cstack
 Tracked objects:
		On entry : 
		On exit  : 
		Unchanged: 
 Data sizes:     COMRAM   BANK0   BANK1   BANK2   BANK3   BANK4   BANK5   BANK6   BANK7   BANK8   BANK9  BANK10  BANK11  BANK12  BANK13  BANK14
      Params:         0       0       0       0       0       0       0       0       0       0       0       0       0       0       0       0
      Locals:         2       0       0       0       0       0       0       0       0       0       0       0       0       0       0       0
      Temps:          0       0       0       0       0       0       0       0       0       0       0       0       0       0       0       0
      Totals:         2       0       0       0       0       0       0       0       0       0       0       0       0       0       0       0
Total ram usage:        2 bytes
 Hardware stack levels used:    1
 Hardware stack levels required when called:    1
 This function calls:
		i2_GLCD_Delay
		i2_GLCD_DisableController
		i2_GLCD_EnableController
 This function is called by:
		i2_GLCD_WriteCommand
		i2_GLCD_WriteData
 This function uses a non-reentrant model


 *************** function i2_GLCD_EnableController *****************
 Defined at:
		line 39 in file "ks0108lib/KS0108-PIC18.c"
 Parameters:    Size  Location     Type
  controller      1    wreg     unsigned char 
 Auto vars:     Size  Location     Type
  controller      1    0[COMRAM] unsigned char 
 Return value:  Size  Location     Type
                  1    wreg      void 
 Registers used:
		wreg, status,2, status,0
 Tracked objects:
		On entry : 
		On exit  : 
		Unchanged: 
 Data sizes:     COMRAM   BANK0   BANK1   BANK2   BANK3   BANK4   BANK5   BANK6   BANK7   BANK8   BANK9  BANK10  BANK11  BANK12  BANK13  BANK14
      Params:         0       0       0       0       0       0       0       0       0       0       0       0       0       0       0       0
      Locals:         1       0       0       0       0       0       0       0       0       0       0       0       0       0       0       0
      Temps:          0       0       0       0       0       0       0       0       0       0       0       0       0       0       0       0
      Totals:         1       0       0       0       0       0       0       0       0       0       0       0       0       0       0       0
Total ram usage:        1 bytes
 Hardware stack levels used:    1
 This function calls:
		Nothing
 This function is called by:
		i2_GLCD_ReadStatus
		i2_GLCD_WriteCommand
		i2_GLCD_WriteData
 This function uses a non-reentrant model


 *************** function i2_GLCD_DisableController *****************
 Defined at:
		line 50 in file "ks0108lib/KS0108-PIC18.c"
 Parameters:    Size  Location     Type
  controller      1    wreg     unsigned char 
 Auto vars:     Size  Location     Type
  controller      1    0[COMRAM] unsigned char 
 Return value:  Size  Location     Type
                  1    wreg      void 
 Registers used:
		wreg, status,2, status,0
 Tracked objects:
		On entry : 
		On exit  : 
		Unchanged: 
 Data sizes:     COMRAM   BANK0   BANK1   BANK2   BANK3   BANK4   BANK5   BANK6   BANK7   BANK8   BANK9  BANK10  BANK11  BANK12  BANK13  BANK14
      Params:         0       0       0       0       0       0       0       0       0       0       0       0       0       0       0       0
      Locals:         1       0       0       0       0       0       0       0       0       0       0       0       0       0       0       0
      Temps:          0       0       0       0       0       0       0       0       0       0       0       0       0       0       0       0
      Totals:         1       0       0       0       0       0       0       0       0       0       0       0       0       0       0       0
Total ram usage:        1 bytes
 Hardware stack levels used:    1
 This function calls:
		Nothing
 This function is called by:
		i2_GLCD_ReadStatus
		i2_GLCD_WriteCommand
		i2_GLCD_WriteData
 This function uses a non-reentrant model


 *************** function i2_GLCD_Delay *****************
 Defined at:
		line 24 in file "ks0108lib/KS0108-PIC18.c"
 Parameters:    Size  Location     Type
		None
 Auto vars:     Size  Location     Type
		None
 Return value:  Size  Location     Type
                  1    wreg      void 
 Registers used:
		None
 Tracked objects:
		On entry : 
		On exit  : 
		Unchanged: 
 Data sizes:     COMRAM   BANK0   BANK1   BANK2   BANK3   BANK4   BANK5   BANK6   BANK7   BANK8   BANK9  BANK10  BANK11  BANK12  BANK13  BANK14
      Params:         0       0       0       0       0       0       0       0       0       0       0       0       0       0       0       0
      Locals:         0       0       0       0       0       0       0       0       0       0       0       0       0       0       0       0
      Temps:          0       0       0       0       0       0       0       0       0       0       0       0       0       0       0       0
      Totals:         0       0       0       0       0       0       0       0       0       0       0       0       0       0       0       0
Total ram usage:        0 bytes
 Hardware stack levels used:    1
 This function calls:
		Nothing
 This function is called by:
		i2_GLCD_ReadStatus
		i2_GLCD_WriteCommand
		i2_GLCD_WriteData
 This function uses a non-reentrant model


 *************** function ___ftsub *****************
 Defined at:
		line 20 in file "C:\Program Files (x86)\Microchip\xc8\v1.45\sources\common\ftsub.c"
 Parameters:    Size  Location     Type
  f1              3   20[COMRAM] float 
  f2              3   23[COMRAM] float 
 Auto vars:     Size  Location     Type
		None
 Return value:  Size  Location     Type
                  3   20[COMRAM] float 
 Registers used:
		wreg, status,2, status,0, cstack
 Tracked objects:
		On entry : 
		On exit  : 
		Unchanged: 
 Data sizes:     COMRAM   BANK0   BANK1   BANK2   BANK3   BANK4   BANK5   BANK6   BANK7   BANK8   BANK9  BANK10  BANK11  BANK12  BANK13  BANK14
      Params:         6       0       0       0       0       0       0       0       0       0       0       0       0       0       0       0
      Locals:         0       0       0       0       0       0       0       0       0       0       0       0       0       0       0       0
      Temps:          0       0       0       0       0       0       0       0       0       0       0       0       0       0       0       0
      Totals:         6       0       0       0       0       0       0       0       0       0       0       0       0       0       0       0
Total ram usage:        6 bytes
 Hardware stack levels used:    1
 Hardware stack levels required when called:    2
 This function calls:
		___ftadd
 This function is called by:
		_Brightness_Menu_Function
		_Start_Color_Menu_Function
 This function uses a non-reentrant model


 *************** function ___ftadd *****************
 Defined at:
		line 86 in file "C:\Program Files (x86)\Microchip\xc8\v1.45\sources\common\ftadd.c"
 Parameters:    Size  Location     Type
  f1              3    8[COMRAM] float 
  f2              3   11[COMRAM] float 
 Auto vars:     Size  Location     Type
  exp1            1   19[COMRAM] unsigned char 
  exp2            1   18[COMRAM] unsigned char 
  sign            1   17[COMRAM] unsigned char 
 Return value:  Size  Location     Type
                  3    8[COMRAM] float 
 Registers used:
		wreg, status,2, status,0, cstack
 Tracked objects:
		On entry : 
		On exit  : 
		Unchanged: 
 Data sizes:     COMRAM   BANK0   BANK1   BANK2   BANK3   BANK4   BANK5   BANK6   BANK7   BANK8   BANK9  BANK10  BANK11  BANK12  BANK13  BANK14
      Params:         6       0       0       0       0       0       0       0       0       0       0       0       0       0       0       0
      Locals:         3       0       0       0       0       0       0       0       0       0       0       0       0       0       0       0
      Temps:          3       0       0       0       0       0       0       0       0       0       0       0       0       0       0       0
      Totals:        12       0       0       0       0       0       0       0       0       0       0       0       0       0       0       0
Total ram usage:       12 bytes
 Hardware stack levels used:    1
 Hardware stack levels required when called:    1
 This function calls:
		i2___ftpack
 This function is called by:
		_Brightness_Menu_Function
		_Start_Color_Menu_Function
		___ftsub
 This function uses a non-reentrant model


 *************** function i2___ftpack *****************
 Defined at:
		line 62 in file "C:\Program Files (x86)\Microchip\xc8\v1.45\sources\common\float.c"
 Parameters:    Size  Location     Type
  arg             3    0[COMRAM] unsigned um
  exp             1    3[COMRAM] unsigned char 
  sign            1    4[COMRAM] unsigned char 
 Auto vars:     Size  Location     Type
		None
 Return value:  Size  Location     Type
                  3    0[COMRAM] float 
 Registers used:
		wreg, status,2, status,0
 Tracked objects:
		On entry : 
		On exit  : 
		Unchanged: 
 Data sizes:     COMRAM   BANK0   BANK1   BANK2   BANK3   BANK4   BANK5   BANK6   BANK7   BANK8   BANK9  BANK10  BANK11  BANK12  BANK13  BANK14
      Params:         5       0       0       0       0       0       0       0       0       0       0       0       0       0       0       0
      Locals:         0       0       0       0       0       0       0       0       0       0       0       0       0       0       0       0
      Temps:          3       0       0       0       0       0       0       0       0       0       0       0       0       0       0       0
      Totals:         8       0       0       0       0       0       0       0       0       0       0       0       0       0       0       0
Total ram usage:        8 bytes
 Hardware stack levels used:    1
 This function calls:
		Nothing
 This function is called by:
		___ftadd
		i2___awtoft
		i2___ftdiv
		i2___ftmul
 This function uses a non-reentrant model


 *************** function ___ftge *****************
 Defined at:
		line 4 in file "C:\Program Files (x86)\Microchip\xc8\v1.45\sources\common\ftge.c"
 Parameters:    Size  Location     Type
  ff1             3    0[COMRAM] float 
  ff2             3    3[COMRAM] float 
 Auto vars:     Size  Location     Type
		None
 Return value:  Size  Location     Type
		None               void
 Registers used:
		wreg, status,2, status,0
 Tracked objects:
		On entry : 
		On exit  : 
		Unchanged: 
 Data sizes:     COMRAM   BANK0   BANK1   BANK2   BANK3   BANK4   BANK5   BANK6   BANK7   BANK8   BANK9  BANK10  BANK11  BANK12  BANK13  BANK14
      Params:         6       0       0       0       0       0       0       0       0       0       0       0       0       0       0       0
      Locals:         0       0       0       0       0       0       0       0       0       0       0       0       0       0       0       0
      Temps:          3       0       0       0       0       0       0       0       0       0       0       0       0       0       0       0
      Totals:         9       0       0       0       0       0       0       0       0       0       0       0       0       0       0       0
Total ram usage:        9 bytes
 Hardware stack levels used:    1
 This function calls:
		Nothing
 This function is called by:
		_Brightness_Menu_Function
		_Start_Color_Menu_Function
 This function uses a non-reentrant model



MODULE INFORMATION

Module		Function		Class		Link	Load	Size
screen_controls.c
		_Draw_Brightness_Menu		CODE           	1942	0000	215
		_Draw_runTime_Menu		CODE           	127E	0000	289
		_Clear_runTime_Arrows		CODE           	230E	0000	129
		_Draw_Brightness_Arrow		CODE           	29AE	0000	87
		_Make_Arrow    		CODE           	323E	0000	21
		_Clear_Arrow_Column		CODE           	27EE	0000	95
		_Draw_runTime_Arrow		CODE           	256E	0000	115
		_Initialize_Menus		CODE           	042C	0000	561
		_Make_Back_Arrow		CODE           	2F9C	0000	51
		_Draw_startColors_Arrow		CODE           	1FD4	0000	143
		_Draw_Arrow    		CODE           	2722	0000	103
		_Clear_startColors_Arrows		CODE           	1C20	0000	169
		_Clear_Brightness_Arrows		CODE           	2956	0000	89
		_Draw_Start_Colors_Menu		CODE           	0A8C	0000	443

screen_controls.c estimated size: 2510

ks0108lib/KS0108-PIC18.c
		_GLCD_WriteCommand		CODE           	2EF6	0000	57
		_GLCD_WriteData		CODE           	2482	0000	121
		_GLCD_ReadData 		CODE           	24FA	0000	117
		_GLCD_Delay    		CODE           	32CE	0000	5
		_GLCD_DisableController		CODE           	30EA	0000	43
		_GLCD_EnableController		CODE           	30C0	0000	43
		_GLCD_ReadStatus		CODE           	3094	0000	45
		_GLCD_InitializePorts		CODE           	32B8	0000	11

ks0108lib/KS0108-PIC18.c estimated size: 442

C:\Program Files (x86)\Microchip\xc8\v1.45\sources\common\ftsub.c
		___ftsub       		CODE           	2D52	0000	65

C:\Program Files (x86)\Microchip\xc8\v1.45\sources\common\ftsub.c estimated size: 65

C:\Program Files (x86)\Microchip\xc8\v1.45\sources\common\float.c
		___ftpack      		CODE           	1A18	0000	177

C:\Program Files (x86)\Microchip\xc8\v1.45\sources\common\float.c estimated size: 177

ks0108lib/KS0108.c
		_GLCD_ClearScreen		CODE           	2F66	0000	55
		_GLCD_WriteString		CODE           	28A6	0000	89
		_GLCD_WriteChar		CODE           	28FE	0000	89
		_GLCD_GoTo     		CODE           	217C	0000	137
		_GLCD_Initalize		CODE           	31D0	0000	35
		_GLCD_SetPixel 		CODE           	1CC8	0000	165

ks0108lib/KS0108.c estimated size: 570

mcc_generated_files/tmr4.c
		_TMR4_Initialize		CODE           	322A	0000	21
		_TMR4_StartTimer		CODE           	32C2	0000	5

mcc_generated_files/tmr4.c estimated size: 26

mcc_generated_files/pwm4.c
		_PWM4_Initialize		CODE           	3266	0000	19
		_PWM4_LoadDutyValue		CODE           	2DCE	0000	61

mcc_generated_files/pwm4.c estimated size: 80

mcc_generated_files/interrupt_manager.c
		_INTERRUPT_Initialize		CODE           	32CA	0000	5
		_INTERRUPT_InterruptManager		CODE           	0008	0000	173

mcc_generated_files/interrupt_manager.c estimated size: 178

mcc_generated_files/pwm2.c
		_PWM2_Initialize		CODE           	328A	0000	19
		_PWM2_LoadDutyValue		CODE           	2E46	0000	61

mcc_generated_files/pwm2.c estimated size: 80

mcc_generated_files/tmr0.c
		_TMR0_SetInterruptHandler		CODE           	32AE	0000	11
		_TMR0_DefaultInterruptHandler		CODE           	32D6	0000	3
		_TMR0_StartTimer		CODE           	32C6	0000	5
		_TMR0_ISR      		CODE           	3114	0000	43
		_TMR0_Initialize		CODE           	2E82	0000	59

mcc_generated_files/tmr0.c estimated size: 121

C:\Program Files (x86)\Microchip\xc8\v1.45\sources\common\ftge.c
		___ftge        		CODE           	1F44	0000	145

C:\Program Files (x86)\Microchip\xc8\v1.45\sources\common\ftge.c estimated size: 145

ks0108lib/graphic.c
		_GLCD_Line     		CODE           	0C46	0000	437

ks0108lib/graphic.c estimated size: 437

mcc_generated_files/pin_manager.c
		_PIN_MANAGER_Initialize		CODE           	2D92	0000	61
		_Brightness_Menu_Function		CODE           	1136	0000	329
		_Run_Time_Menu_Function		CODE           	20F0	0000	141
		_Set_Colors    		CODE           	065C	0000	543
		_Start_Color_Menu_Function		CODE           	00B8	0000	885
		_PIN_MANAGER_IOC		CODE           	1EB0	0000	149
		_Main_Menu_Function		CODE           	31F2	0000	35

mcc_generated_files/pin_manager.c estimated size: 2143

C:\Program Files (x86)\Microchip\xc8\v1.45\sources\common\lwmod.c
		___lwmod       		CODE           	2C8A	0000	69

C:\Program Files (x86)\Microchip\xc8\v1.45\sources\common\lwmod.c estimated size: 69

C:\Program Files (x86)\Microchip\xc8\v1.45\sources\common\ftmul.c
		___ftmul       		CODE           	1496	0000	247

C:\Program Files (x86)\Microchip\xc8\v1.45\sources\common\ftmul.c estimated size: 247

C:\Program Files (x86)\Microchip\xc8\v1.45\sources\common\ftdiv.c
		___ftdiv       		CODE           	1774	0000	233

C:\Program Files (x86)\Microchip\xc8\v1.45\sources\common\ftdiv.c estimated size: 233

shared
		i2_GLCD_ReadStatus		CODE           	318A	0000	37
		i2_GLCD_WriteString		CODE           	2A04	0000	87
		i2_Draw_startColors_Arrow		CODE           	2062	0000	143
		i2_Draw_Brightness_Arrow		CODE           	2A5A	0000	87
		i2_utoa        		CODE           	1D6C	0000	165
		_font5x8       		MEDIUMCONST    	FD57	0000	481
		i2_GLCD_EnableController		CODE           	313E	0000	39
		i2___ftdiv     		CODE           	185C	0000	231
		i2___fttol     		CODE           	158C	0000	245
		i2_PWM4_LoadDutyValue		CODE           	2FCE	0000	51
		i2___lwdiv     		CODE           	2B58	0000	83
		_color         		MEDIUMCONST    	FF37	0000	2
		i2___awdiv     		CODE           	228A	0000	133
		i2___awtoft    		CODE           	2F2E	0000	57
		i2___ftmul     		CODE           	1680	0000	245
		i2_GLCD_WriteCommand		CODE           	3064	0000	49
		i2___lwmod     		CODE           	2D10	0000	67
		i2___ftpack    		CODE           	1AC8	0000	175
		i2_Draw_Arrow  		CODE           	2788	0000	103
		__initialization		CODE           	2BFC	0000	65
		i2_PWM2_LoadDutyValue		CODE           	3032	0000	51
		i2_GLCD_GoTo   		CODE           	2408	0000	123
		i2_GLCD_Delay  		CODE           	32D2	0000	5
		i2_GLCD_WriteData		CODE           	2652	0000	107
		i2_itoa        		CODE           	2CCE	0000	67
		i2_GLCD_WriteChar		CODE           	2BAA	0000	83
		i2_Clear_runTime_Arrows		CODE           	238E	0000	123
		i2_Clear_Brightness_Arrows		CODE           	2B04	0000	85
		i2_Set_Colors  		CODE           	087A	0000	531
		i2_Clear_startColors_Arrows		CODE           	1E10	0000	161
		i2_Clear_Arrow_Column		CODE           	284C	0000	91
		i2_PWM3_LoadDutyValue		CODE           	3000	0000	51
		i2_Make_Arrow  		CODE           	3252	0000	21
		i2_GLCD_DisableController		CODE           	3164	0000	39
		i2_Draw_runTime_Arrow		CODE           	25E0	0000	115

shared estimated size: 4198

mcc_generated_files/mcc.c
		_OSCILLATOR_Initialize		CODE           	329C	0000	19
		_SYSTEM_Initialize		CODE           	31AE	0000	35

mcc_generated_files/mcc.c estimated size: 54

C:\Program Files (x86)\Microchip\xc8\v1.45\sources\common\fttol.c
		___fttol       		CODE           	139E	0000	249

C:\Program Files (x86)\Microchip\xc8\v1.45\sources\common\fttol.c estimated size: 249

mcc_generated_files/pwm3.c
		_PWM3_Initialize		CODE           	3278	0000	19
		_PWM3_LoadDutyValue		CODE           	2E0A	0000	61

mcc_generated_files/pwm3.c estimated size: 80

C:\Program Files (x86)\Microchip\xc8\v1.45\sources\common\awtoft.c
		___awtoft      		CODE           	2EBC	0000	59

C:\Program Files (x86)\Microchip\xc8\v1.45\sources\common\awtoft.c estimated size: 59

C:\Program Files (x86)\Microchip\xc8\v1.45\sources\common\lwdiv.c
		___lwdiv       		CODE           	2AB0	0000	85

C:\Program Files (x86)\Microchip\xc8\v1.45\sources\common\lwdiv.c estimated size: 85

C:\Program Files (x86)\Microchip\xc8\v1.45\sources\common\awdiv.c
		___awdiv       		CODE           	2204	0000	135

C:\Program Files (x86)\Microchip\xc8\v1.45\sources\common\awdiv.c estimated size: 135

C:\Program Files (x86)\Microchip\xc8\v1.45\sources\common\ftadd.c
		___ftadd       		CODE           	0DFA	0000	429

C:\Program Files (x86)\Microchip\xc8\v1.45\sources\common\ftadd.c estimated size: 429

main.c
		_main          		CODE           	26BC	0000	103
		_Check_Buttons 		CODE           	0FA6	0000	401

main.c estimated size: 504

C:\Program Files (x86)\Microchip\xc8\v1.45\sources\common\itoa.c
		_itoa          		CODE           	2C46	0000	69
		_utoa          		CODE           	1B76	0000	171

C:\Program Files (x86)\Microchip\xc8\v1.45\sources\common\itoa.c estimated size: 240

