Microchip MPLAB XC8 Compiler V1.45 ()

Linker command line:

-W-3 --edf=C:\Program Files (x86)\Microchip\xc8\v1.45\dat\en_msgs.txt -cs \
  -h+dist/default/production\napping_light.X.production.sym \
  --cmf=dist/default/production\napping_light.X.production.cmf -z \
  -Q18F46K80 -oC:\Users\codem\AppData\Local\Temp\s7s4.2 \
  -Mdist/default/production/napping_light.X.production.map -E1 -ver=XC8 \
  -ASTACK=072h-0e40h -pstack=STACK -ACODE=00h-0FFFFh -ACONST=00h-0FFFFh \
  -ASMALLCONST=0F00h-0FFFhx241 -AMEDIUMCONST=0F00h-0FFFFh -ACOMRAM=01h-05Fh \
  -AABS1=00h-0E40h -ABIGRAM=01h-0E40h \
  -ARAM=060h-0FFh,0100h-01FFhx13,0E00h-0E40h -ABANK0=060h-0FFh \
  -ABANK1=0100h-01FFh -ABANK2=0200h-02FFh -ABANK3=0300h-03FFh \
  -ABANK4=0400h-04FFh -ABANK5=0500h-05FFh -ABANK6=0600h-06FFh \
  -ABANK7=0700h-07FFh -ABANK8=0800h-08FFh -ABANK9=0900h-09FFh \
  -ABANK10=0A00h-0AFFh -ABANK11=0B00h-0BFFh -ABANK12=0C00h-0CFFh \
  -ABANK13=0D00h-0DFFh -ABANK14=0E00h-0E40h \
  -ASFR=0E41h-0EFFh,0F00h-0F5Fh,0F60h-0FFFh \
  -preset_vec=00h,intcode=08h,intcodelo,powerup,init -pramtop=0F00h \
  -psmallconst=SMALLCONST -pmediumconst=MEDIUMCONST -pconst=CONST \
  -AFARRAM=00h-00h -ACONFIG=0300000h-030000Dh -pconfig=CONFIG \
  -AIDLOC=0200000h-0200007h -pidloc=IDLOC -AEEDATA=0F00000h-0F003FFh \
  -peeprom_data=EEDATA \
  -prdata=COMRAM,nvrram=COMRAM,nvbit=COMRAM,rbss=COMRAM,rbit=COMRAM \
  -pfarbss=FARRAM,fardata=FARRAM,nvFARRAM=FARRAM \
  -pintsave_regs=BIGRAM,bigbss=BIGRAM,bigdata=BIGRAM -pbss=RAM \
  -pidata=CODE,irdata=CODE,ibigdata=CODE,ifardata=CODE -prparam=COMRAM \
  C:\Users\codem\AppData\Local\Temp\s7s4.obj \
  dist/default/production\napping_light.X.production.obj 

Object code version is 3.11

Machine type is 18F46K80

Call graph: (short form)




                Name                               Link     Load   Length Selector   Space Scale
C:\Users\codem\AppData\Local\Temp\s7s4.obj
                init                                 B4       B4        4        4       0
                reset_vec                             0        0        4        0       0
                idloc                            200000   200000        8   200000       0
                config                           300000   300000        E   300000       0
dist/default/production\napping_light.X.production.obj
                intcode                               8        8       AC        4       0
                temp                                 3B       3B        1        1       1
                mediumconst                        FDD8     FDD8      228     7EEC       0
                text44                              9DA      9DA        4        4       0
                text43                              8B6      8B6       26        4       0
                text42                              890      890       26        4       0
                text41                              900      900       24        4       0
                text40                              7EC      7EC       30        4       0
                text39                              27A      27A       84        4       0
                text38                              378      378       7A        4       0
                text37                              45E      45E       68        4       0
                text36                              622      622       52        4       0
                text35                              2FE      2FE       7A        4       0
                text34                              9E6      9E6        2      4F1       0
                text33                              81C      81C       28        4       0
                text31                              9D6      9D6        4        4       0
                text30                              86A      86A       26        4       0
                text29                              844      844       26        4       0
                text28                              8DC      8DC       24        4       0
                text27                              6E8      6E8       38        4       0
                text26                              1F6      1F6       84        4       0
                text25                              170      170       86        4       0
                text24                              3F2      3F2       6C        4       0
                text23                              4C6      4C6       5E        4       0
                text22                              9E4      9E4        2      4F1       0
                text21                              9E2      9E2        2      4F1       0
                text20                              78A      78A       32        4       0
                text19                              5D0      5D0       52        4       0
                text18                              720      720       36        4       0
                text17                              9C0      9C0        A        4       0
                text16                              924      924       22        4       0
                text15                              524      524       58        4       0
                text14                              7BC      7BC       30        4       0
                text13                               B8       B8       B8        4       0
                text12                              946      946       1C        4       0
                text11                              9D2      9D2        4        4       0
                text10                              990      990       12        4       0
                text9                               9B6      9B6        A        4       0
                text8                               9AC      9AC        A        4       0
                text7                               57C      57C       54        4       0
                text6                               9A2      9A2        A        4       0
                text5                               9CE      9CE        4        4       0
                text4                               6B0      6B0       38        4       0
                text3                               9CA      9CA        4        4       0
                text2                               97C      97C       14        4       0
                text1                               962      962       1A        4       0
                text0                               674      674       3C        4       0
                cstackCOMRAM                          1        1       2C        1       1
                cstackBANK0                          60       60       10       60       1
                bssBANK0                             70       70        2       60       1
                dataCOMRAM                           38       38        3        1       1
                bssCOMRAM                            35       35        3        1       1
                cinit                               756      756       34        4       0
                nvCOMRAM                             2D       2D        8        1       1
                idataCOMRAM                         9DE      9DE        3        4       0

TOTAL           Name                               Link     Load   Length     Space
        CLASS   STACK          

        CLASS   CODE           
                intcode                               8        8       AC         0
                init                                 B4       B4        4         0
                reset_vec                             0        0        4         0
                text44                              9DA      9DA        4         0
                text43                              8B6      8B6       26         0
                text42                              890      890       26         0
                text41                              900      900       24         0
                text40                              7EC      7EC       30         0
                text39                              27A      27A       84         0
                text38                              378      378       7A         0
                text37                              45E      45E       68         0
                text36                              622      622       52         0
                text35                              2FE      2FE       7A         0
                text34                              9E6      9E6        2         0
                text33                              81C      81C       28         0
                text31                              9D6      9D6        4         0
                text30                              86A      86A       26         0
                text29                              844      844       26         0
                text28                              8DC      8DC       24         0
                text27                              6E8      6E8       38         0
                text26                              1F6      1F6       84         0
                text25                              170      170       86         0
                text24                              3F2      3F2       6C         0
                text23                              4C6      4C6       5E         0
                text22                              9E4      9E4        2         0
                text21                              9E2      9E2        2         0
                text20                              78A      78A       32         0
                text19                              5D0      5D0       52         0
                text18                              720      720       36         0
                text17                              9C0      9C0        A         0
                text16                              924      924       22         0
                text15                              524      524       58         0
                text14                              7BC      7BC       30         0
                text13                               B8       B8       B8         0
                text12                              946      946       1C         0
                text11                              9D2      9D2        4         0
                text10                              990      990       12         0
                text9                               9B6      9B6        A         0
                text8                               9AC      9AC        A         0
                text7                               57C      57C       54         0
                text6                               9A2      9A2        A         0
                text5                               9CE      9CE        4         0
                text4                               6B0      6B0       38         0
                text3                               9CA      9CA        4         0
                text2                               97C      97C       14         0
                text1                               962      962       1A         0
                text0                               674      674       3C         0
                cinit                               756      756       34         0
                idataCOMRAM                         9DE      9DE        3         0

        CLASS   CONST          

        CLASS   SMALLCONST     

        CLASS   MEDIUMCONST    
                mediumconst                        FDD8     FDD8      228         0

        CLASS   COMRAM         
                temp                                 3B       3B        1         1
                cstackCOMRAM                          1        1       2C         1
                dataCOMRAM                           38       38        3         1
                bssCOMRAM                            35       35        3         1
                nvCOMRAM                             2D       2D        8         1

        CLASS   ABS1           

        CLASS   BIGRAM         

        CLASS   RAM            

        CLASS   BANK0          
                cstackBANK0                          60       60       10         1
                bssBANK0                             70       70        2         1

        CLASS   BANK1          

        CLASS   BANK2          

        CLASS   BANK3          

        CLASS   BANK4          

        CLASS   BANK5          

        CLASS   BANK6          

        CLASS   BANK7          

        CLASS   BANK8          

        CLASS   BANK9          

        CLASS   BANK10         

        CLASS   BANK11         

        CLASS   BANK12         

        CLASS   BANK13         

        CLASS   BANK14         

        CLASS   SFR            

        CLASS   FARRAM         

        CLASS   CONFIG         
                config                           300000   300000        E         0

        CLASS   IDLOC          
                idloc                            200000   200000        8         0

        CLASS   EEDATA         



SEGMENTS        Name                           Load    Length   Top    Selector   Space  Class

                reset_vec                      000000  000004  000004         0       0  CODE    
                cstackCOMRAM                   000001  00003B  00003C         1       1  COMRAM  
                intcode                        000008  0009D9  0009E1         4       0  CODE    
                cstackBANK0                    000060  000012  000072        60       1  BANK0   
                text21                         0009E2  000006  0009E8       4F1       0  CODE    
                mediumconst                    00FDD8  000228  010000      7EEC       0  MEDIUMCO
                idloc                          200000  000008  200008    200000       0  IDLOC   
                config                         300000  00000E  30000E    300000       0  CONFIG  


UNUSED ADDRESS RANGES

        Name                Unused          Largest block    Delta
        BANK0            000072-0000FF               8E
        BANK1            000100-0001FF              100
        BANK10           000A00-000AFF              100
        BANK11           000B00-000BFF              100
        BANK12           000C00-000CFF              100
        BANK13           000D00-000DFF              100
        BANK14           000E00-000E40               41
        BANK2            000200-0002FF              100
        BANK3            000300-0003FF              100
        BANK4            000400-0004FF              100
        BANK5            000500-0005FF              100
        BANK6            000600-0006FF              100
        BANK7            000700-0007FF              100
        BANK8            000800-0008FF              100
        BANK9            000900-0009FF              100
        BIGRAM           00003C-00005F               24
                         000072-000E40              DCF
        CODE             000004-000007                4
                         0009E1-0009E1                1
                         0009E8-00FDD7             F3F0
        COMRAM           00003C-00005F               24
        CONST            000004-000007                4
                         0009E1-0009E1                1
                         0009E8-00FDD7             F3F0
        EEDATA           F00000-F003FF              400
        MEDIUMCONST      000F00-00FDD7             EED8
        RAM              000072-000E40              100
        SFR              000E41-000FFF               BF
        SMALLCONST       000F00-00FDD7              100
        STACK            000072-000E40              DCF

                                  Symbol Table

?___awdiv                                  cstackCOMRAM 000025
?i2___awdiv                                cstackCOMRAM 000001
Clear_Arrow_Column@i                       cstackBANK0  00006E
Clear_Arrow_Column@j                       cstackBANK0  00006D
GLCD_ClearScreen@i                         cstackBANK0  000066
GLCD_ClearScreen@j                         cstackBANK0  000067
GLCD_DisableController@controller          cstackCOMRAM 000025
GLCD_EnableController@controller           cstackCOMRAM 000025
GLCD_GoTo@i                                cstackBANK0  000065
GLCD_GoTo@x                                cstackBANK0  000064
GLCD_GoTo@y                                cstackBANK0  000063
GLCD_Initalize@i                           cstackBANK0  000063
GLCD_ReadStatus@controller                 cstackCOMRAM 000027
GLCD_ReadStatus@status                     cstackCOMRAM 000026
GLCD_WriteChar@charToWrite                 cstackBANK0  000062
GLCD_WriteChar@i                           cstackBANK0  000063
GLCD_WriteCommand@commandToWrite           cstackBANK0  000062
GLCD_WriteCommand@controller               cstackBANK0  000060
GLCD_WriteData@dataToWrite                 cstackBANK0  000061
GLCD_WriteString@stringToWrite             cstackBANK0  000065
IOCB4_SetInterruptHandler@InterruptHandler cstackCOMRAM 000025
IOCB5_SetInterruptHandler@InterruptHandler cstackCOMRAM 000025
PIN_MANAGER_IOC@currentState               cstackCOMRAM 000012
PIN_MANAGER_IOC@previousState              bssCOMRAM    000037
PIN_MANAGER_IOC@result                     cstackCOMRAM 000011
TMR0_SetInterruptHandler@InterruptHandler  cstackCOMRAM 000025
_ANCON0                                    (abs)        000F5D
_ANCON1                                    (abs)        000F5C
_CCP1CON                                   (abs)        000FBB
_CCPR1H                                    (abs)        000FBD
_CCPR1L                                    (abs)        000FBC
_CCPTMRSbits                               (abs)        000F99
_Check_Buttons                             text19       0005D0
_Clear_Arrow_Column                        text23       0004C6
_Clear_Submenu_Arrows                      text22       0009E4
_Draw_Arrow                                text20       00078A
_Draw_Submenu_Arrow                        text21       0009E2
_ECCP1AS                                   (abs)        000FBF
_ECCP1DEL                                  (abs)        000FBE
_EEADR                                     (abs)        000F74
_EEADRH                                    (abs)        000F75
_EECON1bits                                (abs)        000F7F
_EECON2                                    (abs)        000F7E
_EEDATA                                    (abs)        000F73
_EPWM1_Initialize                          text12       000946
_GLCD_ClearScreen                          text18       000720
_GLCD_Delay                                text31       0009D6
_GLCD_DisableController                    text30       00086A
_GLCD_EnableController                     text29       000844
_GLCD_GoTo                                 text25       000170
_GLCD_Initalize                            text16       000924
_GLCD_InitializePorts                      text17       0009C0
_GLCD_ReadStatus                           text28       0008DC
_GLCD_WriteChar                            text15       000524
_GLCD_WriteCommand                         text27       0006E8
_GLCD_WriteData                            text24       0003F2
_GLCD_WriteString                          text14       0007BC
_INTCONbits                                (abs)        000FF2
_INTERRUPT_Initialize                      text11       0009D2
_INTERRUPT_InterruptManager                intcode      000008
_IOCB4_DefaultInterruptHandler             (abs)        000000
_IOCB4_InterruptHandler                    nvCOMRAM     000033
_IOCB4_SetInterruptHandler                 text9        0009B6
_IOCB5_DefaultInterruptHandler             (abs)        000000
_IOCB5_InterruptHandler                    nvCOMRAM     000031
_IOCB5_SetInterruptHandler                 text8        0009AC
_IOCBbits                                  (abs)        000F5A
_Initialize_Menus                          text13       0000B8
_LATA                                      (abs)        000F89
_LATB                                      (abs)        000F8A
_LATC                                      (abs)        000F8B
_LATD                                      (abs)        000F8C
_LATE                                      (abs)        000F8D
_LATEbits                                  (abs)        000F8D
_OSCCON                                    (abs)        000FD3
_OSCCON2                                   (abs)        000FD2
_OSCILLATOR_Initialize                     text10       000990
_OSCTUNE                                   (abs)        000F9B
_PIN_MANAGER_IOC                           text35       0002FE
_PIN_MANAGER_Initialize                    text7        00057C
_PIR4bits                                  (abs)        000FB7
_PORTA                                     (abs)        000F80
_PORTB                                     (abs)        000F81
_PORTBbits                                 (abs)        000F81
_PORTC                                     (abs)        000F82
_PR4                                       (abs)        000FA9
_PSTR1CON                                  (abs)        000F9C
_RCONbits                                  (abs)        000FD0
_REFOCON                                   (abs)        000F9A
_SYSTEM_Initialize                         text1        000962
_SubMenuXStart                             dataCOMRAM   000039
_SubMenuYStart                             dataCOMRAM   000038
_T0CON                                     (abs)        000FD5
_T0CONbits                                 (abs)        000FD5
_T4CON                                     (abs)        000F88
_T4CONbits                                 (abs)        000F88
_TABLAT                                    (abs)        000FF5
_TBLPTRH                                   (abs)        000FF7
_TBLPTRL                                   (abs)        000FF6
_TBLPTRU                                   (abs)        000FF8
_TMR0H                                     (abs)        000FD7
_TMR0L                                     (abs)        000FD6
_TMR0_DefaultInterruptHandler              text34       0009E6
_TMR0_ISR                                  text33       00081C
_TMR0_Initialize                           text4        0006B0
_TMR0_InterruptHandler                     nvCOMRAM     00002F
_TMR0_SetInterruptHandler                  text6        0009A2
_TMR0_StartTimer                           text5        0009CE
_TMR4                                      (abs)        000F87
_TMR4_Initialize                           text2        00097C
_TMR4_StartTimer                           text3        0009CA
_TRISA                                     (abs)        000F92
_TRISB                                     (abs)        000F93
_TRISC                                     (abs)        000F94
_TRISD                                     (abs)        000F95
_TRISE                                     (abs)        000F96
_WPUB                                      (abs)        000F5B
__CFG_BBSIZ$BB2K                           (abs)        000000
__CFG_BOREN$SBORDIS                        (abs)        000000
__CFG_BORPWR$ZPBORMV                       (abs)        000000
__CFG_BORV$3                               (abs)        000000
__CFG_CANMX$PORTB                          (abs)        000000
__CFG_CP0$OFF                              (abs)        000000
__CFG_CP1$OFF                              (abs)        000000
__CFG_CP2$OFF                              (abs)        000000
__CFG_CP3$OFF                              (abs)        000000
__CFG_CPB$OFF                              (abs)        000000
__CFG_CPD$OFF                              (abs)        000000
__CFG_EBTR0$OFF                            (abs)        000000
__CFG_EBTR1$OFF                            (abs)        000000
__CFG_EBTR2$OFF                            (abs)        000000
__CFG_EBTR3$OFF                            (abs)        000000
__CFG_EBTRB$OFF                            (abs)        000000
__CFG_FCMEN$OFF                            (abs)        000000
__CFG_FOSC$INTIO2                          (abs)        000000
__CFG_IESO$OFF                             (abs)        000000
__CFG_INTOSCSEL$HIGH                       (abs)        000000
__CFG_MCLRE$ON                             (abs)        000000
__CFG_MSSPMSK$MSK7                         (abs)        000000
__CFG_PLLCFG$OFF                           (abs)        000000
__CFG_PWRTEN$OFF                           (abs)        000000
__CFG_RETEN$OFF                            (abs)        000000
__CFG_SOSCSEL$DIG                          (abs)        000000
__CFG_STVREN$ON                            (abs)        000000
__CFG_WDTEN$OFF                            (abs)        000000
__CFG_WDTPS$1048576                        (abs)        000000
__CFG_WRT0$OFF                             (abs)        000000
__CFG_WRT1$OFF                             (abs)        000000
__CFG_WRT2$OFF                             (abs)        000000
__CFG_WRT3$OFF                             (abs)        000000
__CFG_WRTB$OFF                             (abs)        000000
__CFG_WRTC$OFF                             (abs)        000000
__CFG_WRTD$OFF                             (abs)        000000
__CFG_XINST$OFF                            (abs)        000000
__HRAM                                     (abs)        000000
__Habs1                                    abs1         000000
__Hbank0                                   bank0        000000
__Hbank1                                   bank1        000000
__Hbank10                                  bank10       000000
__Hbank11                                  bank11       000000
__Hbank12                                  bank12       000000
__Hbank13                                  bank13       000000
__Hbank14                                  bank14       000000
__Hbank2                                   bank2        000000
__Hbank3                                   bank3        000000
__Hbank4                                   bank4        000000
__Hbank5                                   bank5        000000
__Hbank6                                   bank6        000000
__Hbank7                                   bank7        000000
__Hbank8                                   bank8        000000
__Hbank9                                   bank9        000000
__Hbigbss                                  bigbss       000000
__Hbigdata                                 bigdata      000000
__Hbigram                                  bigram       000000
__Hbss                                     bss          000000
__HbssBANK0                                bssBANK0     000000
__HbssCOMRAM                               bssCOMRAM    000000
__Hcinit                                   cinit        000000
__Hclrtext                                 clrtext      000000
__Hcomram                                  comram       000000
__Hconfig                                  config       30000E
__Hconst                                   const        000000
__HcstackBANK0                             cstackBANK0  000000
__HcstackCOMRAM                            cstackCOMRAM 000000
__Hdata                                    data         000000
__HdataCOMRAM                              dataCOMRAM   000000
__Heeprom_data                             eeprom_data  000000
__Hfarbss                                  farbss       000000
__Hfardata                                 fardata      000000
__Hibigdata                                ibigdata     000000
__Hidata                                   idata        000000
__HidataCOMRAM                             idataCOMRAM  000000
__Hidloc                                   idloc        200008
__Hifardata                                ifardata     000000
__Hinit                                    init         0000B8
__Hintcode                                 intcode      0000B4
__Hintcode_body                            intcode_body 000000
__Hintcodelo                               intcodelo    0000B4
__Hintentry                                intentry     000000
__Hintret                                  intret       000000
__Hintsave_regs                            intsave_regs 000000
__Hirdata                                  irdata       000000
__Hmediumconst                             mediumconst  010000
__HnvCOMRAM                                nvCOMRAM     000000
__HnvFARRAM                                nvFARRAM     000000
__Hnvbit                                   nvbit        000000
__Hnvrram                                  nvrram       000000
__Hparam                                   rparam       000000
__Hpowerup                                 powerup      0000B4
__Hram                                     ram          000000
__Hramtop                                  ramtop       000F00
__Hrbit                                    rbit         000000
__Hrbss                                    rbss         000000
__Hrdata                                   rdata        000000
__Hreset_vec                               reset_vec    000004
__Hrparam                                  rparam       000000
__Hsfr                                     sfr          000000
__Hsmallconst                              smallconst   000000
__Hspace_0                                 (abs)        30000E
__Hspace_1                                 (abs)        000072
__Hspace_2                                 (abs)        000000
__Hstack                                   stack        000000
__Hstruct                                  struct       000000
__Htemp                                    temp         00003C
__Htext                                    text         000000
__Htext0                                   text0        000000
__Htext1                                   text1        000000
__Htext10                                  text10       000000
__Htext11                                  text11       000000
__Htext12                                  text12       000000
__Htext13                                  text13       000000
__Htext14                                  text14       000000
__Htext15                                  text15       000000
__Htext16                                  text16       000000
__Htext17                                  text17       000000
__Htext18                                  text18       000000
__Htext19                                  text19       000000
__Htext2                                   text2        000000
__Htext20                                  text20       000000
__Htext21                                  text21       000000
__Htext22                                  text22       000000
__Htext23                                  text23       000000
__Htext24                                  text24       000000
__Htext25                                  text25       000000
__Htext26                                  text26       000000
__Htext27                                  text27       000000
__Htext28                                  text28       000000
__Htext29                                  text29       000000
__Htext3                                   text3        000000
__Htext30                                  text30       000000
__Htext31                                  text31       000000
__Htext33                                  text33       000000
__Htext34                                  text34       000000
__Htext35                                  text35       000000
__Htext36                                  text36       000000
__Htext37                                  text37       000000
__Htext38                                  text38       000000
__Htext39                                  text39       000000
__Htext4                                   text4        000000
__Htext40                                  text40       000000
__Htext41                                  text41       000000
__Htext42                                  text42       000000
__Htext43                                  text43       000000
__Htext44                                  text44       000000
__Htext45                                  text45       000000
__Htext5                                   text5        000000
__Htext6                                   text6        000000
__Htext7                                   text7        000000
__Htext8                                   text8        000000
__Htext9                                   text9        000000
__LRAM                                     (abs)        000001
__Labs1                                    abs1         000000
__Lbank0                                   bank0        000000
__Lbank1                                   bank1        000000
__Lbank10                                  bank10       000000
__Lbank11                                  bank11       000000
__Lbank12                                  bank12       000000
__Lbank13                                  bank13       000000
__Lbank14                                  bank14       000000
__Lbank2                                   bank2        000000
__Lbank3                                   bank3        000000
__Lbank4                                   bank4        000000
__Lbank5                                   bank5        000000
__Lbank6                                   bank6        000000
__Lbank7                                   bank7        000000
__Lbank8                                   bank8        000000
__Lbank9                                   bank9        000000
__Lbigbss                                  bigbss       000000
__Lbigdata                                 bigdata      000000
__Lbigram                                  bigram       000000
__Lbss                                     bss          000000
__LbssBANK0                                bssBANK0     000000
__LbssCOMRAM                               bssCOMRAM    000000
__Lcinit                                   cinit        000000
__Lclrtext                                 clrtext      000000
__Lcomram                                  comram       000000
__Lconfig                                  config       300000
__Lconst                                   const        000000
__LcstackBANK0                             cstackBANK0  000000
__LcstackCOMRAM                            cstackCOMRAM 000000
__Ldata                                    data         000000
__LdataCOMRAM                              dataCOMRAM   000000
__Leeprom_data                             eeprom_data  000000
__Lfarbss                                  farbss       000000
__Lfardata                                 fardata      000000
__Libigdata                                ibigdata     000000
__Lidata                                   idata        000000
__LidataCOMRAM                             idataCOMRAM  000000
__Lidloc                                   idloc        200000
__Lifardata                                ifardata     000000
__Linit                                    init         0000B4
__Lintcode                                 intcode      000008
__Lintcode_body                            intcode_body 000000
__Lintcodelo                               intcodelo    0000B4
__Lintentry                                intentry     000000
__Lintret                                  intret       000000
__Lintsave_regs                            intsave_regs 000000
__Lirdata                                  irdata       000000
__Lmediumconst                             mediumconst  00FDD8
__LnvCOMRAM                                nvCOMRAM     000000
__LnvFARRAM                                nvFARRAM     000000
__Lnvbit                                   nvbit        000000
__Lnvrram                                  nvrram       000000
__Lparam                                   rparam       000000
__Lpowerup                                 powerup      0000B4
__Lram                                     ram          000000
__Lramtop                                  ramtop       000F00
__Lrbit                                    rbit         000000
__Lrbss                                    rbss         000000
__Lrdata                                   rdata        000000
__Lreset_vec                               reset_vec    000000
__Lrparam                                  rparam       000000
__Lsfr                                     sfr          000000
__Lsmallconst                              smallconst   000000
__Lspace_0                                 (abs)        000000
__Lspace_1                                 (abs)        000000
__Lspace_2                                 (abs)        000000
__Lstack                                   stack        000000
__Lstruct                                  struct       000000
__Ltemp                                    temp         00003B
__Ltext                                    text         000000
__Ltext0                                   text0        000000
__Ltext1                                   text1        000000
__Ltext10                                  text10       000000
__Ltext11                                  text11       000000
__Ltext12                                  text12       000000
__Ltext13                                  text13       000000
__Ltext14                                  text14       000000
__Ltext15                                  text15       000000
__Ltext16                                  text16       000000
__Ltext17                                  text17       000000
__Ltext18                                  text18       000000
__Ltext19                                  text19       000000
__Ltext2                                   text2        000000
__Ltext20                                  text20       000000
__Ltext21                                  text21       000000
__Ltext22                                  text22       000000
__Ltext23                                  text23       000000
__Ltext24                                  text24       000000
__Ltext25                                  text25       000000
__Ltext26                                  text26       000000
__Ltext27                                  text27       000000
__Ltext28                                  text28       000000
__Ltext29                                  text29       000000
__Ltext3                                   text3        000000
__Ltext30                                  text30       000000
__Ltext31                                  text31       000000
__Ltext33                                  text33       000000
__Ltext34                                  text34       000000
__Ltext35                                  text35       000000
__Ltext36                                  text36       000000
__Ltext37                                  text37       000000
__Ltext38                                  text38       000000
__Ltext39                                  text39       000000
__Ltext4                                   text4        000000
__Ltext40                                  text40       000000
__Ltext41                                  text41       000000
__Ltext42                                  text42       000000
__Ltext43                                  text43       000000
__Ltext44                                  text44       000000
__Ltext45                                  text45       000000
__Ltext5                                   text5        000000
__Ltext6                                   text6        000000
__Ltext7                                   text7        000000
__Ltext8                                   text8        000000
__Ltext9                                   text9        000000
__S0                                       (abs)        30000E
__S1                                       (abs)        000072
__S2                                       (abs)        000000
___awdiv                                   text26       0001F6
___awdiv@counter                           cstackCOMRAM 000029
___awdiv@dividend                          cstackCOMRAM 000025
___awdiv@divisor                           cstackCOMRAM 000027
___awdiv@quotient                          cstackCOMRAM 00002B
___awdiv@sign                              cstackCOMRAM 00002A
___inthi_sp                                stack        000000
___intlo_sp                                stack        000000
___param_bank                              (abs)        000000
___rparam_used                             (abs)        000001
___sp                                      stack        000000
__accesstop                                (abs)        000060
__activetblptr                             (abs)        000003
__end_of_Check_Buttons                     text19       000622
__end_of_Clear_Arrow_Column                text23       000524
__end_of_Clear_Submenu_Arrows              text22       0009E6
__end_of_Draw_Arrow                        text20       0007BC
__end_of_Draw_Submenu_Arrow                text21       0009E4
__end_of_EPWM1_Initialize                  text12       000962
__end_of_GLCD_ClearScreen                  text18       000756
__end_of_GLCD_Delay                        text31       0009DA
__end_of_GLCD_DisableController            text30       000890
__end_of_GLCD_EnableController             text29       00086A
__end_of_GLCD_GoTo                         text25       0001F6
__end_of_GLCD_Initalize                    text16       000946
__end_of_GLCD_InitializePorts              text17       0009CA
__end_of_GLCD_ReadStatus                   text28       000900
__end_of_GLCD_WriteChar                    text15       00057C
__end_of_GLCD_WriteCommand                 text27       000720
__end_of_GLCD_WriteData                    text24       00045E
__end_of_GLCD_WriteString                  text14       0007EC
__end_of_INTERRUPT_Initialize              text11       0009D6
__end_of_INTERRUPT_InterruptManager        intcode      0000B4
__end_of_IOCB4_SetInterruptHandler         text9        0009C0
__end_of_IOCB5_SetInterruptHandler         text8        0009B6
__end_of_Initialize_Menus                  text13       000170
__end_of_OSCILLATOR_Initialize             text10       0009A2
__end_of_PIN_MANAGER_IOC                   text35       000378
__end_of_PIN_MANAGER_Initialize            text7        0005D0
__end_of_SYSTEM_Initialize                 text1        00097C
__end_of_TMR0_DefaultInterruptHandler      text34       0009E8
__end_of_TMR0_ISR                          text33       000844
__end_of_TMR0_Initialize                   text4        0006E8
__end_of_TMR0_SetInterruptHandler          text6        0009AC
__end_of_TMR0_StartTimer                   text5        0009D2
__end_of_TMR4_Initialize                   text2        000990
__end_of_TMR4_StartTimer                   text3        0009CE
__end_of___awdiv                           text26       00027A
__end_of__initialization                   cinit        000780
__end_of_color                             mediumconst  00FFBA
__end_of_font5x8                           mediumconst  00FFB9
__end_of_main                              text0        0006B0
__end_ofi2_GLCD_Delay                      text44       0009DE
__end_ofi2_GLCD_DisableController          text43       0008DC
__end_ofi2_GLCD_EnableController           text42       0008B6
__end_ofi2_GLCD_GoTo                       text38       0003F2
__end_ofi2_GLCD_ReadStatus                 text41       000924
__end_ofi2_GLCD_WriteChar                  text36       000674
__end_ofi2_GLCD_WriteCommand               text40       00081C
__end_ofi2_GLCD_WriteData                  text37       0004C6
__end_ofi2___awdiv                         text39       0002FE
__initialization                           cinit        000756
__mediumconst                              mediumconst  00FDD8
__pbssBANK0                                bssBANK0     000070
__pbssCOMRAM                               bssCOMRAM    000035
__pcinit                                   cinit        000756
__pcstackBANK0                             cstackBANK0  000060
__pcstackCOMRAM                            cstackCOMRAM 000001
__pdataCOMRAM                              dataCOMRAM   000038
__pidataCOMRAM                             idataCOMRAM  0009DE
__pintcode                                 intcode      000008
__pmediumconst                             mediumconst  00FDD8
__pnvCOMRAM                                nvCOMRAM     00002D
__ptext0                                   text0        000674
__ptext1                                   text1        000962
__ptext10                                  text10       000990
__ptext11                                  text11       0009D2
__ptext12                                  text12       000946
__ptext13                                  text13       0000B8
__ptext14                                  text14       0007BC
__ptext15                                  text15       000524
__ptext16                                  text16       000924
__ptext17                                  text17       0009C0
__ptext18                                  text18       000720
__ptext19                                  text19       0005D0
__ptext2                                   text2        00097C
__ptext20                                  text20       00078A
__ptext21                                  text21       0009E2
__ptext22                                  text22       0009E4
__ptext23                                  text23       0004C6
__ptext24                                  text24       0003F2
__ptext25                                  text25       000170
__ptext26                                  text26       0001F6
__ptext27                                  text27       0006E8
__ptext28                                  text28       0008DC
__ptext29                                  text29       000844
__ptext3                                   text3        0009CA
__ptext30                                  text30       00086A
__ptext31                                  text31       0009D6
__ptext33                                  text33       00081C
__ptext34                                  text34       0009E6
__ptext35                                  text35       0002FE
__ptext36                                  text36       000622
__ptext37                                  text37       00045E
__ptext38                                  text38       000378
__ptext39                                  text39       00027A
__ptext4                                   text4        0006B0
__ptext40                                  text40       0007EC
__ptext41                                  text41       000900
__ptext42                                  text42       000890
__ptext43                                  text43       0008B6
__ptext44                                  text44       0009DA
__ptext45                                  text45       000000
__ptext5                                   text5        0009CE
__ptext6                                   text6        0009A2
__ptext7                                   text7        00057C
__ptext8                                   text8        0009AC
__ptext9                                   text9        0009B6
__ramtop                                   ramtop       000F00
__size_of_Check_Buttons                    (abs)        000000
__size_of_Clear_Arrow_Column               (abs)        000000
__size_of_Clear_Submenu_Arrows             (abs)        000000
__size_of_Draw_Arrow                       (abs)        000000
__size_of_Draw_Submenu_Arrow               (abs)        000000
__size_of_EPWM1_Initialize                 (abs)        000000
__size_of_GLCD_ClearScreen                 (abs)        000000
__size_of_GLCD_Delay                       (abs)        000000
__size_of_GLCD_DisableController           (abs)        000000
__size_of_GLCD_EnableController            (abs)        000000
__size_of_GLCD_GoTo                        (abs)        000000
__size_of_GLCD_Initalize                   (abs)        000000
__size_of_GLCD_InitializePorts             (abs)        000000
__size_of_GLCD_ReadStatus                  (abs)        000000
__size_of_GLCD_WriteChar                   (abs)        000000
__size_of_GLCD_WriteCommand                (abs)        000000
__size_of_GLCD_WriteData                   (abs)        000000
__size_of_GLCD_WriteString                 (abs)        000000
__size_of_INTERRUPT_Initialize             (abs)        000000
__size_of_INTERRUPT_InterruptManager       (abs)        000000
__size_of_IOCB4_SetInterruptHandler        (abs)        000000
__size_of_IOCB5_SetInterruptHandler        (abs)        000000
__size_of_Initialize_Menus                 (abs)        000000
__size_of_OSCILLATOR_Initialize            (abs)        000000
__size_of_PIN_MANAGER_IOC                  (abs)        000000
__size_of_PIN_MANAGER_Initialize           (abs)        000000
__size_of_SYSTEM_Initialize                (abs)        000000
__size_of_TMR0_DefaultInterruptHandler     (abs)        000000
__size_of_TMR0_ISR                         (abs)        000000
__size_of_TMR0_Initialize                  (abs)        000000
__size_of_TMR0_SetInterruptHandler         (abs)        000000
__size_of_TMR0_StartTimer                  (abs)        000000
__size_of_TMR4_Initialize                  (abs)        000000
__size_of_TMR4_StartTimer                  (abs)        000000
__size_of___awdiv                          (abs)        000000
__size_of_main                             (abs)        000000
__size_ofi2_GLCD_Delay                     (abs)        000000
__size_ofi2_GLCD_DisableController         (abs)        000000
__size_ofi2_GLCD_EnableController          (abs)        000000
__size_ofi2_GLCD_GoTo                      (abs)        000000
__size_ofi2_GLCD_ReadStatus                (abs)        000000
__size_ofi2_GLCD_WriteChar                 (abs)        000000
__size_ofi2_GLCD_WriteCommand              (abs)        000000
__size_ofi2_GLCD_WriteData                 (abs)        000000
__size_ofi2___awdiv                        (abs)        000000
__smallconst                               smallconst   000000
_color                                     mediumconst  00FFB9
_currentContext                            bssBANK0     000070
_font5x8                                   mediumconst  00FDD9
_main                                      text0        000674
_mainState                                 bssBANK0     000071
_screen_x                                  bssCOMRAM    000036
_screen_y                                  bssCOMRAM    000035
_timer0ReloadVal                           nvCOMRAM     00002D
_xMenuStart                                dataCOMRAM   00003A
btemp                                      temp         00003B
end_of_initialization                      cinit        000780
i2GLCD_DisableController@controller        cstackCOMRAM 000001
i2GLCD_EnableController@controller         cstackCOMRAM 000001
i2GLCD_GoTo@i                              cstackCOMRAM 00000E
i2GLCD_GoTo@x                              cstackCOMRAM 00000D
i2GLCD_GoTo@y                              cstackCOMRAM 00000C
i2GLCD_ReadStatus@controller               cstackCOMRAM 000003
i2GLCD_ReadStatus@status                   cstackCOMRAM 000002
i2GLCD_WriteChar@charToWrite               cstackCOMRAM 00000B
i2GLCD_WriteChar@i                         cstackCOMRAM 00000C
i2GLCD_WriteCommand@commandToWrite         cstackCOMRAM 00000B
i2GLCD_WriteCommand@controller             cstackCOMRAM 000009
i2GLCD_WriteData@dataToWrite               cstackCOMRAM 00000A
i2_GLCD_Delay                              text44       0009DA
i2_GLCD_DisableController                  text43       0008B6
i2_GLCD_EnableController                   text42       000890
i2_GLCD_GoTo                               text38       000378
i2_GLCD_ReadStatus                         text41       000900
i2_GLCD_WriteChar                          text36       000622
i2_GLCD_WriteCommand                       text40       0007EC
i2_GLCD_WriteData                          text37       00045E
i2___awdiv                                 text39       00027A
i2___awdiv@counter                         cstackCOMRAM 000005
i2___awdiv@dividend                        cstackCOMRAM 000001
i2___awdiv@divisor                         cstackCOMRAM 000003
i2___awdiv@quotient                        cstackCOMRAM 000007
i2___awdiv@sign                            cstackCOMRAM 000006
int$flags                                  temp         00003B
intlevel0                                  text         000000
intlevel1                                  text         000000
intlevel2                                  text         000000
intlevel3                                  text         000000
stackhi                                    (abs)        000E40
stacklo                                    (abs)        000072
start                                      init         0000B4
start_initialization                       cinit        000756
wtemp6                                     temp         00003C


FUNCTION INFORMATION:

 *************** function _main *****************
 Defined at:
		line 58 in file "main.c"
 Parameters:    Size  Location     Type
		None
 Auto vars:     Size  Location     Type
		None
 Return value:  Size  Location     Type
                  1    wreg      void 
 Registers used:
		wreg, status,2, status,0, tblptrl, tblptrh, tblptru, prodl, prodh, cstack
 Tracked objects:
		On entry : 
		On exit  : 
		Unchanged: 
 Data sizes:     COMRAM   BANK0   BANK1   BANK2   BANK3   BANK4   BANK5   BANK6   BANK7   BANK8   BANK9  BANK10  BANK11  BANK12  BANK13  BANK14
      Params:         0       0       0       0       0       0       0       0       0       0       0       0       0       0       0       0
      Locals:         0       0       0       0       0       0       0       0       0       0       0       0       0       0       0       0
      Temps:          0       1       0       0       0       0       0       0       0       0       0       0       0       0       0       0
      Totals:         0       1       0       0       0       0       0       0       0       0       0       0       0       0       0       0
Total ram usage:        1 bytes
 Hardware stack levels required when called:   13
 This function calls:
		_Check_Buttons
		_Draw_Arrow
		_GLCD_ClearScreen
		_GLCD_Initalize
		_Initialize_Menus
		_SYSTEM_Initialize
 This function is called by:
		Startup code after reset
 This function uses a non-reentrant model


 *************** function _SYSTEM_Initialize *****************
 Defined at:
		line 111 in file "mcc_generated_files/mcc.c"
 Parameters:    Size  Location     Type
		None
 Auto vars:     Size  Location     Type
		None
 Return value:  Size  Location     Type
                  1    wreg      void 
 Registers used:
		wreg, status,2, status,0, cstack
 Tracked objects:
		On entry : 
		On exit  : 
		Unchanged: 
 Data sizes:     COMRAM   BANK0   BANK1   BANK2   BANK3   BANK4   BANK5   BANK6   BANK7   BANK8   BANK9  BANK10  BANK11  BANK12  BANK13  BANK14
      Params:         0       0       0       0       0       0       0       0       0       0       0       0       0       0       0       0
      Locals:         0       0       0       0       0       0       0       0       0       0       0       0       0       0       0       0
      Temps:          0       0       0       0       0       0       0       0       0       0       0       0       0       0       0       0
      Totals:         0       0       0       0       0       0       0       0       0       0       0       0       0       0       0       0
Total ram usage:        0 bytes
 Hardware stack levels used:    1
 Hardware stack levels required when called:    8
 This function calls:
		_EPWM1_Initialize
		_INTERRUPT_Initialize
		_OSCILLATOR_Initialize
		_PIN_MANAGER_Initialize
		_TMR0_Initialize
		_TMR4_Initialize
 This function is called by:
		_main
 This function uses a non-reentrant model


 *************** function _TMR4_Initialize *****************
 Defined at:
		line 61 in file "mcc_generated_files/tmr4.c"
 Parameters:    Size  Location     Type
		None
 Auto vars:     Size  Location     Type
		None
 Return value:  Size  Location     Type
                  1    wreg      void 
 Registers used:
		wreg, status,2, cstack
 Tracked objects:
		On entry : 
		On exit  : 
		Unchanged: 
 Data sizes:     COMRAM   BANK0   BANK1   BANK2   BANK3   BANK4   BANK5   BANK6   BANK7   BANK8   BANK9  BANK10  BANK11  BANK12  BANK13  BANK14
      Params:         0       0       0       0       0       0       0       0       0       0       0       0       0       0       0       0
      Locals:         0       0       0       0       0       0       0       0       0       0       0       0       0       0       0       0
      Temps:          0       0       0       0       0       0       0       0       0       0       0       0       0       0       0       0
      Totals:         0       0       0       0       0       0       0       0       0       0       0       0       0       0       0       0
Total ram usage:        0 bytes
 Hardware stack levels used:    1
 Hardware stack levels required when called:    7
 This function calls:
		_TMR4_StartTimer
 This function is called by:
		_SYSTEM_Initialize
 This function uses a non-reentrant model


 *************** function _TMR4_StartTimer *****************
 Defined at:
		line 81 in file "mcc_generated_files/tmr4.c"
 Parameters:    Size  Location     Type
		None
 Auto vars:     Size  Location     Type
		None
 Return value:  Size  Location     Type
                  1    wreg      void 
 Registers used:
		None
 Tracked objects:
		On entry : 
		On exit  : 
		Unchanged: 
 Data sizes:     COMRAM   BANK0   BANK1   BANK2   BANK3   BANK4   BANK5   BANK6   BANK7   BANK8   BANK9  BANK10  BANK11  BANK12  BANK13  BANK14
      Params:         0       0       0       0       0       0       0       0       0       0       0       0       0       0       0       0
      Locals:         0       0       0       0       0       0       0       0       0       0       0       0       0       0       0       0
      Temps:          0       0       0       0       0       0       0       0       0       0       0       0       0       0       0       0
      Totals:         0       0       0       0       0       0       0       0       0       0       0       0       0       0       0       0
Total ram usage:        0 bytes
 Hardware stack levels used:    1
 Hardware stack levels required when called:    6
 This function calls:
		Nothing
 This function is called by:
		_TMR4_Initialize
 This function uses a non-reentrant model


 *************** function _TMR0_Initialize *****************
 Defined at:
		line 66 in file "mcc_generated_files/tmr0.c"
 Parameters:    Size  Location     Type
		None
 Auto vars:     Size  Location     Type
		None
 Return value:  Size  Location     Type
                  1    wreg      void 
 Registers used:
		wreg, status,2, status,0, cstack
 Tracked objects:
		On entry : 
		On exit  : 
		Unchanged: 
 Data sizes:     COMRAM   BANK0   BANK1   BANK2   BANK3   BANK4   BANK5   BANK6   BANK7   BANK8   BANK9  BANK10  BANK11  BANK12  BANK13  BANK14
      Params:         0       0       0       0       0       0       0       0       0       0       0       0       0       0       0       0
      Locals:         0       0       0       0       0       0       0       0       0       0       0       0       0       0       0       0
      Temps:          2       0       0       0       0       0       0       0       0       0       0       0       0       0       0       0
      Totals:         2       0       0       0       0       0       0       0       0       0       0       0       0       0       0       0
Total ram usage:        2 bytes
 Hardware stack levels used:    1
 Hardware stack levels required when called:    7
 This function calls:
		_TMR0_SetInterruptHandler
		_TMR0_StartTimer
 This function is called by:
		_SYSTEM_Initialize
 This function uses a non-reentrant model


 *************** function _TMR0_StartTimer *****************
 Defined at:
		line 95 in file "mcc_generated_files/tmr0.c"
 Parameters:    Size  Location     Type
		None
 Auto vars:     Size  Location     Type
		None
 Return value:  Size  Location     Type
                  1    wreg      void 
 Registers used:
		None
 Tracked objects:
		On entry : 
		On exit  : 
		Unchanged: 
 Data sizes:     COMRAM   BANK0   BANK1   BANK2   BANK3   BANK4   BANK5   BANK6   BANK7   BANK8   BANK9  BANK10  BANK11  BANK12  BANK13  BANK14
      Params:         0       0       0       0       0       0       0       0       0       0       0       0       0       0       0       0
      Locals:         0       0       0       0       0       0       0       0       0       0       0       0       0       0       0       0
      Temps:          0       0       0       0       0       0       0       0       0       0       0       0       0       0       0       0
      Totals:         0       0       0       0       0       0       0       0       0       0       0       0       0       0       0       0
Total ram usage:        0 bytes
 Hardware stack levels used:    1
 Hardware stack levels required when called:    6
 This function calls:
		Nothing
 This function is called by:
		_TMR0_Initialize
 This function uses a non-reentrant model


 *************** function _TMR0_SetInterruptHandler *****************
 Defined at:
		line 154 in file "mcc_generated_files/tmr0.c"
 Parameters:    Size  Location     Type
  InterruptHan    2   36[COMRAM] PTR FTN()void 
		 -> TMR0_DefaultInterruptHandler(1), 
 Auto vars:     Size  Location     Type
		None
 Return value:  Size  Location     Type
                  1    wreg      void 
 Registers used:
		wreg, status,2, status,0
 Tracked objects:
		On entry : 
		On exit  : 
		Unchanged: 
 Data sizes:     COMRAM   BANK0   BANK1   BANK2   BANK3   BANK4   BANK5   BANK6   BANK7   BANK8   BANK9  BANK10  BANK11  BANK12  BANK13  BANK14
      Params:         2       0       0       0       0       0       0       0       0       0       0       0       0       0       0       0
      Locals:         0       0       0       0       0       0       0       0       0       0       0       0       0       0       0       0
      Temps:          0       0       0       0       0       0       0       0       0       0       0       0       0       0       0       0
      Totals:         2       0       0       0       0       0       0       0       0       0       0       0       0       0       0       0
Total ram usage:        2 bytes
 Hardware stack levels used:    1
 Hardware stack levels required when called:    6
 This function calls:
		Nothing
 This function is called by:
		_TMR0_Initialize
 This function uses a non-reentrant model


 *************** function _PIN_MANAGER_Initialize *****************
 Defined at:
		line 59 in file "mcc_generated_files/pin_manager.c"
 Parameters:    Size  Location     Type
		None
 Auto vars:     Size  Location     Type
		None
 Return value:  Size  Location     Type
                  1    wreg      void 
 Registers used:
		wreg, status,2, status,0, cstack
 Tracked objects:
		On entry : 
		On exit  : 
		Unchanged: 
 Data sizes:     COMRAM   BANK0   BANK1   BANK2   BANK3   BANK4   BANK5   BANK6   BANK7   BANK8   BANK9  BANK10  BANK11  BANK12  BANK13  BANK14
      Params:         0       0       0       0       0       0       0       0       0       0       0       0       0       0       0       0
      Locals:         0       0       0       0       0       0       0       0       0       0       0       0       0       0       0       0
      Temps:          0       0       0       0       0       0       0       0       0       0       0       0       0       0       0       0
      Totals:         0       0       0       0       0       0       0       0       0       0       0       0       0       0       0       0
Total ram usage:        0 bytes
 Hardware stack levels used:    1
 Hardware stack levels required when called:    7
 This function calls:
		_IOCB4_SetInterruptHandler
		_IOCB5_SetInterruptHandler
 This function is called by:
		_SYSTEM_Initialize
 This function uses a non-reentrant model


 *************** function _IOCB5_SetInterruptHandler *****************
 Defined at:
		line 248 in file "mcc_generated_files/pin_manager.c"
 Parameters:    Size  Location     Type
  InterruptHan    2   36[COMRAM] PTR void 
		 -> IOCB5_DefaultInterruptHandler(1), 
 Auto vars:     Size  Location     Type
		None
 Return value:  Size  Location     Type
                  1    wreg      void 
 Registers used:
		wreg, status,2, status,0
 Tracked objects:
		On entry : 
		On exit  : 
		Unchanged: 
 Data sizes:     COMRAM   BANK0   BANK1   BANK2   BANK3   BANK4   BANK5   BANK6   BANK7   BANK8   BANK9  BANK10  BANK11  BANK12  BANK13  BANK14
      Params:         2       0       0       0       0       0       0       0       0       0       0       0       0       0       0       0
      Locals:         0       0       0       0       0       0       0       0       0       0       0       0       0       0       0       0
      Temps:          0       0       0       0       0       0       0       0       0       0       0       0       0       0       0       0
      Totals:         2       0       0       0       0       0       0       0       0       0       0       0       0       0       0       0
Total ram usage:        2 bytes
 Hardware stack levels used:    1
 Hardware stack levels required when called:    6
 This function calls:
		Nothing
 This function is called by:
		_PIN_MANAGER_Initialize
 This function uses a non-reentrant model


 *************** function _IOCB4_SetInterruptHandler *****************
 Defined at:
		line 219 in file "mcc_generated_files/pin_manager.c"
 Parameters:    Size  Location     Type
  InterruptHan    2   36[COMRAM] PTR void 
		 -> IOCB4_DefaultInterruptHandler(1), 
 Auto vars:     Size  Location     Type
		None
 Return value:  Size  Location     Type
                  1    wreg      void 
 Registers used:
		wreg, status,2, status,0
 Tracked objects:
		On entry : 
		On exit  : 
		Unchanged: 
 Data sizes:     COMRAM   BANK0   BANK1   BANK2   BANK3   BANK4   BANK5   BANK6   BANK7   BANK8   BANK9  BANK10  BANK11  BANK12  BANK13  BANK14
      Params:         2       0       0       0       0       0       0       0       0       0       0       0       0       0       0       0
      Locals:         0       0       0       0       0       0       0       0       0       0       0       0       0       0       0       0
      Temps:          0       0       0       0       0       0       0       0       0       0       0       0       0       0       0       0
      Totals:         2       0       0       0       0       0       0       0       0       0       0       0       0       0       0       0
Total ram usage:        2 bytes
 Hardware stack levels used:    1
 Hardware stack levels required when called:    6
 This function calls:
		Nothing
 This function is called by:
		_PIN_MANAGER_Initialize
 This function uses a non-reentrant model


 *************** function _OSCILLATOR_Initialize *****************
 Defined at:
		line 122 in file "mcc_generated_files/mcc.c"
 Parameters:    Size  Location     Type
		None
 Auto vars:     Size  Location     Type
		None
 Return value:  Size  Location     Type
                  1    wreg      void 
 Registers used:
		wreg, status,2
 Tracked objects:
		On entry : 
		On exit  : 
		Unchanged: 
 Data sizes:     COMRAM   BANK0   BANK1   BANK2   BANK3   BANK4   BANK5   BANK6   BANK7   BANK8   BANK9  BANK10  BANK11  BANK12  BANK13  BANK14
      Params:         0       0       0       0       0       0       0       0       0       0       0       0       0       0       0       0
      Locals:         0       0       0       0       0       0       0       0       0       0       0       0       0       0       0       0
      Temps:          0       0       0       0       0       0       0       0       0       0       0       0       0       0       0       0
      Totals:         0       0       0       0       0       0       0       0       0       0       0       0       0       0       0       0
Total ram usage:        0 bytes
 Hardware stack levels used:    1
 Hardware stack levels required when called:    6
 This function calls:
		Nothing
 This function is called by:
		_SYSTEM_Initialize
 This function uses a non-reentrant model


 *************** function _INTERRUPT_Initialize *****************
 Defined at:
		line 51 in file "mcc_generated_files/interrupt_manager.c"
 Parameters:    Size  Location     Type
		None
 Auto vars:     Size  Location     Type
		None
 Return value:  Size  Location     Type
                  1    wreg      void 
 Registers used:
		None
 Tracked objects:
		On entry : 
		On exit  : 
		Unchanged: 
 Data sizes:     COMRAM   BANK0   BANK1   BANK2   BANK3   BANK4   BANK5   BANK6   BANK7   BANK8   BANK9  BANK10  BANK11  BANK12  BANK13  BANK14
      Params:         0       0       0       0       0       0       0       0       0       0       0       0       0       0       0       0
      Locals:         0       0       0       0       0       0       0       0       0       0       0       0       0       0       0       0
      Temps:          0       0       0       0       0       0       0       0       0       0       0       0       0       0       0       0
      Totals:         0       0       0       0       0       0       0       0       0       0       0       0       0       0       0       0
Total ram usage:        0 bytes
 Hardware stack levels used:    1
 Hardware stack levels required when called:    6
 This function calls:
		Nothing
 This function is called by:
		_SYSTEM_Initialize
 This function uses a non-reentrant model


 *************** function _EPWM1_Initialize *****************
 Defined at:
		line 63 in file "mcc_generated_files/epwm1.c"
 Parameters:    Size  Location     Type
		None
 Auto vars:     Size  Location     Type
		None
 Return value:  Size  Location     Type
                  1    wreg      void 
 Registers used:
		wreg, status,2
 Tracked objects:
		On entry : 
		On exit  : 
		Unchanged: 
 Data sizes:     COMRAM   BANK0   BANK1   BANK2   BANK3   BANK4   BANK5   BANK6   BANK7   BANK8   BANK9  BANK10  BANK11  BANK12  BANK13  BANK14
      Params:         0       0       0       0       0       0       0       0       0       0       0       0       0       0       0       0
      Locals:         0       0       0       0       0       0       0       0       0       0       0       0       0       0       0       0
      Temps:          0       0       0       0       0       0       0       0       0       0       0       0       0       0       0       0
      Totals:         0       0       0       0       0       0       0       0       0       0       0       0       0       0       0       0
Total ram usage:        0 bytes
 Hardware stack levels used:    1
 Hardware stack levels required when called:    6
 This function calls:
		Nothing
 This function is called by:
		_SYSTEM_Initialize
 This function uses a non-reentrant model


 *************** function _Initialize_Menus *****************
 Defined at:
		line 8 in file "screen_controls.c"
 Parameters:    Size  Location     Type
		None
 Auto vars:     Size  Location     Type
		None
 Return value:  Size  Location     Type
                  1    wreg      void 
 Registers used:
		wreg, status,2, status,0, tblptrl, tblptrh, tblptru, prodl, prodh, cstack
 Tracked objects:
		On entry : 
		On exit  : 
		Unchanged: 
 Data sizes:     COMRAM   BANK0   BANK1   BANK2   BANK3   BANK4   BANK5   BANK6   BANK7   BANK8   BANK9  BANK10  BANK11  BANK12  BANK13  BANK14
      Params:         0       0       0       0       0       0       0       0       0       0       0       0       0       0       0       0
      Locals:         0       0       0       0       0       0       0       0       0       0       0       0       0       0       0       0
      Temps:          0       0       0       0       0       0       0       0       0       0       0       0       0       0       0       0
      Totals:         0       0       0       0       0       0       0       0       0       0       0       0       0       0       0       0
Total ram usage:        0 bytes
 Hardware stack levels used:    1
 Hardware stack levels required when called:   11
 This function calls:
		_GLCD_GoTo
		_GLCD_WriteString
 This function is called by:
		_main
 This function uses a non-reentrant model


 *************** function _GLCD_WriteString *****************
 Defined at:
		line 70 in file "ks0108lib/KS0108.c"
 Parameters:    Size  Location     Type
  stringToWrit    2    5[BANK0 ] PTR unsigned char 
		 -> STR_7(10), STR_6(9), STR_5(10), STR_4(9), 
		 -> STR_3(11), STR_2(11), STR_1(8), 
 Auto vars:     Size  Location     Type
		None
 Return value:  Size  Location     Type
                  1    wreg      void 
 Registers used:
		wreg, status,2, status,0, tblptrl, tblptrh, tblptru, prodl, prodh, cstack
 Tracked objects:
		On entry : 
		On exit  : 
		Unchanged: 
 Data sizes:     COMRAM   BANK0   BANK1   BANK2   BANK3   BANK4   BANK5   BANK6   BANK7   BANK8   BANK9  BANK10  BANK11  BANK12  BANK13  BANK14
      Params:         0       2       0       0       0       0       0       0       0       0       0       0       0       0       0       0
      Locals:         0       0       0       0       0       0       0       0       0       0       0       0       0       0       0       0
      Temps:          0       0       0       0       0       0       0       0       0       0       0       0       0       0       0       0
      Totals:         0       2       0       0       0       0       0       0       0       0       0       0       0       0       0       0
Total ram usage:        2 bytes
 Hardware stack levels used:    1
 Hardware stack levels required when called:   10
 This function calls:
		_GLCD_WriteChar
 This function is called by:
		_Initialize_Menus
 This function uses a non-reentrant model


 *************** function _GLCD_WriteChar *****************
 Defined at:
		line 56 in file "ks0108lib/KS0108.c"
 Parameters:    Size  Location     Type
  charToWrite     1    wreg     unsigned char 
 Auto vars:     Size  Location     Type
  charToWrite     1    2[BANK0 ] unsigned char 
  i               2    3[BANK0 ] int 
 Return value:  Size  Location     Type
                  1    wreg      void 
 Registers used:
		wreg, status,2, status,0, tblptrl, tblptrh, tblptru, prodl, prodh, cstack
 Tracked objects:
		On entry : 
		On exit  : 
		Unchanged: 
 Data sizes:     COMRAM   BANK0   BANK1   BANK2   BANK3   BANK4   BANK5   BANK6   BANK7   BANK8   BANK9  BANK10  BANK11  BANK12  BANK13  BANK14
      Params:         0       0       0       0       0       0       0       0       0       0       0       0       0       0       0       0
      Locals:         0       3       0       0       0       0       0       0       0       0       0       0       0       0       0       0
      Temps:          0       0       0       0       0       0       0       0       0       0       0       0       0       0       0       0
      Totals:         0       3       0       0       0       0       0       0       0       0       0       0       0       0       0       0
Total ram usage:        3 bytes
 Hardware stack levels used:    1
 Hardware stack levels required when called:    9
 This function calls:
		_GLCD_WriteData
 This function is called by:
		_GLCD_WriteString
 This function uses a non-reentrant model


 *************** function _GLCD_Initalize *****************
 Defined at:
		line 15 in file "ks0108lib/KS0108.c"
 Parameters:    Size  Location     Type
		None
 Auto vars:     Size  Location     Type
  i               1    3[BANK0 ] unsigned char 
 Return value:  Size  Location     Type
                  1    wreg      void 
 Registers used:
		wreg, status,2, status,0, cstack
 Tracked objects:
		On entry : 
		On exit  : 
		Unchanged: 
 Data sizes:     COMRAM   BANK0   BANK1   BANK2   BANK3   BANK4   BANK5   BANK6   BANK7   BANK8   BANK9  BANK10  BANK11  BANK12  BANK13  BANK14
      Params:         0       0       0       0       0       0       0       0       0       0       0       0       0       0       0       0
      Locals:         0       1       0       0       0       0       0       0       0       0       0       0       0       0       0       0
      Temps:          0       0       0       0       0       0       0       0       0       0       0       0       0       0       0       0
      Totals:         0       1       0       0       0       0       0       0       0       0       0       0       0       0       0       0
Total ram usage:        1 bytes
 Hardware stack levels used:    1
 Hardware stack levels required when called:    9
 This function calls:
		_GLCD_InitializePorts
		_GLCD_WriteCommand
 This function is called by:
		_main
 This function uses a non-reentrant model


 *************** function _GLCD_InitializePorts *****************
 Defined at:
		line 31 in file "ks0108lib/KS0108-PIC18.c"
 Parameters:    Size  Location     Type
		None
 Auto vars:     Size  Location     Type
		None
 Return value:  Size  Location     Type
                  1    wreg      void 
 Registers used:
		wreg, status,2, status,0
 Tracked objects:
		On entry : 
		On exit  : 
		Unchanged: 
 Data sizes:     COMRAM   BANK0   BANK1   BANK2   BANK3   BANK4   BANK5   BANK6   BANK7   BANK8   BANK9  BANK10  BANK11  BANK12  BANK13  BANK14
      Params:         0       0       0       0       0       0       0       0       0       0       0       0       0       0       0       0
      Locals:         0       0       0       0       0       0       0       0       0       0       0       0       0       0       0       0
      Temps:          0       0       0       0       0       0       0       0       0       0       0       0       0       0       0       0
      Totals:         0       0       0       0       0       0       0       0       0       0       0       0       0       0       0       0
Total ram usage:        0 bytes
 Hardware stack levels used:    1
 Hardware stack levels required when called:    6
 This function calls:
		Nothing
 This function is called by:
		_GLCD_Initalize
 This function uses a non-reentrant model


 *************** function _GLCD_ClearScreen *****************
 Defined at:
		line 43 in file "ks0108lib/KS0108.c"
 Parameters:    Size  Location     Type
		None
 Auto vars:     Size  Location     Type
  j               1    7[BANK0 ] unsigned char 
  i               1    6[BANK0 ] unsigned char 
 Return value:  Size  Location     Type
                  1    wreg      void 
 Registers used:
		wreg, status,2, status,0, cstack
 Tracked objects:
		On entry : 
		On exit  : 
		Unchanged: 
[...]
		_TMR0_DefaultInterruptHandler
 This function is called by:
		_INTERRUPT_InterruptManager
 This function uses a non-reentrant model


 *************** function _TMR0_DefaultInterruptHandler *****************
 Defined at:
		line 158 in file "mcc_generated_files/tmr0.c"
 Parameters:    Size  Location     Type
		None
 Auto vars:     Size  Location     Type
		None
 Return value:  Size  Location     Type
                  1    wreg      void 
 Registers used:
		None
 Tracked objects:
		On entry : 
		On exit  : 
		Unchanged: 
 Data sizes:     COMRAM   BANK0   BANK1   BANK2   BANK3   BANK4   BANK5   BANK6   BANK7   BANK8   BANK9  BANK10  BANK11  BANK12  BANK13  BANK14
      Params:         0       0       0       0       0       0       0       0       0       0       0       0       0       0       0       0
      Locals:         0       0       0       0       0       0       0       0       0       0       0       0       0       0       0       0
      Temps:          0       0       0       0       0       0       0       0       0       0       0       0       0       0       0       0
      Totals:         0       0       0       0       0       0       0       0       0       0       0       0       0       0       0       0
Total ram usage:        0 bytes
 Hardware stack levels used:    1
 This function calls:
		Nothing
 This function is called by:
		_TMR0_Initialize
		_TMR0_ISR
 This function uses a non-reentrant model


 *************** function _PIN_MANAGER_IOC *****************
 Defined at:
		line 136 in file "mcc_generated_files/pin_manager.c"
 Parameters:    Size  Location     Type
		None
 Auto vars:     Size  Location     Type
  currentState    1   17[COMRAM] unsigned char 
  result          1   16[COMRAM] unsigned char 
 Return value:  Size  Location     Type
                  1    wreg      void 
 Registers used:
		wreg, status,2, status,0, tblptrl, tblptrh, tblptru, prodl, prodh, cstack
 Tracked objects:
		On entry : 
		On exit  : 
		Unchanged: 
 Data sizes:     COMRAM   BANK0   BANK1   BANK2   BANK3   BANK4   BANK5   BANK6   BANK7   BANK8   BANK9  BANK10  BANK11  BANK12  BANK13  BANK14
      Params:         0       0       0       0       0       0       0       0       0       0       0       0       0       0       0       0
      Locals:         2       0       0       0       0       0       0       0       0       0       0       0       0       0       0       0
      Temps:          2       0       0       0       0       0       0       0       0       0       0       0       0       0       0       0
      Totals:         4       0       0       0       0       0       0       0       0       0       0       0       0       0       0       0
Total ram usage:        4 bytes
 Hardware stack levels used:    1
 Hardware stack levels required when called:    4
 This function calls:
		i2_GLCD_GoTo
		i2_GLCD_WriteChar
 This function is called by:
		_INTERRUPT_InterruptManager
 This function uses a non-reentrant model


 *************** function i2_GLCD_WriteChar *****************
 Defined at:
		line 56 in file "ks0108lib/KS0108.c"
 Parameters:    Size  Location     Type
  charToWrite     1    wreg     unsigned char 
 Auto vars:     Size  Location     Type
  charToWrite     1   10[COMRAM] unsigned char 
  GLCD_WriteCh    2   11[COMRAM] int 
 Return value:  Size  Location     Type
                  1    wreg      void 
 Registers used:
		wreg, status,2, status,0, tblptrl, tblptrh, tblptru, prodl, prodh, cstack
 Tracked objects:
		On entry : 
		On exit  : 
		Unchanged: 
 Data sizes:     COMRAM   BANK0   BANK1   BANK2   BANK3   BANK4   BANK5   BANK6   BANK7   BANK8   BANK9  BANK10  BANK11  BANK12  BANK13  BANK14
      Params:         0       0       0       0       0       0       0       0       0       0       0       0       0       0       0       0
      Locals:         3       0       0       0       0       0       0       0       0       0       0       0       0       0       0       0
      Temps:          0       0       0       0       0       0       0       0       0       0       0       0       0       0       0       0
      Totals:         3       0       0       0       0       0       0       0       0       0       0       0       0       0       0       0
Total ram usage:        3 bytes
 Hardware stack levels used:    1
 Hardware stack levels required when called:    3
 This function calls:
		i2_GLCD_WriteData
 This function is called by:
		_PIN_MANAGER_IOC
 This function uses a non-reentrant model


 *************** function i2_GLCD_WriteData *****************
 Defined at:
		line 113 in file "ks0108lib/KS0108-PIC18.c"
 Parameters:    Size  Location     Type
  dataToWrite     1    wreg     unsigned char 
 Auto vars:     Size  Location     Type
  dataToWrite     1    9[COMRAM] unsigned char 
 Return value:  Size  Location     Type
                  1    wreg      void 
 Registers used:
		wreg, status,2, status,0, cstack
 Tracked objects:
		On entry : 
		On exit  : 
		Unchanged: 
 Data sizes:     COMRAM   BANK0   BANK1   BANK2   BANK3   BANK4   BANK5   BANK6   BANK7   BANK8   BANK9  BANK10  BANK11  BANK12  BANK13  BANK14
      Params:         0       0       0       0       0       0       0       0       0       0       0       0       0       0       0       0
      Locals:         1       0       0       0       0       0       0       0       0       0       0       0       0       0       0       0
      Temps:          1       0       0       0       0       0       0       0       0       0       0       0       0       0       0       0
      Totals:         2       0       0       0       0       0       0       0       0       0       0       0       0       0       0       0
Total ram usage:        2 bytes
 Hardware stack levels used:    1
 Hardware stack levels required when called:    2
 This function calls:
		i2_GLCD_Delay
		i2_GLCD_DisableController
		i2_GLCD_EnableController
		i2_GLCD_ReadStatus
		i2___awdiv
 This function is called by:
		i2_GLCD_WriteChar
 This function uses a non-reentrant model


 *************** function i2_GLCD_GoTo *****************
 Defined at:
		line 25 in file "ks0108lib/KS0108.c"
 Parameters:    Size  Location     Type
  x               1    wreg     unsigned char 
  y               1   11[COMRAM] unsigned char 
 Auto vars:     Size  Location     Type
  x               1   12[COMRAM] unsigned char 
  GLCD_GoTo       1   13[COMRAM] unsigned char 
 Return value:  Size  Location     Type
                  1    wreg      void 
 Registers used:
		wreg, status,2, status,0, cstack
 Tracked objects:
		On entry : 
		On exit  : 
		Unchanged: 
 Data sizes:     COMRAM   BANK0   BANK1   BANK2   BANK3   BANK4   BANK5   BANK6   BANK7   BANK8   BANK9  BANK10  BANK11  BANK12  BANK13  BANK14
      Params:         1       0       0       0       0       0       0       0       0       0       0       0       0       0       0       0
      Locals:         2       0       0       0       0       0       0       0       0       0       0       0       0       0       0       0
      Temps:          0       0       0       0       0       0       0       0       0       0       0       0       0       0       0       0
      Totals:         3       0       0       0       0       0       0       0       0       0       0       0       0       0       0       0
Total ram usage:        3 bytes
 Hardware stack levels used:    1
 Hardware stack levels required when called:    3
 This function calls:
		i2_GLCD_WriteCommand
		i2___awdiv
 This function is called by:
		_PIN_MANAGER_IOC
 This function uses a non-reentrant model


 *************** function i2___awdiv *****************
 Defined at:
		line 8 in file "C:\Program Files (x86)\Microchip\xc8\v1.45\sources\common\awdiv.c"
 Parameters:    Size  Location     Type
  dividend        2    0[COMRAM] int 
  divisor         2    2[COMRAM] int 
 Auto vars:     Size  Location     Type
  __awdiv         2    6[COMRAM] int 
  __awdiv         1    5[COMRAM] unsigned char 
  __awdiv         1    4[COMRAM] unsigned char 
 Return value:  Size  Location     Type
                  2    0[COMRAM] int 
 Registers used:
		wreg, status,2, status,0
 Tracked objects:
		On entry : 
		On exit  : 
		Unchanged: 
 Data sizes:     COMRAM   BANK0   BANK1   BANK2   BANK3   BANK4   BANK5   BANK6   BANK7   BANK8   BANK9  BANK10  BANK11  BANK12  BANK13  BANK14
      Params:         4       0       0       0       0       0       0       0       0       0       0       0       0       0       0       0
      Locals:         4       0       0       0       0       0       0       0       0       0       0       0       0       0       0       0
      Temps:          0       0       0       0       0       0       0       0       0       0       0       0       0       0       0       0
      Totals:         8       0       0       0       0       0       0       0       0       0       0       0       0       0       0       0
Total ram usage:        8 bytes
 Hardware stack levels used:    1
 This function calls:
		Nothing
 This function is called by:
		i2_GLCD_GoTo
		i2_GLCD_WriteData
 This function uses a non-reentrant model


 *************** function i2_GLCD_WriteCommand *****************
 Defined at:
		line 79 in file "ks0108lib/KS0108-PIC18.c"
 Parameters:    Size  Location     Type
  commandToWri    1    wreg     unsigned char 
  controller      1    8[COMRAM] unsigned char 
 Auto vars:     Size  Location     Type
  commandToWri    1   10[COMRAM] unsigned char 
 Return value:  Size  Location     Type
                  1    wreg      void 
 Registers used:
		wreg, status,2, status,0, cstack
 Tracked objects:
		On entry : 
		On exit  : 
		Unchanged: 
 Data sizes:     COMRAM   BANK0   BANK1   BANK2   BANK3   BANK4   BANK5   BANK6   BANK7   BANK8   BANK9  BANK10  BANK11  BANK12  BANK13  BANK14
      Params:         1       0       0       0       0       0       0       0       0       0       0       0       0       0       0       0
      Locals:         1       0       0       0       0       0       0       0       0       0       0       0       0       0       0       0
      Temps:          1       0       0       0       0       0       0       0       0       0       0       0       0       0       0       0
      Totals:         3       0       0       0       0       0       0       0       0       0       0       0       0       0       0       0
Total ram usage:        3 bytes
 Hardware stack levels used:    1
 Hardware stack levels required when called:    2
 This function calls:
		i2_GLCD_Delay
		i2_GLCD_DisableController
		i2_GLCD_EnableController
		i2_GLCD_ReadStatus
 This function is called by:
		i2_GLCD_GoTo
 This function uses a non-reentrant model


 *************** function i2_GLCD_ReadStatus *****************
 Defined at:
		line 62 in file "ks0108lib/KS0108-PIC18.c"
 Parameters:    Size  Location     Type
  controller      1    wreg     unsigned char 
 Auto vars:     Size  Location     Type
  controller      1    2[COMRAM] unsigned char 
  GLCD_ReadSta    1    1[COMRAM] unsigned char 
 Return value:  Size  Location     Type
                  1    wreg      unsigned char 
 Registers used:
		wreg, status,2, status,0, cstack
 Tracked objects:
		On entry : 
		On exit  : 
		Unchanged: 
 Data sizes:     COMRAM   BANK0   BANK1   BANK2   BANK3   BANK4   BANK5   BANK6   BANK7   BANK8   BANK9  BANK10  BANK11  BANK12  BANK13  BANK14
      Params:         0       0       0       0       0       0       0       0       0       0       0       0       0       0       0       0
      Locals:         2       0       0       0       0       0       0       0       0       0       0       0       0       0       0       0
      Temps:          0       0       0       0       0       0       0       0       0       0       0       0       0       0       0       0
      Totals:         2       0       0       0       0       0       0       0       0       0       0       0       0       0       0       0
Total ram usage:        2 bytes
 Hardware stack levels used:    1
 Hardware stack levels required when called:    1
 This function calls:
		i2_GLCD_Delay
		i2_GLCD_DisableController
		i2_GLCD_EnableController
 This function is called by:
		i2_GLCD_WriteCommand
		i2_GLCD_WriteData
 This function uses a non-reentrant model


 *************** function i2_GLCD_EnableController *****************
 Defined at:
		line 39 in file "ks0108lib/KS0108-PIC18.c"
 Parameters:    Size  Location     Type
  controller      1    wreg     unsigned char 
 Auto vars:     Size  Location     Type
  controller      1    0[COMRAM] unsigned char 
 Return value:  Size  Location     Type
                  1    wreg      void 
 Registers used:
		wreg, status,2, status,0
 Tracked objects:
		On entry : 
		On exit  : 
		Unchanged: 
 Data sizes:     COMRAM   BANK0   BANK1   BANK2   BANK3   BANK4   BANK5   BANK6   BANK7   BANK8   BANK9  BANK10  BANK11  BANK12  BANK13  BANK14
      Params:         0       0       0       0       0       0       0       0       0       0       0       0       0       0       0       0
      Locals:         1       0       0       0       0       0       0       0       0       0       0       0       0       0       0       0
      Temps:          0       0       0       0       0       0       0       0       0       0       0       0       0       0       0       0
      Totals:         1       0       0       0       0       0       0       0       0       0       0       0       0       0       0       0
Total ram usage:        1 bytes
 Hardware stack levels used:    1
 This function calls:
		Nothing
 This function is called by:
		i2_GLCD_ReadStatus
		i2_GLCD_WriteCommand
		i2_GLCD_WriteData
 This function uses a non-reentrant model


 *************** function i2_GLCD_DisableController *****************
 Defined at:
		line 50 in file "ks0108lib/KS0108-PIC18.c"
 Parameters:    Size  Location     Type
  controller      1    wreg     unsigned char 
 Auto vars:     Size  Location     Type
  controller      1    0[COMRAM] unsigned char 
 Return value:  Size  Location     Type
                  1    wreg      void 
 Registers used:
		wreg, status,2, status,0
 Tracked objects:
		On entry : 
		On exit  : 
		Unchanged: 
 Data sizes:     COMRAM   BANK0   BANK1   BANK2   BANK3   BANK4   BANK5   BANK6   BANK7   BANK8   BANK9  BANK10  BANK11  BANK12  BANK13  BANK14
      Params:         0       0       0       0       0       0       0       0       0       0       0       0       0       0       0       0
      Locals:         1       0       0       0       0       0       0       0       0       0       0       0       0       0       0       0
      Temps:          0       0       0       0       0       0       0       0       0       0       0       0       0       0       0       0
      Totals:         1       0       0       0       0       0       0       0       0       0       0       0       0       0       0       0
Total ram usage:        1 bytes
 Hardware stack levels used:    1
 This function calls:
		Nothing
 This function is called by:
		i2_GLCD_ReadStatus
		i2_GLCD_WriteCommand
		i2_GLCD_WriteData
 This function uses a non-reentrant model


 *************** function i2_GLCD_Delay *****************
 Defined at:
		line 24 in file "ks0108lib/KS0108-PIC18.c"
 Parameters:    Size  Location     Type
		None
 Auto vars:     Size  Location     Type
		None
 Return value:  Size  Location     Type
                  1    wreg      void 
 Registers used:
		None
 Tracked objects:
		On entry : 
		On exit  : 
		Unchanged: 
 Data sizes:     COMRAM   BANK0   BANK1   BANK2   BANK3   BANK4   BANK5   BANK6   BANK7   BANK8   BANK9  BANK10  BANK11  BANK12  BANK13  BANK14
      Params:         0       0       0       0       0       0       0       0       0       0       0       0       0       0       0       0
      Locals:         0       0       0       0       0       0       0       0       0       0       0       0       0       0       0       0
      Temps:          0       0       0       0       0       0       0       0       0       0       0       0       0       0       0       0
      Totals:         0       0       0       0       0       0       0       0       0       0       0       0       0       0       0       0
Total ram usage:        0 bytes
 Hardware stack levels used:    1
 This function calls:
		Nothing
 This function is called by:
		i2_GLCD_ReadStatus
		i2_GLCD_WriteCommand
		i2_GLCD_WriteData
 This function uses a non-reentrant model



MODULE INFORMATION

Module		Function		Class		Link	Load	Size
screen_controls.c
		_Clear_Arrow_Column		CODE           	04C6	0000	95
		_Initialize_Menus		CODE           	00B8	0000	185
		_Draw_Arrow    		CODE           	078A	0000	51
		_Clear_Submenu_Arrows		CODE           	09E4	0000	3
		_Draw_Submenu_Arrow		CODE           	09E2	0000	3

screen_controls.c estimated size: 337

ks0108lib/KS0108-PIC18.c
		_GLCD_WriteCommand		CODE           	06E8	0000	57
		_GLCD_WriteData		CODE           	03F2	0000	109
		_GLCD_Delay    		CODE           	09D6	0000	5
		_GLCD_DisableController		CODE           	086A	0000	39
		_GLCD_EnableController		CODE           	0844	0000	39
		_GLCD_ReadStatus		CODE           	08DC	0000	37
		_GLCD_InitializePorts		CODE           	09C0	0000	11

ks0108lib/KS0108-PIC18.c estimated size: 297

ks0108lib/KS0108.c
		_GLCD_ClearScreen		CODE           	0720	0000	55
		_GLCD_WriteString		CODE           	07BC	0000	49
		_GLCD_WriteChar		CODE           	0524	0000	89
		_GLCD_GoTo     		CODE           	0170	0000	135
		_GLCD_Initalize		CODE           	0924	0000	35

ks0108lib/KS0108.c estimated size: 363

mcc_generated_files/tmr4.c
		_TMR4_Initialize		CODE           	097C	0000	21
		_TMR4_StartTimer		CODE           	09CA	0000	5

mcc_generated_files/tmr4.c estimated size: 26

mcc_generated_files/interrupt_manager.c
		_INTERRUPT_Initialize		CODE           	09D2	0000	5
		_INTERRUPT_InterruptManager		CODE           	0008	0000	173

mcc_generated_files/interrupt_manager.c estimated size: 178

mcc_generated_files/tmr0.c
		_TMR0_SetInterruptHandler		CODE           	09A2	0000	11
		_TMR0_DefaultInterruptHandler		CODE           	09E6	0000	3
		_TMR0_StartTimer		CODE           	09CE	0000	5
		_TMR0_ISR      		CODE           	081C	0000	41
		_TMR0_Initialize		CODE           	06B0	0000	57

mcc_generated_files/tmr0.c estimated size: 117

mcc_generated_files/pin_manager.c
		_PIN_MANAGER_Initialize		CODE           	057C	0000	85
		_PIN_MANAGER_IOC		CODE           	02FE	0000	123
		_IOCB4_SetInterruptHandler		CODE           	09B6	0000	11
		_IOCB5_SetInterruptHandler		CODE           	09AC	0000	11

mcc_generated_files/pin_manager.c estimated size: 230

shared
		i2_GLCD_ReadStatus		CODE           	0900	0000	37
		_font5x8       		MEDIUMCONST    	FDD9	0000	481
		i2_GLCD_EnableController		CODE           	0890	0000	39
		_color         		MEDIUMCONST    	FFB9	0000	2
		i2___awdiv     		CODE           	027A	0000	133
		i2_GLCD_WriteCommand		CODE           	07EC	0000	49
		__initialization		CODE           	0756	0000	43
		i2_GLCD_GoTo   		CODE           	0378	0000	123
		i2_GLCD_Delay  		CODE           	09DA	0000	5
		i2_GLCD_WriteData		CODE           	045E	0000	105
		i2_GLCD_WriteChar		CODE           	0622	0000	83
		i2_GLCD_DisableController		CODE           	08B6	0000	39

shared estimated size: 1139

mcc_generated_files/mcc.c
		_OSCILLATOR_Initialize		CODE           	0990	0000	19
		_SYSTEM_Initialize		CODE           	0962	0000	27

mcc_generated_files/mcc.c estimated size: 46

mcc_generated_files/epwm1.c
		_EPWM1_Initialize		CODE           	0946	0000	29

mcc_generated_files/epwm1.c estimated size: 29

C:\Program Files (x86)\Microchip\xc8\v1.45\sources\common\awdiv.c
		___awdiv       		CODE           	01F6	0000	133

C:\Program Files (x86)\Microchip\xc8\v1.45\sources\common\awdiv.c estimated size: 133

main.c
		_main          		CODE           	0674	0000	61
		_Check_Buttons 		CODE           	05D0	0000	83

main.c estimated size: 144

